Archive member included to satisfy reference by file (symbol)

/home/j/Dokumente/GitHub/FreetimeOS/lfs/build-glibc/elf/rtld-libc.a(rtld-check_fds.os)
                              /home/j/Dokumente/GitHub/FreetimeOS/lfs/build-glibc/elf/dl-allobjs.os (__libc_check_standard_fds)
/home/j/Dokumente/GitHub/FreetimeOS/lfs/build-glibc/elf/rtld-libc.a(rtld-errno.os)
                              /home/j/Dokumente/GitHub/FreetimeOS/lfs/build-glibc/elf/dl-allobjs.os (rtld_errno)
/home/j/Dokumente/GitHub/FreetimeOS/lfs/build-glibc/elf/rtld-libc.a(rtld-closedir.os)
                              /home/j/Dokumente/GitHub/FreetimeOS/lfs/build-glibc/elf/dl-allobjs.os (__closedir)
/home/j/Dokumente/GitHub/FreetimeOS/lfs/build-glibc/elf/rtld-libc.a(rtld-rewinddir.os)
                              /home/j/Dokumente/GitHub/FreetimeOS/lfs/build-glibc/elf/dl-allobjs.os (__rewinddir)
/home/j/Dokumente/GitHub/FreetimeOS/lfs/build-glibc/elf/rtld-libc.a(rtld-readdir64.os)
                              /home/j/Dokumente/GitHub/FreetimeOS/lfs/build-glibc/elf/dl-allobjs.os (__readdir64)
/home/j/Dokumente/GitHub/FreetimeOS/lfs/build-glibc/elf/rtld-libc.a(rtld-fdopendir.os)
                              /home/j/Dokumente/GitHub/FreetimeOS/lfs/build-glibc/elf/dl-allobjs.os (__fdopendir)
/home/j/Dokumente/GitHub/FreetimeOS/lfs/build-glibc/elf/rtld-libc.a(rtld-getdents64.os)
                              /home/j/Dokumente/GitHub/FreetimeOS/lfs/build-glibc/elf/rtld-libc.a(rtld-readdir64.os) (__getdents64)
/home/j/Dokumente/GitHub/FreetimeOS/lfs/build-glibc/elf/rtld-libc.a(rtld-dl-addr-obj.os)
                              /home/j/Dokumente/GitHub/FreetimeOS/lfs/build-glibc/elf/dl-allobjs.os (_dl_addr_inside_object)
/home/j/Dokumente/GitHub/FreetimeOS/lfs/build-glibc/elf/rtld-libc.a(rtld-profil.os)
                              /home/j/Dokumente/GitHub/FreetimeOS/lfs/build-glibc/elf/dl-allobjs.os (__profil)
/home/j/Dokumente/GitHub/FreetimeOS/lfs/build-glibc/elf/rtld-libc.a(rtld-prof-freq.os)
                              /home/j/Dokumente/GitHub/FreetimeOS/lfs/build-glibc/elf/dl-allobjs.os (__profile_frequency)
/home/j/Dokumente/GitHub/FreetimeOS/lfs/build-glibc/elf/rtld-libc.a(rtld-access.os)
                              /home/j/Dokumente/GitHub/FreetimeOS/lfs/build-glibc/elf/dl-allobjs.os (__access)
/home/j/Dokumente/GitHub/FreetimeOS/lfs/build-glibc/elf/rtld-libc.a(rtld-fstat64.os)
                              /home/j/Dokumente/GitHub/FreetimeOS/lfs/build-glibc/elf/dl-allobjs.os (__GI___fstat64)
/home/j/Dokumente/GitHub/FreetimeOS/lfs/build-glibc/elf/rtld-libc.a(rtld-fstatat64.os)
                              /home/j/Dokumente/GitHub/FreetimeOS/lfs/build-glibc/elf/dl-allobjs.os (__GI___fstatat64)
/home/j/Dokumente/GitHub/FreetimeOS/lfs/build-glibc/elf/rtld-libc.a(rtld-lseek64.os)
                              /home/j/Dokumente/GitHub/FreetimeOS/lfs/build-glibc/elf/dl-allobjs.os (__lseek)
/home/j/Dokumente/GitHub/FreetimeOS/lfs/build-glibc/elf/rtld-libc.a(rtld-lstat64.os)
                              /home/j/Dokumente/GitHub/FreetimeOS/lfs/build-glibc/elf/dl-allobjs.os (__GI___lstat64)
/home/j/Dokumente/GitHub/FreetimeOS/lfs/build-glibc/elf/rtld-libc.a(rtld-openat64.os)
                              /home/j/Dokumente/GitHub/FreetimeOS/lfs/build-glibc/elf/dl-allobjs.os (__openat64)
/home/j/Dokumente/GitHub/FreetimeOS/lfs/build-glibc/elf/rtld-libc.a(rtld-stat64.os)
                              /home/j/Dokumente/GitHub/FreetimeOS/lfs/build-glibc/elf/dl-allobjs.os (__GI___stat64)
/home/j/Dokumente/GitHub/FreetimeOS/lfs/build-glibc/elf/rtld-libc.a(rtld-close_nocancel.os)
                              /home/j/Dokumente/GitHub/FreetimeOS/lfs/build-glibc/elf/dl-allobjs.os (__GI___close_nocancel)
/home/j/Dokumente/GitHub/FreetimeOS/lfs/build-glibc/elf/rtld-libc.a(rtld-fcntl_nocancel.os)
                              /home/j/Dokumente/GitHub/FreetimeOS/lfs/build-glibc/elf/dl-allobjs.os (__GI___fcntl64_nocancel)
/home/j/Dokumente/GitHub/FreetimeOS/lfs/build-glibc/elf/rtld-libc.a(rtld-open64_nocancel.os)
                              /home/j/Dokumente/GitHub/FreetimeOS/lfs/build-glibc/elf/dl-allobjs.os (__GI___open64_nocancel)
/home/j/Dokumente/GitHub/FreetimeOS/lfs/build-glibc/elf/rtld-libc.a(rtld-pread64_nocancel.os)
                              /home/j/Dokumente/GitHub/FreetimeOS/lfs/build-glibc/elf/dl-allobjs.os (__GI___pread64_nocancel)
/home/j/Dokumente/GitHub/FreetimeOS/lfs/build-glibc/elf/rtld-libc.a(rtld-read_nocancel.os)
                              /home/j/Dokumente/GitHub/FreetimeOS/lfs/build-glibc/elf/dl-allobjs.os (__GI___read_nocancel)
/home/j/Dokumente/GitHub/FreetimeOS/lfs/build-glibc/elf/rtld-libc.a(rtld-write_nocancel.os)
                              /home/j/Dokumente/GitHub/FreetimeOS/lfs/build-glibc/elf/dl-allobjs.os (__GI___write_nocancel)
/home/j/Dokumente/GitHub/FreetimeOS/lfs/build-glibc/elf/rtld-libc.a(rtld-scratch_buffer_set_array_size.os)
                              /home/j/Dokumente/GitHub/FreetimeOS/lfs/build-glibc/elf/dl-allobjs.os (__libc_scratch_buffer_set_array_size)
/home/j/Dokumente/GitHub/FreetimeOS/lfs/build-glibc/elf/rtld-libc.a(rtld-mmap64.os)
                              /home/j/Dokumente/GitHub/FreetimeOS/lfs/build-glibc/elf/dl-allobjs.os (__mmap)
/home/j/Dokumente/GitHub/FreetimeOS/lfs/build-glibc/elf/rtld-libc.a(rtld-mprotect.os)
                              /home/j/Dokumente/GitHub/FreetimeOS/lfs/build-glibc/elf/dl-allobjs.os (__mprotect)
/home/j/Dokumente/GitHub/FreetimeOS/lfs/build-glibc/elf/rtld-libc.a(rtld-munmap.os)
                              /home/j/Dokumente/GitHub/FreetimeOS/lfs/build-glibc/elf/dl-allobjs.os (__munmap)
/home/j/Dokumente/GitHub/FreetimeOS/lfs/build-glibc/elf/rtld-libc.a(rtld-setvmaname.os)
                              /home/j/Dokumente/GitHub/FreetimeOS/lfs/build-glibc/elf/dl-allobjs.os (__set_vma_name)
/home/j/Dokumente/GitHub/FreetimeOS/lfs/build-glibc/elf/rtld-libc.a(rtld-lowlevellock.os)
                              /home/j/Dokumente/GitHub/FreetimeOS/lfs/build-glibc/elf/dl-allobjs.os (__lll_lock_wait_private)
/home/j/Dokumente/GitHub/FreetimeOS/lfs/build-glibc/elf/rtld-libc.a(rtld-_exit.os)
                              /home/j/Dokumente/GitHub/FreetimeOS/lfs/build-glibc/elf/dl-allobjs.os (__GI__exit)
/home/j/Dokumente/GitHub/FreetimeOS/lfs/build-glibc/elf/rtld-libc.a(rtld-getpid.os)
                              /home/j/Dokumente/GitHub/FreetimeOS/lfs/build-glibc/elf/dl-allobjs.os (__getpid)
/home/j/Dokumente/GitHub/FreetimeOS/lfs/build-glibc/elf/rtld-libc.a(rtld-uname.os)
                              /home/j/Dokumente/GitHub/FreetimeOS/lfs/build-glibc/elf/dl-allobjs.os (__uname)
/home/j/Dokumente/GitHub/FreetimeOS/lfs/build-glibc/elf/rtld-libc.a(rtld-environ.os)
                              /home/j/Dokumente/GitHub/FreetimeOS/lfs/build-glibc/elf/dl-allobjs.os (__environ)
/home/j/Dokumente/GitHub/FreetimeOS/lfs/build-glibc/elf/rtld-libc.a(rtld-setjmp.os)
                              /home/j/Dokumente/GitHub/FreetimeOS/lfs/build-glibc/elf/dl-allobjs.os (__sigsetjmp)
/home/j/Dokumente/GitHub/FreetimeOS/lfs/build-glibc/elf/rtld-libc.a(rtld-__longjmp.os)
                              /home/j/Dokumente/GitHub/FreetimeOS/lfs/build-glibc/elf/dl-allobjs.os (__longjmp)
/home/j/Dokumente/GitHub/FreetimeOS/lfs/build-glibc/elf/rtld-libc.a(rtld-sigaction.os)
                              /home/j/Dokumente/GitHub/FreetimeOS/lfs/build-glibc/elf/rtld-libc.a(rtld-profil.os) (__sigaction)
/home/j/Dokumente/GitHub/FreetimeOS/lfs/build-glibc/elf/rtld-libc.a(rtld-libc_sigaction.os)
                              /home/j/Dokumente/GitHub/FreetimeOS/lfs/build-glibc/elf/rtld-libc.a(rtld-sigaction.os) (__libc_sigaction)
/home/j/Dokumente/GitHub/FreetimeOS/lfs/build-glibc/elf/rtld-libc.a(rtld-memchr.os)
                              /home/j/Dokumente/GitHub/FreetimeOS/lfs/build-glibc/elf/dl-allobjs.os (memchr)
/home/j/Dokumente/GitHub/FreetimeOS/lfs/build-glibc/elf/rtld-libc.a(rtld-memcmp.os)
                              /home/j/Dokumente/GitHub/FreetimeOS/lfs/build-glibc/elf/dl-allobjs.os (memcmp)
/home/j/Dokumente/GitHub/FreetimeOS/lfs/build-glibc/elf/rtld-libc.a(rtld-memmove.os)
                              /home/j/Dokumente/GitHub/FreetimeOS/lfs/build-glibc/elf/dl-allobjs.os (__mempcpy)
/home/j/Dokumente/GitHub/FreetimeOS/lfs/build-glibc/elf/rtld-libc.a(rtld-memset.os)
                              /home/j/Dokumente/GitHub/FreetimeOS/lfs/build-glibc/elf/dl-allobjs.os (memset)
/home/j/Dokumente/GitHub/FreetimeOS/lfs/build-glibc/elf/rtld-libc.a(rtld-stpcpy.os)
                              /home/j/Dokumente/GitHub/FreetimeOS/lfs/build-glibc/elf/dl-allobjs.os (__stpcpy)
/home/j/Dokumente/GitHub/FreetimeOS/lfs/build-glibc/elf/rtld-libc.a(rtld-strchr.os)
                              /home/j/Dokumente/GitHub/FreetimeOS/lfs/build-glibc/elf/dl-allobjs.os (strchr)
/home/j/Dokumente/GitHub/FreetimeOS/lfs/build-glibc/elf/rtld-libc.a(rtld-strcmp.os)
                              /home/j/Dokumente/GitHub/FreetimeOS/lfs/build-glibc/elf/dl-allobjs.os (strcmp)
/home/j/Dokumente/GitHub/FreetimeOS/lfs/build-glibc/elf/rtld-libc.a(rtld-strcspn.os)
                              /home/j/Dokumente/GitHub/FreetimeOS/lfs/build-glibc/elf/dl-allobjs.os (strcspn)
/home/j/Dokumente/GitHub/FreetimeOS/lfs/build-glibc/elf/rtld-libc.a(rtld-strdup.os)
                              /home/j/Dokumente/GitHub/FreetimeOS/lfs/build-glibc/elf/dl-allobjs.os (__strdup)
/home/j/Dokumente/GitHub/FreetimeOS/lfs/build-glibc/elf/rtld-libc.a(rtld-strerrorname_np.os)
                              /home/j/Dokumente/GitHub/FreetimeOS/lfs/build-glibc/elf/dl-allobjs.os (strerrorname_np)
/home/j/Dokumente/GitHub/FreetimeOS/lfs/build-glibc/elf/rtld-libc.a(rtld-strlen.os)
                              /home/j/Dokumente/GitHub/FreetimeOS/lfs/build-glibc/elf/dl-allobjs.os (strlen)
/home/j/Dokumente/GitHub/FreetimeOS/lfs/build-glibc/elf/rtld-libc.a(rtld-strncmp.os)
                              /home/j/Dokumente/GitHub/FreetimeOS/lfs/build-glibc/elf/dl-allobjs.os (strncmp)
/home/j/Dokumente/GitHub/FreetimeOS/lfs/build-glibc/elf/rtld-libc.a(rtld-strnlen.os)
                              /home/j/Dokumente/GitHub/FreetimeOS/lfs/build-glibc/elf/dl-allobjs.os (strnlen)
/home/j/Dokumente/GitHub/FreetimeOS/lfs/build-glibc/elf/rtld-libc.a(rtld-strchrnul.os)
                              /home/j/Dokumente/GitHub/FreetimeOS/lfs/build-glibc/elf/rtld-libc.a(rtld-strcspn.os) (__strchrnul)
/home/j/Dokumente/GitHub/FreetimeOS/lfs/build-glibc/elf/rtld-libc.a(rtld-setitimer.os)
                              /home/j/Dokumente/GitHub/FreetimeOS/lfs/build-glibc/elf/rtld-libc.a(rtld-profil.os) (__setitimer)
/home/j/Dokumente/GitHub/FreetimeOS/lfs/build-glibc/elf/rtld-libc.a(rtld-errname.os)
                              /home/j/Dokumente/GitHub/FreetimeOS/lfs/build-glibc/elf/rtld-libc.a(rtld-strerrorname_np.os) (__get_errname)

Merging program properties


Discarded input sections

 .note.gnu.property
                0x0000000000000000       0x20 /home/j/Dokumente/GitHub/FreetimeOS/lfs/build-glibc/elf/rtld-libc.a(rtld-check_fds.os)
 .note.gnu.property
                0x0000000000000000       0x20 /home/j/Dokumente/GitHub/FreetimeOS/lfs/build-glibc/elf/rtld-libc.a(rtld-errno.os)
 .note.gnu.property
                0x0000000000000000       0x20 /home/j/Dokumente/GitHub/FreetimeOS/lfs/build-glibc/elf/rtld-libc.a(rtld-closedir.os)
 .note.gnu.property
                0x0000000000000000       0x20 /home/j/Dokumente/GitHub/FreetimeOS/lfs/build-glibc/elf/rtld-libc.a(rtld-rewinddir.os)
 .note.gnu.property
                0x0000000000000000       0x20 /home/j/Dokumente/GitHub/FreetimeOS/lfs/build-glibc/elf/rtld-libc.a(rtld-readdir64.os)
 .note.gnu.property
                0x0000000000000000       0x20 /home/j/Dokumente/GitHub/FreetimeOS/lfs/build-glibc/elf/rtld-libc.a(rtld-fdopendir.os)
 .note.gnu.property
                0x0000000000000000       0x20 /home/j/Dokumente/GitHub/FreetimeOS/lfs/build-glibc/elf/rtld-libc.a(rtld-getdents64.os)
 .note.gnu.property
                0x0000000000000000       0x20 /home/j/Dokumente/GitHub/FreetimeOS/lfs/build-glibc/elf/rtld-libc.a(rtld-dl-addr-obj.os)
 .note.gnu.property
                0x0000000000000000       0x20 /home/j/Dokumente/GitHub/FreetimeOS/lfs/build-glibc/elf/rtld-libc.a(rtld-profil.os)
 .note.gnu.property
                0x0000000000000000       0x20 /home/j/Dokumente/GitHub/FreetimeOS/lfs/build-glibc/elf/rtld-libc.a(rtld-prof-freq.os)
 .note.gnu.property
                0x0000000000000000       0x20 /home/j/Dokumente/GitHub/FreetimeOS/lfs/build-glibc/elf/rtld-libc.a(rtld-access.os)
 .note.gnu.property
                0x0000000000000000       0x20 /home/j/Dokumente/GitHub/FreetimeOS/lfs/build-glibc/elf/rtld-libc.a(rtld-fstat64.os)
 .note.gnu.property
                0x0000000000000000       0x20 /home/j/Dokumente/GitHub/FreetimeOS/lfs/build-glibc/elf/rtld-libc.a(rtld-fstatat64.os)
 .note.gnu.property
                0x0000000000000000       0x20 /home/j/Dokumente/GitHub/FreetimeOS/lfs/build-glibc/elf/rtld-libc.a(rtld-lseek64.os)
 .note.gnu.property
                0x0000000000000000       0x20 /home/j/Dokumente/GitHub/FreetimeOS/lfs/build-glibc/elf/rtld-libc.a(rtld-lstat64.os)
 .note.gnu.property
                0x0000000000000000       0x20 /home/j/Dokumente/GitHub/FreetimeOS/lfs/build-glibc/elf/rtld-libc.a(rtld-openat64.os)
 .note.gnu.property
                0x0000000000000000       0x20 /home/j/Dokumente/GitHub/FreetimeOS/lfs/build-glibc/elf/rtld-libc.a(rtld-stat64.os)
 .note.gnu.property
                0x0000000000000000       0x20 /home/j/Dokumente/GitHub/FreetimeOS/lfs/build-glibc/elf/rtld-libc.a(rtld-close_nocancel.os)
 .note.gnu.property
                0x0000000000000000       0x20 /home/j/Dokumente/GitHub/FreetimeOS/lfs/build-glibc/elf/rtld-libc.a(rtld-fcntl_nocancel.os)
 .note.gnu.property
                0x0000000000000000       0x20 /home/j/Dokumente/GitHub/FreetimeOS/lfs/build-glibc/elf/rtld-libc.a(rtld-open64_nocancel.os)
 .note.gnu.property
                0x0000000000000000       0x20 /home/j/Dokumente/GitHub/FreetimeOS/lfs/build-glibc/elf/rtld-libc.a(rtld-pread64_nocancel.os)
 .note.gnu.property
                0x0000000000000000       0x20 /home/j/Dokumente/GitHub/FreetimeOS/lfs/build-glibc/elf/rtld-libc.a(rtld-read_nocancel.os)
 .note.gnu.property
                0x0000000000000000       0x20 /home/j/Dokumente/GitHub/FreetimeOS/lfs/build-glibc/elf/rtld-libc.a(rtld-write_nocancel.os)
 .note.gnu.property
                0x0000000000000000       0x20 /home/j/Dokumente/GitHub/FreetimeOS/lfs/build-glibc/elf/rtld-libc.a(rtld-scratch_buffer_set_array_size.os)
 .note.gnu.property
                0x0000000000000000       0x20 /home/j/Dokumente/GitHub/FreetimeOS/lfs/build-glibc/elf/rtld-libc.a(rtld-mmap64.os)
 .note.gnu.property
                0x0000000000000000       0x20 /home/j/Dokumente/GitHub/FreetimeOS/lfs/build-glibc/elf/rtld-libc.a(rtld-mprotect.os)
 .note.gnu.property
                0x0000000000000000       0x20 /home/j/Dokumente/GitHub/FreetimeOS/lfs/build-glibc/elf/rtld-libc.a(rtld-munmap.os)
 .note.gnu.property
                0x0000000000000000       0x20 /home/j/Dokumente/GitHub/FreetimeOS/lfs/build-glibc/elf/rtld-libc.a(rtld-setvmaname.os)
 .note.gnu.property
                0x0000000000000000       0x20 /home/j/Dokumente/GitHub/FreetimeOS/lfs/build-glibc/elf/rtld-libc.a(rtld-lowlevellock.os)
 .note.gnu.property
                0x0000000000000000       0x20 /home/j/Dokumente/GitHub/FreetimeOS/lfs/build-glibc/elf/rtld-libc.a(rtld-_exit.os)
 .note.gnu.property
                0x0000000000000000       0x20 /home/j/Dokumente/GitHub/FreetimeOS/lfs/build-glibc/elf/rtld-libc.a(rtld-getpid.os)
 .note.gnu.property
                0x0000000000000000       0x20 /home/j/Dokumente/GitHub/FreetimeOS/lfs/build-glibc/elf/rtld-libc.a(rtld-uname.os)
 .note.gnu.property
                0x0000000000000000       0x20 /home/j/Dokumente/GitHub/FreetimeOS/lfs/build-glibc/elf/rtld-libc.a(rtld-environ.os)
 .note.gnu.property
                0x0000000000000000       0x20 /home/j/Dokumente/GitHub/FreetimeOS/lfs/build-glibc/elf/rtld-libc.a(rtld-setjmp.os)
 .note.gnu.property
                0x0000000000000000       0x20 /home/j/Dokumente/GitHub/FreetimeOS/lfs/build-glibc/elf/rtld-libc.a(rtld-__longjmp.os)
 .note.gnu.property
                0x0000000000000000       0x20 /home/j/Dokumente/GitHub/FreetimeOS/lfs/build-glibc/elf/rtld-libc.a(rtld-sigaction.os)
 .note.gnu.property
                0x0000000000000000       0x20 /home/j/Dokumente/GitHub/FreetimeOS/lfs/build-glibc/elf/rtld-libc.a(rtld-libc_sigaction.os)
 .note.gnu.property
                0x0000000000000000       0x20 /home/j/Dokumente/GitHub/FreetimeOS/lfs/build-glibc/elf/rtld-libc.a(rtld-memchr.os)
 .note.gnu.property
                0x0000000000000000       0x20 /home/j/Dokumente/GitHub/FreetimeOS/lfs/build-glibc/elf/rtld-libc.a(rtld-memcmp.os)
 .note.gnu.property
                0x0000000000000000       0x20 /home/j/Dokumente/GitHub/FreetimeOS/lfs/build-glibc/elf/rtld-libc.a(rtld-memmove.os)
 .note.gnu.property
                0x0000000000000000       0x20 /home/j/Dokumente/GitHub/FreetimeOS/lfs/build-glibc/elf/rtld-libc.a(rtld-memset.os)
 .note.gnu.property
                0x0000000000000000       0x20 /home/j/Dokumente/GitHub/FreetimeOS/lfs/build-glibc/elf/rtld-libc.a(rtld-stpcpy.os)
 .note.gnu.property
                0x0000000000000000       0x20 /home/j/Dokumente/GitHub/FreetimeOS/lfs/build-glibc/elf/rtld-libc.a(rtld-strchr.os)
 .note.gnu.property
                0x0000000000000000       0x20 /home/j/Dokumente/GitHub/FreetimeOS/lfs/build-glibc/elf/rtld-libc.a(rtld-strcmp.os)
 .note.gnu.property
                0x0000000000000000       0x20 /home/j/Dokumente/GitHub/FreetimeOS/lfs/build-glibc/elf/rtld-libc.a(rtld-strcspn.os)
 .note.gnu.property
                0x0000000000000000       0x20 /home/j/Dokumente/GitHub/FreetimeOS/lfs/build-glibc/elf/rtld-libc.a(rtld-strdup.os)
 .note.gnu.property
                0x0000000000000000       0x20 /home/j/Dokumente/GitHub/FreetimeOS/lfs/build-glibc/elf/rtld-libc.a(rtld-strerrorname_np.os)
 .note.gnu.property
                0x0000000000000000       0x20 /home/j/Dokumente/GitHub/FreetimeOS/lfs/build-glibc/elf/rtld-libc.a(rtld-strlen.os)
 .note.gnu.property
                0x0000000000000000       0x20 /home/j/Dokumente/GitHub/FreetimeOS/lfs/build-glibc/elf/rtld-libc.a(rtld-strncmp.os)
 .note.gnu.property
                0x0000000000000000       0x20 /home/j/Dokumente/GitHub/FreetimeOS/lfs/build-glibc/elf/rtld-libc.a(rtld-strnlen.os)
 .note.gnu.property
                0x0000000000000000       0x20 /home/j/Dokumente/GitHub/FreetimeOS/lfs/build-glibc/elf/rtld-libc.a(rtld-strchrnul.os)
 .note.gnu.property
                0x0000000000000000       0x20 /home/j/Dokumente/GitHub/FreetimeOS/lfs/build-glibc/elf/rtld-libc.a(rtld-setitimer.os)
 .note.gnu.property
                0x0000000000000000       0x20 /home/j/Dokumente/GitHub/FreetimeOS/lfs/build-glibc/elf/rtld-libc.a(rtld-errname.os)

Speicherkonfiguration

Name             Ursprung           Länge             Attribute
*default*        0x0000000000000000 0xffffffffffffffff

Linker script and memory map

START GROUP
LOAD /home/j/Dokumente/GitHub/FreetimeOS/lfs/build-glibc/elf/dl-allobjs.os
LOAD /home/j/Dokumente/GitHub/FreetimeOS/lfs/build-glibc/elf/rtld-libc.a
LOAD /usr/lib/gcc/x86_64-linux-gnu/13/libgcc.a
END GROUP

.interp
 *(.interp)

.note.gnu.property
                0x0000000000000000       0x20
 .note.gnu.property
                0x0000000000000000       0x20 /home/j/Dokumente/GitHub/FreetimeOS/lfs/build-glibc/elf/dl-allobjs.os

.note.gnu.build-id
 *(.note.gnu.build-id)

.hash
 *(.hash)

.gnu.hash
 *(.gnu.hash)

.dynsym
 *(.dynsym)

.dynstr
 *(.dynstr)

.gnu.version
 *(.gnu.version)

.gnu.version_d
 *(.gnu.version_d)

.gnu.version_r
 *(.gnu.version_r)

.rela.init
 *(.rela.init)

.rela.text
 *(.rela.text)

.rela.fini
 *(.rela.fini)

.rela.rodata
 *(.rela.rodata)

.rela.data.rel.ro
 *(.rela.data.rel.ro)

.rela.data
 *(.rela.data)

.rela.tdata
 *(.rela.tdata)

.rela.tbss
 *(.rela.tbss)

.rela.ctors
 *(.rela.ctors)

.rela.dtors
 *(.rela.dtors)

.rela.got
 *(.rela.got)

.rela.bss
 *(.rela.bss)

.rela.ldata
 *(.rela.ldata)

.rela.lbss
 *(.rela.lbss)

.rela.lrodata
 *(.rela.lrodata)

.rela.ifunc
 *(.rela.ifunc)

.rela.plt
 *(.rela.plt)

.relr.dyn
 *(.relr.dyn)

.init
 *(SORT_NONE(.init))

.plt
 *(.plt)

.plt.got
 *(.plt.got)

.plt.sec
 *(.plt.sec)

.text           0x0000000000000000    0x25a53
 *(.text .stub)
 .text          0x0000000000000000    0x20554 /home/j/Dokumente/GitHub/FreetimeOS/lfs/build-glibc/elf/dl-allobjs.os
                0x0000000000000000                _dl_call_libc_early_init
                0x0000000000000090                _dl_call_fini
                0x00000000000001e0                _dl_signal_exception
                0x00000000000001e0                __GI__dl_signal_exception
                0x0000000000000240                __GI__dl_signal_error
                0x0000000000000240                _dl_signal_error
                0x00000000000002b0                _dl_signal_cexception
                0x0000000000000340                _dl_signal_cerror
                0x00000000000003c0                _dl_receive_error
                0x0000000000000460                _dl_catch_exception
                0x0000000000000460                __GI__dl_catch_exception
                0x00000000000005e0                _dl_catch_error
                0x0000000000000740                _dl_close_worker
                0x00000000000015f0                _dl_close
                0x0000000000001660                _dl_debug_state
                0x0000000000001660                __GI__dl_debug_state
                0x0000000000001670                _dl_debug_update
                0x00000000000016c0                _dl_debug_initialize
                0x0000000000001870                _dl_map_object_deps
                0x0000000000002890                _dl_error_free
                0x00000000000028c0                _dl_exception_create
                0x00000000000028c0                __GI__dl_exception_create
                0x0000000000002990                __GI__dl_exception_create_format
                0x0000000000002990                _dl_exception_create_format
                0x0000000000002e00                _dl_exception_free
                0x0000000000002e00                __GI__dl_exception_free
                0x0000000000002e30                _dl_make_stacks_executable
                0x0000000000002fa0                __GI___nptl_change_stack_perm
                0x0000000000002fa0                __nptl_change_stack_perm
                0x00000000000031e0                __GI__dl_find_object
                0x00000000000031e0                _dl_find_object
                0x0000000000003520                _dlfo_sort_mappings
                0x00000000000035d0                _dl_find_object_init
                0x0000000000003780                _dl_find_object_update
                0x0000000000003c80                _dl_find_object_dlclose
                0x0000000000003d50                _dl_find_object_freeres
                0x0000000000003dc0                _dl_fini
                0x00000000000041d0                _dl_init
                0x0000000000005250                _dl_dst_count
                0x0000000000005300                _dl_dst_substitute
                0x0000000000005a80                _dl_init_paths
                0x0000000000005e90                _dl_process_pt_gnu_property
                0x0000000000007930                _dl_map_object
                0x0000000000008420                _dl_rtld_di_serinfo
                0x0000000000009410                _dl_lookup_symbol_x
                0x0000000000009fb0                _dl_lookup_direct
                0x000000000000a150                __minimal_malloc
                0x000000000000a280                __minimal_calloc
                0x000000000000a2c0                __minimal_free
                0x000000000000a300                __minimal_realloc
                0x000000000000a390                _dl_sysdep_read_whole_file
                0x000000000000a420                _dl_name_match_p
                0x000000000000a490                _dl_higher_prime_number
                0x000000000000a4e0                _dl_strtoul
                0x000000000000a690                _dl_add_to_namespace_list
                0x000000000000a730                _dl_new_object
                0x000000000000af50                __GI__dl_find_dso_for_object
                0x000000000000af50                _dl_find_dso_for_object
                0x000000000000b020                _dl_open
                0x000000000000b320                _dl_show_scope
                0x000000000000bf20                _dl_get_origin
                0x000000000000c740                _dl_debug_printf
                0x000000000000c7f0                _dl_debug_printf_c
                0x000000000000c8a0                _dl_dprintf
                0x000000000000c940                _dl_printf
                0x000000000000c9f0                _dl_error_printf
                0x000000000000caa0                _dl_fatal_printf
                0x000000000000caa0                __GI__dl_fatal_printf
                0x000000000000cb50                _dl_try_allocate_static_tls
                0x000000000000cc70                _dl_allocate_static_tls
                0x000000000000ccb0                _dl_protect_relro
                0x000000000000cd20                _dl_reloc_bad_type
                0x000000000000ce00                _dl_relocate_object
                0x000000000000f720                _dl_fixup
                0x000000000000f9e0                _dl_profile_fixup
                0x000000000000fd30                _dl_scope_free
                0x000000000000fe00                _dl_setup_hash
                0x000000000000ffa0                _dl_sort_maps_init
                0x000000000000ffd0                _dl_sort_maps
                0x00000000000104f0                __thread_gscope_wait
                0x0000000000010980                _dl_tls_static_surplus_init
                0x0000000000010a20                _dl_assign_tls_modid
                0x0000000000010b40                _dl_count_modids
                0x0000000000010bb0                _dl_determine_tlsoffset
                0x0000000000010d70                _dl_get_tls_static_info
                0x0000000000010d90                _dl_allocate_tls_storage
                0x0000000000010e60                __GI__dl_allocate_tls_init
                0x0000000000010e60                _dl_allocate_tls_init
                0x0000000000011100                __GI__dl_allocate_tls
                0x0000000000011100                _dl_allocate_tls
                0x0000000000011140                _dl_deallocate_tls
                0x0000000000011140                __GI__dl_deallocate_tls
                0x00000000000111d0                _dl_update_slotinfo
                0x00000000000113f0                __GI___tls_get_addr
                0x00000000000113f0                ___tls_get_addr
                0x0000000000011440                _dl_tls_get_addr_soft
                0x00000000000114c0                _dl_add_to_slotinfo
                0x00000000000115d0                _dl_init_static_tls
                0x0000000000011700                __tls_get_addr_slow
                0x0000000000011740                __tls_pre_init_tp
                0x00000000000117a0                __tls_init_tp
                0x00000000000118e0                _dl_runtime_profile_sse
                0x0000000000011a70                _dl_runtime_resolve_fxsave
                0x0000000000011af0                _dl_runtime_resolve_xsave
                0x0000000000011bc0                _dl_runtime_resolve_xsavec
                0x0000000000012040                __tunable_is_initialized
                0x0000000000012040                __GI___tunable_is_initialized
                0x0000000000012060                __GI___tunable_set_val
                0x0000000000012080                __GI___tunables_init
                0x0000000000012200                __GI___tunables_print
                0x0000000000012320                __tunable_get_default
                0x0000000000012320                __GI___tunable_get_default
                0x0000000000012370                __tunable_get_val
                0x0000000000012370                __GI___tunable_get_val
                0x00000000000123f0                _dl_check_map_versions
                0x0000000000012cb0                _dl_check_all_versions
                0x0000000000012d20                _dl_write
                0x0000000000012d30                _dl_cache_libcmp
                0x0000000000013520                _dl_load_cache_lookup
                0x00000000000138b0                _dl_unload_cache
                0x0000000000013900                _dl_make_tlsdesc_dynamic
                0x0000000000013ba0                _dl_unmap
                0x0000000000013c20                _dl_tlsdesc_return
                0x0000000000013c30                _dl_tlsdesc_undefweak
                0x0000000000013c50                _dl_tlsdesc_dynamic
                0x0000000000013cf0                __tls_get_addr
                0x0000000000013f70                _dl_cet_open_check
                0x0000000000014010                _dl_cet_setup_features
                0x0000000000014080                _dl_cet_check
                0x00000000000167e0                __x86_cpu_features
                0x0000000000016810                _dl_x86_init_cpu_features
                0x0000000000016830                _dl_x86_get_cpu_features
                0x0000000000016840                _dl_audit_activity_map
                0x00000000000168d0                _dl_audit_activity_nsid
                0x0000000000016910                _dl_audit_objsearch
                0x00000000000169c0                _dl_audit_objopen
                0x0000000000016a80                _dl_audit_objclose
                0x0000000000016b20                _dl_audit_preinit
                0x0000000000016ba0                _dl_audit_symbind_alt
                0x0000000000016ba0                __GI__dl_audit_symbind_alt
                0x0000000000016d50                _dl_audit_symbind
                0x0000000000017000                _dl_audit_pltenter
                0x0000000000017210                _dl_audit_pltexit
                0x00000000000173f0                _dl_diagnostics_print_string
                0x0000000000017470                _dl_diagnostics_print_labeled_string
                0x00000000000174c0                _dl_diagnostics_print_labeled_value
                0x00000000000174e0                _dl_print_diagnostics
                0x0000000000017920                _dl_diagnostics_cpu
                0x0000000000018060                _dl_diagnostics_kernel
                0x0000000000018120                _dl_next_ld_env_entry
                0x0000000000018170                unsetenv
                0x00000000000182a0                _dl_important_hwcaps
                0x0000000000018630                _dl_hwcaps_subdirs_active
                0x00000000000186f0                _dl_hwcaps_split
                0x0000000000018790                _dl_hwcaps_contains
                0x0000000000018850                _dl_hwcaps_split_masked
                0x0000000000018890                __rtld_libc_freeres
                0x00000000000188a0                __rtld_malloc_init_stubs
                0x00000000000188e0                __sigjmp_save
                0x00000000000188f0                __strerror_r
                0x00000000000189e0                __GI___libc_fatal
                0x00000000000189e0                __libc_fatal
                0x0000000000018a00                __GI___chk_fail
                0x0000000000018a00                __chk_fail
                0x0000000000018a20                __GI___assert_fail
                0x0000000000018a20                __assert_fail
                0x0000000000018a60                __rtld_malloc_is_complete
                0x0000000000018b70                __rtld_malloc_init_real
                0x0000000000018c60                __GI___assert_perror_fail
                0x0000000000018c60                __assert_perror_fail
                0x0000000000018cc0                _itoa
                0x0000000000018d20                __strsep
                0x0000000000018d20                strsep
                0x0000000000018d20                __strsep_g
                0x0000000000018da0                __rtld_mutex_init
                0x0000000000018ea0                _dl_start_profile
                0x0000000000019650                __GI__dl_mcount
                0x0000000000019650                _dl_mcount
                0x00000000000199e0                _dl_tunable_set_hwcaps
                0x000000000001a3e0                _dl_tunable_set_x86_ibt
                0x000000000001a470                _dl_tunable_set_x86_shstk
                0x000000000001a500                _dl_sysdep_start
                0x000000000001a5c0                _dl_sysdep_start_cleanup
                0x000000000001a5d0                _dl_show_auxv
                0x000000000001a820                _dl_usage
                0x000000000001a870                _dl_version
                0x000000000001a890                _dl_help
                0x000000000001ab60                _start
                0x000000000001ab68                _dl_start_user
                0x000000000001bf30                handle_preload_list
                0x000000000001fce0                __brk
                0x000000000001fce0                brk
                0x000000000001fd10                __getcwd
                0x000000000001fd10                getcwd
                0x0000000000020310                openat64
                0x0000000000020370                __alloc_dir
                0x0000000000020440                __opendir
                0x0000000000020440                opendir
                0x00000000000204d0                sbrk
                0x00000000000204d0                __sbrk
 *fill*         0x0000000000020554        0xc 
 .text          0x0000000000020560       0xd6 /home/j/Dokumente/GitHub/FreetimeOS/lfs/build-glibc/elf/rtld-libc.a(rtld-check_fds.os)
                0x0000000000020600                __libc_check_standard_fds
 .text          0x0000000000020636        0x0 /home/j/Dokumente/GitHub/FreetimeOS/lfs/build-glibc/elf/rtld-libc.a(rtld-errno.os)
 *fill*         0x0000000000020636        0xa 
 .text          0x0000000000020640       0x2a /home/j/Dokumente/GitHub/FreetimeOS/lfs/build-glibc/elf/rtld-libc.a(rtld-closedir.os)
                0x0000000000020640                __closedir
                0x0000000000020640                closedir
 *fill*         0x000000000002066a        0x6 
 .text          0x0000000000020670       0x2c /home/j/Dokumente/GitHub/FreetimeOS/lfs/build-glibc/elf/rtld-libc.a(rtld-rewinddir.os)
                0x0000000000020670                rewinddir
                0x0000000000020670                __rewinddir
 *fill*         0x000000000002069c        0x4 
 .text          0x00000000000206a0       0x7b /home/j/Dokumente/GitHub/FreetimeOS/lfs/build-glibc/elf/rtld-libc.a(rtld-readdir64.os)
                0x00000000000206a0                readdir
                0x00000000000206a0                __readdir64
                0x00000000000206a0                __readdir
                0x00000000000206a0                readdir64
 *fill*         0x000000000002071b        0x5 
 .text          0x0000000000020720       0x9e /home/j/Dokumente/GitHub/FreetimeOS/lfs/build-glibc/elf/rtld-libc.a(rtld-fdopendir.os)
                0x0000000000020720                fdopendir
                0x0000000000020720                __fdopendir
 *fill*         0x00000000000207be        0x2 
 .text          0x00000000000207c0       0x30 /home/j/Dokumente/GitHub/FreetimeOS/lfs/build-glibc/elf/rtld-libc.a(rtld-getdents64.os)
                0x00000000000207c0                __getdents
                0x00000000000207c0                getdents64
                0x00000000000207c0                __getdents64
 .text          0x00000000000207f0       0x7b /home/j/Dokumente/GitHub/FreetimeOS/lfs/build-glibc/elf/rtld-libc.a(rtld-dl-addr-obj.os)
                0x00000000000207f0                _dl_addr_inside_object
 *fill*         0x000000000002086b        0x5 
 .text          0x0000000000020870       0xf7 /home/j/Dokumente/GitHub/FreetimeOS/lfs/build-glibc/elf/rtld-libc.a(rtld-profil.os)
                0x00000000000208c0                __profil
                0x00000000000208c0                profil
 *fill*         0x0000000000020967        0x9 
 .text          0x0000000000020970        0xb /home/j/Dokumente/GitHub/FreetimeOS/lfs/build-glibc/elf/rtld-libc.a(rtld-prof-freq.os)
                0x0000000000020970                __profile_frequency
 *fill*         0x000000000002097b        0x5 
 .text          0x0000000000020980       0x26 /home/j/Dokumente/GitHub/FreetimeOS/lfs/build-glibc/elf/rtld-libc.a(rtld-access.os)
                0x0000000000020980                access
                0x0000000000020980                __access
 *fill*         0x00000000000209a6        0xa 
 .text          0x00000000000209b0       0x26 /home/j/Dokumente/GitHub/FreetimeOS/lfs/build-glibc/elf/rtld-libc.a(rtld-fstat64.os)
                0x00000000000209b0                __GI___fstat64
                0x00000000000209b0                fstat64
                0x00000000000209b0                fstat
                0x00000000000209b0                __fstat64
                0x00000000000209b0                __fstat
 *fill*         0x00000000000209d6        0xa 
 .text          0x00000000000209e0       0x2e /home/j/Dokumente/GitHub/FreetimeOS/lfs/build-glibc/elf/rtld-libc.a(rtld-fstatat64.os)
                0x00000000000209e0                fstatat
                0x00000000000209e0                __fstatat
                0x00000000000209e0                fstatat64
                0x00000000000209e0                __fstatat64
                0x00000000000209e0                __GI___fstatat
                0x00000000000209e0                __GI___fstatat64
 *fill*         0x0000000000020a0e        0x2 
 .text          0x0000000000020a10       0x28 /home/j/Dokumente/GitHub/FreetimeOS/lfs/build-glibc/elf/rtld-libc.a(rtld-lseek64.os)
                0x0000000000020a10                __lseek64
                0x0000000000020a10                lseek
                0x0000000000020a10                __libc_lseek64
                0x0000000000020a10                __lseek
                0x0000000000020a10                __libc_lseek
                0x0000000000020a10                lseek64
 *fill*         0x0000000000020a38        0x8 
 .text          0x0000000000020a40       0x19 /home/j/Dokumente/GitHub/FreetimeOS/lfs/build-glibc/elf/rtld-libc.a(rtld-lstat64.os)
                0x0000000000020a40                __lstat64
                0x0000000000020a40                lstat
                0x0000000000020a40                lstat64
                0x0000000000020a40                __GI___lstat64
                0x0000000000020a40                __lstat
 *fill*         0x0000000000020a59        0x7 
 .text          0x0000000000020a60       0x66 /home/j/Dokumente/GitHub/FreetimeOS/lfs/build-glibc/elf/rtld-libc.a(rtld-openat64.os)
                0x0000000000020a60                __openat64
                0x0000000000020a60                __libc_openat64
                0x0000000000020a60                __openat
                0x0000000000020a60                openat
 *fill*         0x0000000000020ac6        0xa 
 .text          0x0000000000020ad0       0x16 /home/j/Dokumente/GitHub/FreetimeOS/lfs/build-glibc/elf/rtld-libc.a(rtld-stat64.os)
                0x0000000000020ad0                stat64
                0x0000000000020ad0                __stat
                0x0000000000020ad0                __stat64
                0x0000000000020ad0                stat
                0x0000000000020ad0                __GI___stat64
 *fill*         0x0000000000020ae6        0xa 
 .text          0x0000000000020af0       0x26 /home/j/Dokumente/GitHub/FreetimeOS/lfs/build-glibc/elf/rtld-libc.a(rtld-close_nocancel.os)
                0x0000000000020af0                __GI___close_nocancel
 *fill*         0x0000000000020b16        0xa 
 .text          0x0000000000020b20       0xde /home/j/Dokumente/GitHub/FreetimeOS/lfs/build-glibc/elf/rtld-libc.a(rtld-fcntl_nocancel.os)
                0x0000000000020b20                __fcntl64_nocancel
                0x0000000000020b20                __GI___fcntl64_nocancel
                0x0000000000020ba0                __fcntl64_nocancel_adjusted
 *fill*         0x0000000000020bfe        0x2 
 .text          0x0000000000020c00       0x76 /home/j/Dokumente/GitHub/FreetimeOS/lfs/build-glibc/elf/rtld-libc.a(rtld-open64_nocancel.os)
                0x0000000000020c00                __GI___open_nocancel
                0x0000000000020c00                __open_nocancel
                0x0000000000020c00                __GI___open64_nocancel
                0x0000000000020c00                __open64_nocancel
 *fill*         0x0000000000020c76        0xa 
 .text          0x0000000000020c80       0x30 /home/j/Dokumente/GitHub/FreetimeOS/lfs/build-glibc/elf/rtld-libc.a(rtld-pread64_nocancel.os)
                0x0000000000020c80                __GI___pread64_nocancel
                0x0000000000020c80                __pread64_nocancel
 .text          0x0000000000020cb0       0x28 /home/j/Dokumente/GitHub/FreetimeOS/lfs/build-glibc/elf/rtld-libc.a(rtld-read_nocancel.os)
                0x0000000000020cb0                __read_nocancel
                0x0000000000020cb0                __GI___read_nocancel
 *fill*         0x0000000000020cd8        0x8 
 .text          0x0000000000020ce0       0x28 /home/j/Dokumente/GitHub/FreetimeOS/lfs/build-glibc/elf/rtld-libc.a(rtld-write_nocancel.os)
                0x0000000000020ce0                __GI___write_nocancel
                0x0000000000020ce0                __write_nocancel
 *fill*         0x0000000000020d08        0x8 
 .text          0x0000000000020d10       0xaf /home/j/Dokumente/GitHub/FreetimeOS/lfs/build-glibc/elf/rtld-libc.a(rtld-scratch_buffer_set_array_size.os)
                0x0000000000020d10                __libc_scratch_buffer_set_array_size
 *fill*         0x0000000000020dbf        0x1 
 .text          0x0000000000020dc0       0xa1 /home/j/Dokumente/GitHub/FreetimeOS/lfs/build-glibc/elf/rtld-libc.a(rtld-mmap64.os)
                0x0000000000020dc0                __mmap
                0x0000000000020dc0                mmap
                0x0000000000020dc0                __mmap64
                0x0000000000020dc0                mmap64
 *fill*         0x0000000000020e61        0xf 
 .text          0x0000000000020e70       0x24 /home/j/Dokumente/GitHub/FreetimeOS/lfs/build-glibc/elf/rtld-libc.a(rtld-mprotect.os)
                0x0000000000020e70                __mprotect
                0x0000000000020e70                __GI___mprotect
                0x0000000000020e70                __GI_mprotect
                0x0000000000020e70                mprotect
 *fill*         0x0000000000020e94        0xc 
 .text          0x0000000000020ea0       0x24 /home/j/Dokumente/GitHub/FreetimeOS/lfs/build-glibc/elf/rtld-libc.a(rtld-munmap.os)
                0x0000000000020ea0                munmap
                0x0000000000020ea0                __GI___munmap
                0x0000000000020ea0                __GI_munmap
                0x0000000000020ea0                __munmap
 *fill*         0x0000000000020ec4        0xc 
 .text          0x0000000000020ed0       0x73 /home/j/Dokumente/GitHub/FreetimeOS/lfs/build-glibc/elf/rtld-libc.a(rtld-setvmaname.os)
                0x0000000000020ed0                __set_vma_name
 *fill*         0x0000000000020f43        0xd 
 .text          0x0000000000020f50       0xf8 /home/j/Dokumente/GitHub/FreetimeOS/lfs/build-glibc/elf/rtld-libc.a(rtld-lowlevellock.os)
                0x0000000000020f50                __lll_lock_wait_private
                0x0000000000020fb0                __lll_lock_wait
                0x0000000000021010                __lll_lock_wake_private
                0x0000000000021030                __lll_lock_wake
 *fill*         0x0000000000021048        0x8 
 .text          0x0000000000021050       0x27 /home/j/Dokumente/GitHub/FreetimeOS/lfs/build-glibc/elf/rtld-libc.a(rtld-_exit.os)
                0x0000000000021050                _Exit
                0x0000000000021050                __GI__exit
                0x0000000000021050                _exit
 *fill*         0x0000000000021077        0x9 
 .text          0x0000000000021080        0xc /home/j/Dokumente/GitHub/FreetimeOS/lfs/build-glibc/elf/rtld-libc.a(rtld-getpid.os)
                0x0000000000021080                __getpid
                0x0000000000021080                getpid
                0x0000000000021080                __GI_getpid
                0x0000000000021080                __GI___getpid
 *fill*         0x000000000002108c        0x4 
 .text          0x0000000000021090       0x24 /home/j/Dokumente/GitHub/FreetimeOS/lfs/build-glibc/elf/rtld-libc.a(rtld-uname.os)
                0x0000000000021090                uname
                0x0000000000021090                __GI_uname
                0x0000000000021090                __uname
                0x0000000000021090                __GI___uname
 .text          0x00000000000210b4        0x0 /home/j/Dokumente/GitHub/FreetimeOS/lfs/build-glibc/elf/rtld-libc.a(rtld-environ.os)
 *fill*         0x00000000000210b4        0xc 
 .text          0x00000000000210c0       0x5e /home/j/Dokumente/GitHub/FreetimeOS/lfs/build-glibc/elf/rtld-libc.a(rtld-setjmp.os)
                0x00000000000210c0                __sigsetjmp
                0x00000000000210c0                __GI___sigsetjmp
 *fill*         0x000000000002111e        0x2 
 .text          0x0000000000021120       0xae /home/j/Dokumente/GitHub/FreetimeOS/lfs/build-glibc/elf/rtld-libc.a(rtld-__longjmp.os)
                0x0000000000021120                __longjmp
 *fill*         0x00000000000211ce        0x2 
 .text          0x00000000000211d0       0x30 /home/j/Dokumente/GitHub/FreetimeOS/lfs/build-glibc/elf/rtld-libc.a(rtld-sigaction.os)
                0x00000000000211d0                sigaction
                0x00000000000211d0                __sigaction
 .text          0x0000000000021200      0x1b7 /home/j/Dokumente/GitHub/FreetimeOS/lfs/build-glibc/elf/rtld-libc.a(rtld-libc_sigaction.os)
                0x0000000000021220                __libc_sigaction
 *fill*         0x00000000000213b7        0x9 
 .text          0x00000000000213c0      0x323 /home/j/Dokumente/GitHub/FreetimeOS/lfs/build-glibc/elf/rtld-libc.a(rtld-memchr.os)
                0x00000000000213c0                memchr
                0x00000000000213c0                __memchr
 *fill*         0x00000000000216e3       0x1d 
 .text          0x0000000000021700      0x2d0 /home/j/Dokumente/GitHub/FreetimeOS/lfs/build-glibc/elf/rtld-libc.a(rtld-memcmp.os)
                0x0000000000021700                bcmp
                0x0000000000021700                memcmp
 .text          0x00000000000219d0      0x1f1 /home/j/Dokumente/GitHub/FreetimeOS/lfs/build-glibc/elf/rtld-libc.a(rtld-memmove.os)
                0x00000000000219d0                mempcpy
                0x00000000000219d0                __mempcpy
                0x00000000000219e0                memmove
                0x00000000000219e0                memcpy
 *fill*         0x0000000000021bc1        0xf 
 .text          0x0000000000021bd0       0xd9 /home/j/Dokumente/GitHub/FreetimeOS/lfs/build-glibc/elf/rtld-libc.a(rtld-memset.os)
                0x0000000000021bd0                memset
 *fill*         0x0000000000021ca9        0x7 
 .text          0x0000000000021cb0      0x6c0 /home/j/Dokumente/GitHub/FreetimeOS/lfs/build-glibc/elf/rtld-libc.a(rtld-stpcpy.os)
                0x0000000000021cb0                stpcpy
                0x0000000000021cb0                __stpcpy
 .text          0x0000000000022370      0x22a /home/j/Dokumente/GitHub/FreetimeOS/lfs/build-glibc/elf/rtld-libc.a(rtld-strchr.os)
                0x0000000000022370                index
                0x0000000000022370                strchr
 *fill*         0x000000000002259a        0x6 
 .text          0x00000000000225a0     0x1449 /home/j/Dokumente/GitHub/FreetimeOS/lfs/build-glibc/elf/rtld-libc.a(rtld-strcmp.os)
                0x00000000000225a0                strcmp
 *fill*         0x00000000000239e9        0x7 
 .text          0x00000000000239f0      0x167 /home/j/Dokumente/GitHub/FreetimeOS/lfs/build-glibc/elf/rtld-libc.a(rtld-strcspn.os)
                0x00000000000239f0                strcspn
 *fill*         0x0000000000023b57        0x9 
 .text          0x0000000000023b60       0x49 /home/j/Dokumente/GitHub/FreetimeOS/lfs/build-glibc/elf/rtld-libc.a(rtld-strdup.os)
                0x0000000000023b60                __strdup
                0x0000000000023b60                strdup
 *fill*         0x0000000000023ba9        0x7 
 .text          0x0000000000023bb0        0x9 /home/j/Dokumente/GitHub/FreetimeOS/lfs/build-glibc/elf/rtld-libc.a(rtld-strerrorname_np.os)
                0x0000000000023bb0                strerrorname_np
 *fill*         0x0000000000023bb9        0x7 
 .text          0x0000000000023bc0      0x19c /home/j/Dokumente/GitHub/FreetimeOS/lfs/build-glibc/elf/rtld-libc.a(rtld-strlen.os)
                0x0000000000023bc0                strlen
 *fill*         0x0000000000023d5c        0x4 
 .text          0x0000000000023d60     0x1859 /home/j/Dokumente/GitHub/FreetimeOS/lfs/build-glibc/elf/rtld-libc.a(rtld-strncmp.os)
                0x0000000000023d60                strncmp
 *fill*         0x00000000000255b9        0x7 
 .text          0x00000000000255c0      0x218 /home/j/Dokumente/GitHub/FreetimeOS/lfs/build-glibc/elf/rtld-libc.a(rtld-strnlen.os)
                0x00000000000255c0                __strnlen
                0x00000000000255c0                strnlen
 *fill*         0x00000000000257d8        0x8 
 .text          0x00000000000257e0      0x20a /home/j/Dokumente/GitHub/FreetimeOS/lfs/build-glibc/elf/rtld-libc.a(rtld-strchrnul.os)
                0x00000000000257e0                __strchrnul
                0x00000000000257e0                strchrnul
 *fill*         0x00000000000259ea        0x6 
 .text          0x00000000000259f0       0x26 /home/j/Dokumente/GitHub/FreetimeOS/lfs/build-glibc/elf/rtld-libc.a(rtld-setitimer.os)
                0x00000000000259f0                setitimer
                0x00000000000259f0                __setitimer
 *fill*         0x0000000000025a16        0xa 
 .text          0x0000000000025a20       0x33 /home/j/Dokumente/GitHub/FreetimeOS/lfs/build-glibc/elf/rtld-libc.a(rtld-errname.os)
                0x0000000000025a20                __get_errname
 *(.gnu.warning)

.text.evex512   0x0000000000000000      0x3fd
 .text.evex512  0x0000000000000000      0x3fd /home/j/Dokumente/GitHub/FreetimeOS/lfs/build-glibc/elf/dl-allobjs.os
                0x0000000000000000                _dl_runtime_profile_avx512

.text.avx       0x0000000000000000      0x3ef
 .text.avx      0x0000000000000000      0x3ef /home/j/Dokumente/GitHub/FreetimeOS/lfs/build-glibc/elf/dl-allobjs.os
                0x0000000000000000                _dl_runtime_profile_avx

.text.compat    0x0000000000000000        0x5
 .text.compat   0x0000000000000000        0x5 /home/j/Dokumente/GitHub/FreetimeOS/lfs/build-glibc/elf/dl-allobjs.os
                0x0000000000000000                __rtld_version_placeholder_1
                0x0000000000000000                __rtld_version_placeholder@GLIBC_2.34

.fini
 *(SORT_NONE(.fini))

.rodata         0x0000000000000000     0x1975
 *(.rodata)
 .rodata        0x0000000000000000     0x12f2 /home/j/Dokumente/GitHub/FreetimeOS/lfs/build-glibc/elf/dl-allobjs.os
 .rodata        0x00000000000012f2       0x80 /home/j/Dokumente/GitHub/FreetimeOS/lfs/build-glibc/elf/rtld-libc.a(rtld-stpcpy.os)
 *fill*         0x0000000000001372        0x6 
 .rodata        0x0000000000001378       0x40 /home/j/Dokumente/GitHub/FreetimeOS/lfs/build-glibc/elf/rtld-libc.a(rtld-strcmp.os)
 .rodata        0x00000000000013b8       0x40 /home/j/Dokumente/GitHub/FreetimeOS/lfs/build-glibc/elf/rtld-libc.a(rtld-strncmp.os)
 *fill*         0x00000000000013f8        0x8 
 .rodata        0x0000000000001400      0x575 /home/j/Dokumente/GitHub/FreetimeOS/lfs/build-glibc/elf/rtld-libc.a(rtld-errname.os)

.rodata.str1.1  0x0000000000000000     0x184f
 .rodata.str1.1
                0x0000000000000000     0x183b /home/j/Dokumente/GitHub/FreetimeOS/lfs/build-glibc/elf/dl-allobjs.os
 .rodata.str1.1
                0x000000000000183b       0x14 /home/j/Dokumente/GitHub/FreetimeOS/lfs/build-glibc/elf/rtld-libc.a(rtld-check_fds.os)

.rodata.str1.16
                0x0000000000000000      0x545
 .rodata.str1.16
                0x0000000000000000      0x545 /home/j/Dokumente/GitHub/FreetimeOS/lfs/build-glibc/elf/dl-allobjs.os
                0x0000000000000390                _dl_hwcaps_subdirs
                0x00000000000003f0                __GI__itoa_lower_digits
                0x00000000000003f0                _itoa_lower_digits

.rodata.str1.8  0x0000000000000000     0x2fb7
 .rodata.str1.8
                0x0000000000000000     0x2f79 /home/j/Dokumente/GitHub/FreetimeOS/lfs/build-glibc/elf/dl-allobjs.os
 *fill*         0x0000000000002f79        0x7 
 .rodata.str1.8
                0x0000000000002f80       0x37 /home/j/Dokumente/GitHub/FreetimeOS/lfs/build-glibc/elf/rtld-libc.a(rtld-lowlevellock.os)

.rodata.str1.32
                0x0000000000000000       0x5b
 .rodata.str1.32
                0x0000000000000000       0x5b /home/j/Dokumente/GitHub/FreetimeOS/lfs/build-glibc/elf/dl-allobjs.os

.rodata.cst4    0x0000000000000000        0x8
 .rodata.cst4   0x0000000000000000        0x8 /home/j/Dokumente/GitHub/FreetimeOS/lfs/build-glibc/elf/dl-allobjs.os
                0x0000000000000004                __rseq_flags

.rodata.cst2    0x0000000000000000        0x4
 .rodata.cst2   0x0000000000000000        0x4 /home/j/Dokumente/GitHub/FreetimeOS/lfs/build-glibc/elf/dl-allobjs.os

.rodata.cst16   0x0000000000000000       0x30
 .rodata.cst16  0x0000000000000000       0x30 /home/j/Dokumente/GitHub/FreetimeOS/lfs/build-glibc/elf/dl-allobjs.os

.rodata.cst8    0x0000000000000000        0x8
 .rodata.cst8   0x0000000000000000        0x8 /home/j/Dokumente/GitHub/FreetimeOS/lfs/build-glibc/elf/dl-allobjs.os

.rodata1
 *(.rodata1)

.eh_frame_hdr
 *(.eh_frame_hdr)

.eh_frame       0x0000000000000000     0x40cc
 *(.eh_frame)
 .eh_frame      0x0000000000000000     0x34f8 /home/j/Dokumente/GitHub/FreetimeOS/lfs/build-glibc/elf/dl-allobjs.os
                                       0x3578 (size before relaxing)
 .eh_frame      0x00000000000034f8       0x68 /home/j/Dokumente/GitHub/FreetimeOS/lfs/build-glibc/elf/rtld-libc.a(rtld-check_fds.os)
 .eh_frame      0x0000000000003560       0x38 /home/j/Dokumente/GitHub/FreetimeOS/lfs/build-glibc/elf/rtld-libc.a(rtld-closedir.os)
 .eh_frame      0x0000000000003598       0x38 /home/j/Dokumente/GitHub/FreetimeOS/lfs/build-glibc/elf/rtld-libc.a(rtld-rewinddir.os)
 .eh_frame      0x00000000000035d0       0x48 /home/j/Dokumente/GitHub/FreetimeOS/lfs/build-glibc/elf/rtld-libc.a(rtld-readdir64.os)
 .eh_frame      0x0000000000003618       0x48 /home/j/Dokumente/GitHub/FreetimeOS/lfs/build-glibc/elf/rtld-libc.a(rtld-fdopendir.os)
 .eh_frame      0x0000000000003660       0x30 /home/j/Dokumente/GitHub/FreetimeOS/lfs/build-glibc/elf/rtld-libc.a(rtld-getdents64.os)
 .eh_frame      0x0000000000003690       0x30 /home/j/Dokumente/GitHub/FreetimeOS/lfs/build-glibc/elf/rtld-libc.a(rtld-dl-addr-obj.os)
 .eh_frame      0x00000000000036c0       0x48 /home/j/Dokumente/GitHub/FreetimeOS/lfs/build-glibc/elf/rtld-libc.a(rtld-profil.os)
 .eh_frame      0x0000000000003708       0x30 /home/j/Dokumente/GitHub/FreetimeOS/lfs/build-glibc/elf/rtld-libc.a(rtld-prof-freq.os)
 .eh_frame      0x0000000000003738       0x30 /home/j/Dokumente/GitHub/FreetimeOS/lfs/build-glibc/elf/rtld-libc.a(rtld-access.os)
 .eh_frame      0x0000000000003768       0x30 /home/j/Dokumente/GitHub/FreetimeOS/lfs/build-glibc/elf/rtld-libc.a(rtld-fstat64.os)
 .eh_frame      0x0000000000003798       0x30 /home/j/Dokumente/GitHub/FreetimeOS/lfs/build-glibc/elf/rtld-libc.a(rtld-fstatat64.os)
 .eh_frame      0x00000000000037c8       0x30 /home/j/Dokumente/GitHub/FreetimeOS/lfs/build-glibc/elf/rtld-libc.a(rtld-lseek64.os)
 .eh_frame      0x00000000000037f8       0x30 /home/j/Dokumente/GitHub/FreetimeOS/lfs/build-glibc/elf/rtld-libc.a(rtld-lstat64.os)
 .eh_frame      0x0000000000003828       0x30 /home/j/Dokumente/GitHub/FreetimeOS/lfs/build-glibc/elf/rtld-libc.a(rtld-openat64.os)
 .eh_frame      0x0000000000003858       0x30 /home/j/Dokumente/GitHub/FreetimeOS/lfs/build-glibc/elf/rtld-libc.a(rtld-stat64.os)
 .eh_frame      0x0000000000003888       0x30 /home/j/Dokumente/GitHub/FreetimeOS/lfs/build-glibc/elf/rtld-libc.a(rtld-close_nocancel.os)
 .eh_frame      0x00000000000038b8       0x40 /home/j/Dokumente/GitHub/FreetimeOS/lfs/build-glibc/elf/rtld-libc.a(rtld-fcntl_nocancel.os)
 .eh_frame      0x00000000000038f8       0x30 /home/j/Dokumente/GitHub/FreetimeOS/lfs/build-glibc/elf/rtld-libc.a(rtld-open64_nocancel.os)
 .eh_frame      0x0000000000003928       0x30 /home/j/Dokumente/GitHub/FreetimeOS/lfs/build-glibc/elf/rtld-libc.a(rtld-pread64_nocancel.os)
 .eh_frame      0x0000000000003958       0x30 /home/j/Dokumente/GitHub/FreetimeOS/lfs/build-glibc/elf/rtld-libc.a(rtld-read_nocancel.os)
 .eh_frame      0x0000000000003988       0x30 /home/j/Dokumente/GitHub/FreetimeOS/lfs/build-glibc/elf/rtld-libc.a(rtld-write_nocancel.os)
 .eh_frame      0x00000000000039b8       0x58 /home/j/Dokumente/GitHub/FreetimeOS/lfs/build-glibc/elf/rtld-libc.a(rtld-scratch_buffer_set_array_size.os)
 .eh_frame      0x0000000000003a10       0x48 /home/j/Dokumente/GitHub/FreetimeOS/lfs/build-glibc/elf/rtld-libc.a(rtld-mmap64.os)
 .eh_frame      0x0000000000003a58       0x30 /home/j/Dokumente/GitHub/FreetimeOS/lfs/build-glibc/elf/rtld-libc.a(rtld-mprotect.os)
 .eh_frame      0x0000000000003a88       0x30 /home/j/Dokumente/GitHub/FreetimeOS/lfs/build-glibc/elf/rtld-libc.a(rtld-munmap.os)
 .eh_frame      0x0000000000003ab8       0x58 /home/j/Dokumente/GitHub/FreetimeOS/lfs/build-glibc/elf/rtld-libc.a(rtld-setvmaname.os)
 .eh_frame      0x0000000000003b10       0x70 /home/j/Dokumente/GitHub/FreetimeOS/lfs/build-glibc/elf/rtld-libc.a(rtld-lowlevellock.os)
 .eh_frame      0x0000000000003b80       0x30 /home/j/Dokumente/GitHub/FreetimeOS/lfs/build-glibc/elf/rtld-libc.a(rtld-_exit.os)
 .eh_frame      0x0000000000003bb0       0x30 /home/j/Dokumente/GitHub/FreetimeOS/lfs/build-glibc/elf/rtld-libc.a(rtld-getpid.os)
 .eh_frame      0x0000000000003be0       0x30 /home/j/Dokumente/GitHub/FreetimeOS/lfs/build-glibc/elf/rtld-libc.a(rtld-uname.os)
 .eh_frame      0x0000000000003c10       0x30 /home/j/Dokumente/GitHub/FreetimeOS/lfs/build-glibc/elf/rtld-libc.a(rtld-setjmp.os)
 .eh_frame      0x0000000000003c40       0x48 /home/j/Dokumente/GitHub/FreetimeOS/lfs/build-glibc/elf/rtld-libc.a(rtld-__longjmp.os)
 .eh_frame      0x0000000000003c88       0x30 /home/j/Dokumente/GitHub/FreetimeOS/lfs/build-glibc/elf/rtld-libc.a(rtld-sigaction.os)
 .eh_frame      0x0000000000003cb8       0xc8 /home/j/Dokumente/GitHub/FreetimeOS/lfs/build-glibc/elf/rtld-libc.a(rtld-libc_sigaction.os)
                                         0xd0 (size before relaxing)
 .eh_frame      0x0000000000003d80       0x30 /home/j/Dokumente/GitHub/FreetimeOS/lfs/build-glibc/elf/rtld-libc.a(rtld-memchr.os)
 .eh_frame      0x0000000000003db0       0x30 /home/j/Dokumente/GitHub/FreetimeOS/lfs/build-glibc/elf/rtld-libc.a(rtld-memcmp.os)
 .eh_frame      0x0000000000003de0       0x40 /home/j/Dokumente/GitHub/FreetimeOS/lfs/build-glibc/elf/rtld-libc.a(rtld-memmove.os)
 .eh_frame      0x0000000000003e20       0x30 /home/j/Dokumente/GitHub/FreetimeOS/lfs/build-glibc/elf/rtld-libc.a(rtld-memset.os)
 .eh_frame      0x0000000000003e50       0x30 /home/j/Dokumente/GitHub/FreetimeOS/lfs/build-glibc/elf/rtld-libc.a(rtld-stpcpy.os)
 .eh_frame      0x0000000000003e80       0x30 /home/j/Dokumente/GitHub/FreetimeOS/lfs/build-glibc/elf/rtld-libc.a(rtld-strchr.os)
 .eh_frame      0x0000000000003eb0       0x30 /home/j/Dokumente/GitHub/FreetimeOS/lfs/build-glibc/elf/rtld-libc.a(rtld-strcmp.os)
 .eh_frame      0x0000000000003ee0       0x50 /home/j/Dokumente/GitHub/FreetimeOS/lfs/build-glibc/elf/rtld-libc.a(rtld-strcspn.os)
 .eh_frame      0x0000000000003f30       0x50 /home/j/Dokumente/GitHub/FreetimeOS/lfs/build-glibc/elf/rtld-libc.a(rtld-strdup.os)
 .eh_frame      0x0000000000003f80       0x30 /home/j/Dokumente/GitHub/FreetimeOS/lfs/build-glibc/elf/rtld-libc.a(rtld-strerrorname_np.os)
 .eh_frame      0x0000000000003fb0       0x30 /home/j/Dokumente/GitHub/FreetimeOS/lfs/build-glibc/elf/rtld-libc.a(rtld-strlen.os)
 .eh_frame      0x0000000000003fe0       0x30 /home/j/Dokumente/GitHub/FreetimeOS/lfs/build-glibc/elf/rtld-libc.a(rtld-strncmp.os)
 .eh_frame      0x0000000000004010       0x30 /home/j/Dokumente/GitHub/FreetimeOS/lfs/build-glibc/elf/rtld-libc.a(rtld-strnlen.os)
 .eh_frame      0x0000000000004040       0x30 /home/j/Dokumente/GitHub/FreetimeOS/lfs/build-glibc/elf/rtld-libc.a(rtld-strchrnul.os)
 .eh_frame      0x0000000000004070       0x30 /home/j/Dokumente/GitHub/FreetimeOS/lfs/build-glibc/elf/rtld-libc.a(rtld-setitimer.os)
 .eh_frame      0x00000000000040a0       0x2c /home/j/Dokumente/GitHub/FreetimeOS/lfs/build-glibc/elf/rtld-libc.a(rtld-errname.os)
                                         0x30 (size before relaxing)

.sframe
 *(.sframe)

.gcc_except_table
 *(.gcc_except_table)

.gnu_extab
 *(.gnu_extab*)

.exception_ranges
 *(.exception_ranges)

.eh_frame
 *(.eh_frame)

.sframe
 *(.sframe)

.gnu_extab
 *(.gnu_extab)

.gcc_except_table
 *(.gcc_except_table)

.exception_ranges
 *(.exception_ranges)

.tdata
 *(.tdata)

.tbss
 *(.tbss)

.jcr
 *(.jcr)

.dynamic
 *(.dynamic)

.got
 *(.got)

.got.plt
 *(.got.plt)

.data           0x0000000000000000     0x1104
 *(.data)
 .data          0x0000000000000000     0x1100 /home/j/Dokumente/GitHub/FreetimeOS/lfs/build-glibc/elf/dl-allobjs.os
                0x0000000000000000                _rtld_global
                0x0000000000000000                _rtld_local
 .data          0x0000000000001100        0x0 /home/j/Dokumente/GitHub/FreetimeOS/lfs/build-glibc/elf/rtld-libc.a(rtld-check_fds.os)
 .data          0x0000000000001100        0x0 /home/j/Dokumente/GitHub/FreetimeOS/lfs/build-glibc/elf/rtld-libc.a(rtld-errno.os)
 .data          0x0000000000001100        0x0 /home/j/Dokumente/GitHub/FreetimeOS/lfs/build-glibc/elf/rtld-libc.a(rtld-closedir.os)
 .data          0x0000000000001100        0x0 /home/j/Dokumente/GitHub/FreetimeOS/lfs/build-glibc/elf/rtld-libc.a(rtld-rewinddir.os)
 .data          0x0000000000001100        0x0 /home/j/Dokumente/GitHub/FreetimeOS/lfs/build-glibc/elf/rtld-libc.a(rtld-readdir64.os)
 .data          0x0000000000001100        0x0 /home/j/Dokumente/GitHub/FreetimeOS/lfs/build-glibc/elf/rtld-libc.a(rtld-fdopendir.os)
 .data          0x0000000000001100        0x0 /home/j/Dokumente/GitHub/FreetimeOS/lfs/build-glibc/elf/rtld-libc.a(rtld-getdents64.os)
 .data          0x0000000000001100        0x0 /home/j/Dokumente/GitHub/FreetimeOS/lfs/build-glibc/elf/rtld-libc.a(rtld-dl-addr-obj.os)
 .data          0x0000000000001100        0x0 /home/j/Dokumente/GitHub/FreetimeOS/lfs/build-glibc/elf/rtld-libc.a(rtld-profil.os)
 .data          0x0000000000001100        0x0 /home/j/Dokumente/GitHub/FreetimeOS/lfs/build-glibc/elf/rtld-libc.a(rtld-prof-freq.os)
 .data          0x0000000000001100        0x0 /home/j/Dokumente/GitHub/FreetimeOS/lfs/build-glibc/elf/rtld-libc.a(rtld-access.os)
 .data          0x0000000000001100        0x0 /home/j/Dokumente/GitHub/FreetimeOS/lfs/build-glibc/elf/rtld-libc.a(rtld-fstat64.os)
 .data          0x0000000000001100        0x0 /home/j/Dokumente/GitHub/FreetimeOS/lfs/build-glibc/elf/rtld-libc.a(rtld-fstatat64.os)
 .data          0x0000000000001100        0x0 /home/j/Dokumente/GitHub/FreetimeOS/lfs/build-glibc/elf/rtld-libc.a(rtld-lseek64.os)
 .data          0x0000000000001100        0x0 /home/j/Dokumente/GitHub/FreetimeOS/lfs/build-glibc/elf/rtld-libc.a(rtld-lstat64.os)
 .data          0x0000000000001100        0x0 /home/j/Dokumente/GitHub/FreetimeOS/lfs/build-glibc/elf/rtld-libc.a(rtld-openat64.os)
 .data          0x0000000000001100        0x0 /home/j/Dokumente/GitHub/FreetimeOS/lfs/build-glibc/elf/rtld-libc.a(rtld-stat64.os)
 .data          0x0000000000001100        0x0 /home/j/Dokumente/GitHub/FreetimeOS/lfs/build-glibc/elf/rtld-libc.a(rtld-close_nocancel.os)
 .data          0x0000000000001100        0x0 /home/j/Dokumente/GitHub/FreetimeOS/lfs/build-glibc/elf/rtld-libc.a(rtld-fcntl_nocancel.os)
 .data          0x0000000000001100        0x0 /home/j/Dokumente/GitHub/FreetimeOS/lfs/build-glibc/elf/rtld-libc.a(rtld-open64_nocancel.os)
 .data          0x0000000000001100        0x0 /home/j/Dokumente/GitHub/FreetimeOS/lfs/build-glibc/elf/rtld-libc.a(rtld-pread64_nocancel.os)
 .data          0x0000000000001100        0x0 /home/j/Dokumente/GitHub/FreetimeOS/lfs/build-glibc/elf/rtld-libc.a(rtld-read_nocancel.os)
 .data          0x0000000000001100        0x0 /home/j/Dokumente/GitHub/FreetimeOS/lfs/build-glibc/elf/rtld-libc.a(rtld-write_nocancel.os)
 .data          0x0000000000001100        0x0 /home/j/Dokumente/GitHub/FreetimeOS/lfs/build-glibc/elf/rtld-libc.a(rtld-scratch_buffer_set_array_size.os)
 .data          0x0000000000001100        0x0 /home/j/Dokumente/GitHub/FreetimeOS/lfs/build-glibc/elf/rtld-libc.a(rtld-mmap64.os)
 .data          0x0000000000001100        0x0 /home/j/Dokumente/GitHub/FreetimeOS/lfs/build-glibc/elf/rtld-libc.a(rtld-mprotect.os)
 .data          0x0000000000001100        0x0 /home/j/Dokumente/GitHub/FreetimeOS/lfs/build-glibc/elf/rtld-libc.a(rtld-munmap.os)
 .data          0x0000000000001100        0x4 /home/j/Dokumente/GitHub/FreetimeOS/lfs/build-glibc/elf/rtld-libc.a(rtld-setvmaname.os)
 .data          0x0000000000001104        0x0 /home/j/Dokumente/GitHub/FreetimeOS/lfs/build-glibc/elf/rtld-libc.a(rtld-lowlevellock.os)
 .data          0x0000000000001104        0x0 /home/j/Dokumente/GitHub/FreetimeOS/lfs/build-glibc/elf/rtld-libc.a(rtld-_exit.os)
 .data          0x0000000000001104        0x0 /home/j/Dokumente/GitHub/FreetimeOS/lfs/build-glibc/elf/rtld-libc.a(rtld-getpid.os)
 .data          0x0000000000001104        0x0 /home/j/Dokumente/GitHub/FreetimeOS/lfs/build-glibc/elf/rtld-libc.a(rtld-uname.os)
 .data          0x0000000000001104        0x0 /home/j/Dokumente/GitHub/FreetimeOS/lfs/build-glibc/elf/rtld-libc.a(rtld-environ.os)
 .data          0x0000000000001104        0x0 /home/j/Dokumente/GitHub/FreetimeOS/lfs/build-glibc/elf/rtld-libc.a(rtld-setjmp.os)
 .data          0x0000000000001104        0x0 /home/j/Dokumente/GitHub/FreetimeOS/lfs/build-glibc/elf/rtld-libc.a(rtld-__longjmp.os)
 .data          0x0000000000001104        0x0 /home/j/Dokumente/GitHub/FreetimeOS/lfs/build-glibc/elf/rtld-libc.a(rtld-sigaction.os)
 .data          0x0000000000001104        0x0 /home/j/Dokumente/GitHub/FreetimeOS/lfs/build-glibc/elf/rtld-libc.a(rtld-libc_sigaction.os)
 .data          0x0000000000001104        0x0 /home/j/Dokumente/GitHub/FreetimeOS/lfs/build-glibc/elf/rtld-libc.a(rtld-memchr.os)
 .data          0x0000000000001104        0x0 /home/j/Dokumente/GitHub/FreetimeOS/lfs/build-glibc/elf/rtld-libc.a(rtld-memcmp.os)
 .data          0x0000000000001104        0x0 /home/j/Dokumente/GitHub/FreetimeOS/lfs/build-glibc/elf/rtld-libc.a(rtld-memmove.os)
 .data          0x0000000000001104        0x0 /home/j/Dokumente/GitHub/FreetimeOS/lfs/build-glibc/elf/rtld-libc.a(rtld-memset.os)
 .data          0x0000000000001104        0x0 /home/j/Dokumente/GitHub/FreetimeOS/lfs/build-glibc/elf/rtld-libc.a(rtld-stpcpy.os)
 .data          0x0000000000001104        0x0 /home/j/Dokumente/GitHub/FreetimeOS/lfs/build-glibc/elf/rtld-libc.a(rtld-strchr.os)
 .data          0x0000000000001104        0x0 /home/j/Dokumente/GitHub/FreetimeOS/lfs/build-glibc/elf/rtld-libc.a(rtld-strcmp.os)
 .data          0x0000000000001104        0x0 /home/j/Dokumente/GitHub/FreetimeOS/lfs/build-glibc/elf/rtld-libc.a(rtld-strcspn.os)
 .data          0x0000000000001104        0x0 /home/j/Dokumente/GitHub/FreetimeOS/lfs/build-glibc/elf/rtld-libc.a(rtld-strdup.os)
 .data          0x0000000000001104        0x0 /home/j/Dokumente/GitHub/FreetimeOS/lfs/build-glibc/elf/rtld-libc.a(rtld-strerrorname_np.os)
 .data          0x0000000000001104        0x0 /home/j/Dokumente/GitHub/FreetimeOS/lfs/build-glibc/elf/rtld-libc.a(rtld-strlen.os)
 .data          0x0000000000001104        0x0 /home/j/Dokumente/GitHub/FreetimeOS/lfs/build-glibc/elf/rtld-libc.a(rtld-strncmp.os)
 .data          0x0000000000001104        0x0 /home/j/Dokumente/GitHub/FreetimeOS/lfs/build-glibc/elf/rtld-libc.a(rtld-strnlen.os)
 .data          0x0000000000001104        0x0 /home/j/Dokumente/GitHub/FreetimeOS/lfs/build-glibc/elf/rtld-libc.a(rtld-strchrnul.os)
 .data          0x0000000000001104        0x0 /home/j/Dokumente/GitHub/FreetimeOS/lfs/build-glibc/elf/rtld-libc.a(rtld-setitimer.os)
 .data          0x0000000000001104        0x0 /home/j/Dokumente/GitHub/FreetimeOS/lfs/build-glibc/elf/rtld-libc.a(rtld-errname.os)

.data.rel.ro    0x0000000000000000     0x1aa8
 .data.rel.ro   0x0000000000000000     0x1aa8 /home/j/Dokumente/GitHub/FreetimeOS/lfs/build-glibc/elf/dl-allobjs.os
                0x0000000000000040                __rtld_search_dirs
                0x0000000000000070                __rtld_env_path_list
                0x0000000000000080                __stack_prot
                0x0000000000000088                __rseq_offset
                0x0000000000000090                __rseq_size
                0x0000000000001668                __rtld_realloc
                0x0000000000001670                __rtld_malloc
                0x0000000000001678                __rtld_free
                0x0000000000001680                __rtld_calloc
                0x0000000000001688                ___rtld_mutex_unlock
                0x0000000000001690                ___rtld_mutex_lock
                0x0000000000001698                _dl_random
                0x00000000000016a0                __libc_stack_end
                0x00000000000016a0                __GI___libc_stack_end
                0x00000000000016a8                __GI___libc_enable_secure
                0x00000000000016a8                __libc_enable_secure
                0x00000000000016d0                __pointer_chk_guard_local
                0x00000000000016d8                __GI__dl_argv
                0x00000000000016d8                _dl_argv
                0x00000000000016e0                _dl_argc
                0x0000000000001700                _rtld_global_ro
                0x0000000000001700                _rtld_local_ro

.data.rel.ro.local
                0x0000000000000000       0x28
 .data.rel.ro.local
                0x0000000000000000       0x28 /home/j/Dokumente/GitHub/FreetimeOS/lfs/build-glibc/elf/dl-allobjs.os
                0x0000000000000000                __x86_cpu_features_p

.data1
 *(.data1)

.bss            0x0000000000000000      0x1c8
 *(.bss)
 .bss           0x0000000000000000      0x190 /home/j/Dokumente/GitHub/FreetimeOS/lfs/build-glibc/elf/dl-allobjs.os
                0x0000000000000018                _r_debug_extended
                0x0000000000000018                _r_debug
                0x0000000000000090                __nptl_initial_report_events
                0x0000000000000090                __GI___nptl_initial_report_events
                0x00000000000000c8                _dl_hwcaps_priorities_length
                0x00000000000000d0                _dl_hwcaps_priorities
                0x0000000000000120                __rtld_tls_init_tp_called
                0x0000000000000188                __curbrk
 .bss           0x0000000000000190        0x0 /home/j/Dokumente/GitHub/FreetimeOS/lfs/build-glibc/elf/rtld-libc.a(rtld-check_fds.os)
 .bss           0x0000000000000190        0x4 /home/j/Dokumente/GitHub/FreetimeOS/lfs/build-glibc/elf/rtld-libc.a(rtld-errno.os)
                0x0000000000000190                rtld_errno
 .bss           0x0000000000000194        0x0 /home/j/Dokumente/GitHub/FreetimeOS/lfs/build-glibc/elf/rtld-libc.a(rtld-closedir.os)
 .bss           0x0000000000000194        0x0 /home/j/Dokumente/GitHub/FreetimeOS/lfs/build-glibc/elf/rtld-libc.a(rtld-rewinddir.os)
 .bss           0x0000000000000194        0x0 /home/j/Dokumente/GitHub/FreetimeOS/lfs/build-glibc/elf/rtld-libc.a(rtld-readdir64.os)
 .bss           0x0000000000000194        0x0 /home/j/Dokumente/GitHub/FreetimeOS/lfs/build-glibc/elf/rtld-libc.a(rtld-fdopendir.os)
 .bss           0x0000000000000194        0x0 /home/j/Dokumente/GitHub/FreetimeOS/lfs/build-glibc/elf/rtld-libc.a(rtld-getdents64.os)
 .bss           0x0000000000000194        0x0 /home/j/Dokumente/GitHub/FreetimeOS/lfs/build-glibc/elf/rtld-libc.a(rtld-dl-addr-obj.os)
 *fill*         0x0000000000000194        0x4 
 .bss           0x0000000000000198       0x20 /home/j/Dokumente/GitHub/FreetimeOS/lfs/build-glibc/elf/rtld-libc.a(rtld-profil.os)
 .bss           0x00000000000001b8        0x0 /home/j/Dokumente/GitHub/FreetimeOS/lfs/build-glibc/elf/rtld-libc.a(rtld-prof-freq.os)
 .bss           0x00000000000001b8        0x0 /home/j/Dokumente/GitHub/FreetimeOS/lfs/build-glibc/elf/rtld-libc.a(rtld-access.os)
 .bss           0x00000000000001b8        0x0 /home/j/Dokumente/GitHub/FreetimeOS/lfs/build-glibc/elf/rtld-libc.a(rtld-fstat64.os)
 .bss           0x00000000000001b8        0x0 /home/j/Dokumente/GitHub/FreetimeOS/lfs/build-glibc/elf/rtld-libc.a(rtld-fstatat64.os)
 .bss           0x00000000000001b8        0x0 /home/j/Dokumente/GitHub/FreetimeOS/lfs/build-glibc/elf/rtld-libc.a(rtld-lseek64.os)
 .bss           0x00000000000001b8        0x0 /home/j/Dokumente/GitHub/FreetimeOS/lfs/build-glibc/elf/rtld-libc.a(rtld-lstat64.os)
 .bss           0x00000000000001b8        0x0 /home/j/Dokumente/GitHub/FreetimeOS/lfs/build-glibc/elf/rtld-libc.a(rtld-openat64.os)
 .bss           0x00000000000001b8        0x0 /home/j/Dokumente/GitHub/FreetimeOS/lfs/build-glibc/elf/rtld-libc.a(rtld-stat64.os)
 .bss           0x00000000000001b8        0x0 /home/j/Dokumente/GitHub/FreetimeOS/lfs/build-glibc/elf/rtld-libc.a(rtld-close_nocancel.os)
 .bss           0x00000000000001b8        0x0 /home/j/Dokumente/GitHub/FreetimeOS/lfs/build-glibc/elf/rtld-libc.a(rtld-fcntl_nocancel.os)
 .bss           0x00000000000001b8        0x0 /home/j/Dokumente/GitHub/FreetimeOS/lfs/build-glibc/elf/rtld-libc.a(rtld-open64_nocancel.os)
 .bss           0x00000000000001b8        0x0 /home/j/Dokumente/GitHub/FreetimeOS/lfs/build-glibc/elf/rtld-libc.a(rtld-pread64_nocancel.os)
 .bss           0x00000000000001b8        0x0 /home/j/Dokumente/GitHub/FreetimeOS/lfs/build-glibc/elf/rtld-libc.a(rtld-read_nocancel.os)
 .bss           0x00000000000001b8        0x0 /home/j/Dokumente/GitHub/FreetimeOS/lfs/build-glibc/elf/rtld-libc.a(rtld-write_nocancel.os)
 .bss           0x00000000000001b8        0x0 /home/j/Dokumente/GitHub/FreetimeOS/lfs/build-glibc/elf/rtld-libc.a(rtld-scratch_buffer_set_array_size.os)
 .bss           0x00000000000001b8        0x0 /home/j/Dokumente/GitHub/FreetimeOS/lfs/build-glibc/elf/rtld-libc.a(rtld-mmap64.os)
 .bss           0x00000000000001b8        0x0 /home/j/Dokumente/GitHub/FreetimeOS/lfs/build-glibc/elf/rtld-libc.a(rtld-mprotect.os)
 .bss           0x00000000000001b8        0x0 /home/j/Dokumente/GitHub/FreetimeOS/lfs/build-glibc/elf/rtld-libc.a(rtld-munmap.os)
 .bss           0x00000000000001b8        0x0 /home/j/Dokumente/GitHub/FreetimeOS/lfs/build-glibc/elf/rtld-libc.a(rtld-setvmaname.os)
 .bss           0x00000000000001b8        0x4 /home/j/Dokumente/GitHub/FreetimeOS/lfs/build-glibc/elf/rtld-libc.a(rtld-lowlevellock.os)
                0x00000000000001b8                __pthread_force_elision
 .bss           0x00000000000001bc        0x0 /home/j/Dokumente/GitHub/FreetimeOS/lfs/build-glibc/elf/rtld-libc.a(rtld-_exit.os)
 .bss           0x00000000000001bc        0x0 /home/j/Dokumente/GitHub/FreetimeOS/lfs/build-glibc/elf/rtld-libc.a(rtld-getpid.os)
 .bss           0x00000000000001bc        0x0 /home/j/Dokumente/GitHub/FreetimeOS/lfs/build-glibc/elf/rtld-libc.a(rtld-uname.os)
 *fill*         0x00000000000001bc        0x4 
 .bss           0x00000000000001c0        0x8 /home/j/Dokumente/GitHub/FreetimeOS/lfs/build-glibc/elf/rtld-libc.a(rtld-environ.os)
                0x00000000000001c0                _environ
                0x00000000000001c0                __environ
                0x00000000000001c0                environ
 .bss           0x00000000000001c8        0x0 /home/j/Dokumente/GitHub/FreetimeOS/lfs/build-glibc/elf/rtld-libc.a(rtld-setjmp.os)
 .bss           0x00000000000001c8        0x0 /home/j/Dokumente/GitHub/FreetimeOS/lfs/build-glibc/elf/rtld-libc.a(rtld-__longjmp.os)
 .bss           0x00000000000001c8        0x0 /home/j/Dokumente/GitHub/FreetimeOS/lfs/build-glibc/elf/rtld-libc.a(rtld-sigaction.os)
 .bss           0x00000000000001c8        0x0 /home/j/Dokumente/GitHub/FreetimeOS/lfs/build-glibc/elf/rtld-libc.a(rtld-libc_sigaction.os)
 .bss           0x00000000000001c8        0x0 /home/j/Dokumente/GitHub/FreetimeOS/lfs/build-glibc/elf/rtld-libc.a(rtld-memchr.os)
 .bss           0x00000000000001c8        0x0 /home/j/Dokumente/GitHub/FreetimeOS/lfs/build-glibc/elf/rtld-libc.a(rtld-memcmp.os)
 .bss           0x00000000000001c8        0x0 /home/j/Dokumente/GitHub/FreetimeOS/lfs/build-glibc/elf/rtld-libc.a(rtld-memmove.os)
 .bss           0x00000000000001c8        0x0 /home/j/Dokumente/GitHub/FreetimeOS/lfs/build-glibc/elf/rtld-libc.a(rtld-memset.os)
 .bss           0x00000000000001c8        0x0 /home/j/Dokumente/GitHub/FreetimeOS/lfs/build-glibc/elf/rtld-libc.a(rtld-stpcpy.os)
 .bss           0x00000000000001c8        0x0 /home/j/Dokumente/GitHub/FreetimeOS/lfs/build-glibc/elf/rtld-libc.a(rtld-strchr.os)
 .bss           0x00000000000001c8        0x0 /home/j/Dokumente/GitHub/FreetimeOS/lfs/build-glibc/elf/rtld-libc.a(rtld-strcmp.os)
 .bss           0x00000000000001c8        0x0 /home/j/Dokumente/GitHub/FreetimeOS/lfs/build-glibc/elf/rtld-libc.a(rtld-strcspn.os)
 .bss           0x00000000000001c8        0x0 /home/j/Dokumente/GitHub/FreetimeOS/lfs/build-glibc/elf/rtld-libc.a(rtld-strdup.os)
 .bss           0x00000000000001c8        0x0 /home/j/Dokumente/GitHub/FreetimeOS/lfs/build-glibc/elf/rtld-libc.a(rtld-strerrorname_np.os)
 .bss           0x00000000000001c8        0x0 /home/j/Dokumente/GitHub/FreetimeOS/lfs/build-glibc/elf/rtld-libc.a(rtld-strlen.os)
 .bss           0x00000000000001c8        0x0 /home/j/Dokumente/GitHub/FreetimeOS/lfs/build-glibc/elf/rtld-libc.a(rtld-strncmp.os)
 .bss           0x00000000000001c8        0x0 /home/j/Dokumente/GitHub/FreetimeOS/lfs/build-glibc/elf/rtld-libc.a(rtld-strnlen.os)
 .bss           0x00000000000001c8        0x0 /home/j/Dokumente/GitHub/FreetimeOS/lfs/build-glibc/elf/rtld-libc.a(rtld-strchrnul.os)
 .bss           0x00000000000001c8        0x0 /home/j/Dokumente/GitHub/FreetimeOS/lfs/build-glibc/elf/rtld-libc.a(rtld-setitimer.os)
 .bss           0x00000000000001c8        0x0 /home/j/Dokumente/GitHub/FreetimeOS/lfs/build-glibc/elf/rtld-libc.a(rtld-errname.os)

.lbss
 *(.lbss)

.lrodata
 *(.lrodata)

.ldata
 *(.ldata)

.stab
 *(.stab)

.stabstr
 *(.stabstr)

.stab.excl
 *(.stab.excl)

.stab.exclstr
 *(.stab.exclstr)

.stab.index
 *(.stab.index)

.stab.indexstr
 *(.stab.indexstr)

.comment        0x0000000000000000      0xfd0
 *(.comment)
 .comment       0x0000000000000000      0x9a0 /home/j/Dokumente/GitHub/FreetimeOS/lfs/build-glibc/elf/dl-allobjs.os
 .comment       0x00000000000009a0       0x2c /home/j/Dokumente/GitHub/FreetimeOS/lfs/build-glibc/elf/rtld-libc.a(rtld-check_fds.os)
 .comment       0x00000000000009cc       0x2c /home/j/Dokumente/GitHub/FreetimeOS/lfs/build-glibc/elf/rtld-libc.a(rtld-errno.os)
 .comment       0x00000000000009f8       0x2c /home/j/Dokumente/GitHub/FreetimeOS/lfs/build-glibc/elf/rtld-libc.a(rtld-closedir.os)
 .comment       0x0000000000000a24       0x2c /home/j/Dokumente/GitHub/FreetimeOS/lfs/build-glibc/elf/rtld-libc.a(rtld-rewinddir.os)
 .comment       0x0000000000000a50       0x2c /home/j/Dokumente/GitHub/FreetimeOS/lfs/build-glibc/elf/rtld-libc.a(rtld-readdir64.os)
 .comment       0x0000000000000a7c       0x2c /home/j/Dokumente/GitHub/FreetimeOS/lfs/build-glibc/elf/rtld-libc.a(rtld-fdopendir.os)
 .comment       0x0000000000000aa8       0x2c /home/j/Dokumente/GitHub/FreetimeOS/lfs/build-glibc/elf/rtld-libc.a(rtld-getdents64.os)
 .comment       0x0000000000000ad4       0x2c /home/j/Dokumente/GitHub/FreetimeOS/lfs/build-glibc/elf/rtld-libc.a(rtld-dl-addr-obj.os)
 .comment       0x0000000000000b00       0x2c /home/j/Dokumente/GitHub/FreetimeOS/lfs/build-glibc/elf/rtld-libc.a(rtld-profil.os)
 .comment       0x0000000000000b2c       0x2c /home/j/Dokumente/GitHub/FreetimeOS/lfs/build-glibc/elf/rtld-libc.a(rtld-prof-freq.os)
 .comment       0x0000000000000b58       0x2c /home/j/Dokumente/GitHub/FreetimeOS/lfs/build-glibc/elf/rtld-libc.a(rtld-access.os)
 .comment       0x0000000000000b84       0x2c /home/j/Dokumente/GitHub/FreetimeOS/lfs/build-glibc/elf/rtld-libc.a(rtld-fstat64.os)
 .comment       0x0000000000000bb0       0x2c /home/j/Dokumente/GitHub/FreetimeOS/lfs/build-glibc/elf/rtld-libc.a(rtld-fstatat64.os)
 .comment       0x0000000000000bdc       0x2c /home/j/Dokumente/GitHub/FreetimeOS/lfs/build-glibc/elf/rtld-libc.a(rtld-lseek64.os)
 .comment       0x0000000000000c08       0x2c /home/j/Dokumente/GitHub/FreetimeOS/lfs/build-glibc/elf/rtld-libc.a(rtld-lstat64.os)
 .comment       0x0000000000000c34       0x2c /home/j/Dokumente/GitHub/FreetimeOS/lfs/build-glibc/elf/rtld-libc.a(rtld-openat64.os)
 .comment       0x0000000000000c60       0x2c /home/j/Dokumente/GitHub/FreetimeOS/lfs/build-glibc/elf/rtld-libc.a(rtld-stat64.os)
 .comment       0x0000000000000c8c       0x2c /home/j/Dokumente/GitHub/FreetimeOS/lfs/build-glibc/elf/rtld-libc.a(rtld-close_nocancel.os)
 .comment       0x0000000000000cb8       0x2c /home/j/Dokumente/GitHub/FreetimeOS/lfs/build-glibc/elf/rtld-libc.a(rtld-fcntl_nocancel.os)
 .comment       0x0000000000000ce4       0x2c /home/j/Dokumente/GitHub/FreetimeOS/lfs/build-glibc/elf/rtld-libc.a(rtld-open64_nocancel.os)
 .comment       0x0000000000000d10       0x2c /home/j/Dokumente/GitHub/FreetimeOS/lfs/build-glibc/elf/rtld-libc.a(rtld-pread64_nocancel.os)
 .comment       0x0000000000000d3c       0x2c /home/j/Dokumente/GitHub/FreetimeOS/lfs/build-glibc/elf/rtld-libc.a(rtld-read_nocancel.os)
 .comment       0x0000000000000d68       0x2c /home/j/Dokumente/GitHub/FreetimeOS/lfs/build-glibc/elf/rtld-libc.a(rtld-write_nocancel.os)
 .comment       0x0000000000000d94       0x2c /home/j/Dokumente/GitHub/FreetimeOS/lfs/build-glibc/elf/rtld-libc.a(rtld-scratch_buffer_set_array_size.os)
 .comment       0x0000000000000dc0       0x2c /home/j/Dokumente/GitHub/FreetimeOS/lfs/build-glibc/elf/rtld-libc.a(rtld-mmap64.os)
 .comment       0x0000000000000dec       0x2c /home/j/Dokumente/GitHub/FreetimeOS/lfs/build-glibc/elf/rtld-libc.a(rtld-setvmaname.os)
 .comment       0x0000000000000e18       0x2c /home/j/Dokumente/GitHub/FreetimeOS/lfs/build-glibc/elf/rtld-libc.a(rtld-lowlevellock.os)
 .comment       0x0000000000000e44       0x2c /home/j/Dokumente/GitHub/FreetimeOS/lfs/build-glibc/elf/rtld-libc.a(rtld-_exit.os)
 .comment       0x0000000000000e70       0x2c /home/j/Dokumente/GitHub/FreetimeOS/lfs/build-glibc/elf/rtld-libc.a(rtld-environ.os)
 .comment       0x0000000000000e9c       0x2c /home/j/Dokumente/GitHub/FreetimeOS/lfs/build-glibc/elf/rtld-libc.a(rtld-sigaction.os)
 .comment       0x0000000000000ec8       0x2c /home/j/Dokumente/GitHub/FreetimeOS/lfs/build-glibc/elf/rtld-libc.a(rtld-libc_sigaction.os)
 .comment       0x0000000000000ef4       0x2c /home/j/Dokumente/GitHub/FreetimeOS/lfs/build-glibc/elf/rtld-libc.a(rtld-strcspn.os)
 .comment       0x0000000000000f20       0x2c /home/j/Dokumente/GitHub/FreetimeOS/lfs/build-glibc/elf/rtld-libc.a(rtld-strdup.os)
 .comment       0x0000000000000f4c       0x2c /home/j/Dokumente/GitHub/FreetimeOS/lfs/build-glibc/elf/rtld-libc.a(rtld-strerrorname_np.os)
 .comment       0x0000000000000f78       0x2c /home/j/Dokumente/GitHub/FreetimeOS/lfs/build-glibc/elf/rtld-libc.a(rtld-setitimer.os)
 .comment       0x0000000000000fa4       0x2c /home/j/Dokumente/GitHub/FreetimeOS/lfs/build-glibc/elf/rtld-libc.a(rtld-errname.os)

.note.GNU-stack
                0x0000000000000000        0x0
 .note.GNU-stack
                0x0000000000000000        0x0 /home/j/Dokumente/GitHub/FreetimeOS/lfs/build-glibc/elf/dl-allobjs.os
 .note.GNU-stack
                0x0000000000000000        0x0 /home/j/Dokumente/GitHub/FreetimeOS/lfs/build-glibc/elf/rtld-libc.a(rtld-check_fds.os)
 .note.GNU-stack
                0x0000000000000000        0x0 /home/j/Dokumente/GitHub/FreetimeOS/lfs/build-glibc/elf/rtld-libc.a(rtld-errno.os)
 .note.GNU-stack
                0x0000000000000000        0x0 /home/j/Dokumente/GitHub/FreetimeOS/lfs/build-glibc/elf/rtld-libc.a(rtld-closedir.os)
 .note.GNU-stack
                0x0000000000000000        0x0 /home/j/Dokumente/GitHub/FreetimeOS/lfs/build-glibc/elf/rtld-libc.a(rtld-rewinddir.os)
 .note.GNU-stack
                0x0000000000000000        0x0 /home/j/Dokumente/GitHub/FreetimeOS/lfs/build-glibc/elf/rtld-libc.a(rtld-readdir64.os)
 .note.GNU-stack
                0x0000000000000000        0x0 /home/j/Dokumente/GitHub/FreetimeOS/lfs/build-glibc/elf/rtld-libc.a(rtld-fdopendir.os)
 .note.GNU-stack
                0x0000000000000000        0x0 /home/j/Dokumente/GitHub/FreetimeOS/lfs/build-glibc/elf/rtld-libc.a(rtld-getdents64.os)
 .note.GNU-stack
                0x0000000000000000        0x0 /home/j/Dokumente/GitHub/FreetimeOS/lfs/build-glibc/elf/rtld-libc.a(rtld-dl-addr-obj.os)
 .note.GNU-stack
                0x0000000000000000        0x0 /home/j/Dokumente/GitHub/FreetimeOS/lfs/build-glibc/elf/rtld-libc.a(rtld-profil.os)
 .note.GNU-stack
                0x0000000000000000        0x0 /home/j/Dokumente/GitHub/FreetimeOS/lfs/build-glibc/elf/rtld-libc.a(rtld-prof-freq.os)
 .note.GNU-stack
                0x0000000000000000        0x0 /home/j/Dokumente/GitHub/FreetimeOS/lfs/build-glibc/elf/rtld-libc.a(rtld-access.os)
 .note.GNU-stack
                0x0000000000000000        0x0 /home/j/Dokumente/GitHub/FreetimeOS/lfs/build-glibc/elf/rtld-libc.a(rtld-fstat64.os)
 .note.GNU-stack
                0x0000000000000000        0x0 /home/j/Dokumente/GitHub/FreetimeOS/lfs/build-glibc/elf/rtld-libc.a(rtld-fstatat64.os)
 .note.GNU-stack
                0x0000000000000000        0x0 /home/j/Dokumente/GitHub/FreetimeOS/lfs/build-glibc/elf/rtld-libc.a(rtld-lseek64.os)
 .note.GNU-stack
                0x0000000000000000        0x0 /home/j/Dokumente/GitHub/FreetimeOS/lfs/build-glibc/elf/rtld-libc.a(rtld-lstat64.os)
 .note.GNU-stack
                0x0000000000000000        0x0 /home/j/Dokumente/GitHub/FreetimeOS/lfs/build-glibc/elf/rtld-libc.a(rtld-openat64.os)
 .note.GNU-stack
                0x0000000000000000        0x0 /home/j/Dokumente/GitHub/FreetimeOS/lfs/build-glibc/elf/rtld-libc.a(rtld-stat64.os)
 .note.GNU-stack
                0x0000000000000000        0x0 /home/j/Dokumente/GitHub/FreetimeOS/lfs/build-glibc/elf/rtld-libc.a(rtld-close_nocancel.os)
 .note.GNU-stack
                0x0000000000000000        0x0 /home/j/Dokumente/GitHub/FreetimeOS/lfs/build-glibc/elf/rtld-libc.a(rtld-fcntl_nocancel.os)
 .note.GNU-stack
                0x0000000000000000        0x0 /home/j/Dokumente/GitHub/FreetimeOS/lfs/build-glibc/elf/rtld-libc.a(rtld-open64_nocancel.os)
 .note.GNU-stack
                0x0000000000000000        0x0 /home/j/Dokumente/GitHub/FreetimeOS/lfs/build-glibc/elf/rtld-libc.a(rtld-pread64_nocancel.os)
 .note.GNU-stack
                0x0000000000000000        0x0 /home/j/Dokumente/GitHub/FreetimeOS/lfs/build-glibc/elf/rtld-libc.a(rtld-read_nocancel.os)
 .note.GNU-stack
                0x0000000000000000        0x0 /home/j/Dokumente/GitHub/FreetimeOS/lfs/build-glibc/elf/rtld-libc.a(rtld-write_nocancel.os)
 .note.GNU-stack
                0x0000000000000000        0x0 /home/j/Dokumente/GitHub/FreetimeOS/lfs/build-glibc/elf/rtld-libc.a(rtld-scratch_buffer_set_array_size.os)
 .note.GNU-stack
                0x0000000000000000        0x0 /home/j/Dokumente/GitHub/FreetimeOS/lfs/build-glibc/elf/rtld-libc.a(rtld-mmap64.os)
 .note.GNU-stack
                0x0000000000000000        0x0 /home/j/Dokumente/GitHub/FreetimeOS/lfs/build-glibc/elf/rtld-libc.a(rtld-mprotect.os)
 .note.GNU-stack
                0x0000000000000000        0x0 /home/j/Dokumente/GitHub/FreetimeOS/lfs/build-glibc/elf/rtld-libc.a(rtld-munmap.os)
 .note.GNU-stack
                0x0000000000000000        0x0 /home/j/Dokumente/GitHub/FreetimeOS/lfs/build-glibc/elf/rtld-libc.a(rtld-setvmaname.os)
 .note.GNU-stack
                0x0000000000000000        0x0 /home/j/Dokumente/GitHub/FreetimeOS/lfs/build-glibc/elf/rtld-libc.a(rtld-lowlevellock.os)
 .note.GNU-stack
                0x0000000000000000        0x0 /home/j/Dokumente/GitHub/FreetimeOS/lfs/build-glibc/elf/rtld-libc.a(rtld-_exit.os)
 .note.GNU-stack
                0x0000000000000000        0x0 /home/j/Dokumente/GitHub/FreetimeOS/lfs/build-glibc/elf/rtld-libc.a(rtld-getpid.os)
 .note.GNU-stack
                0x0000000000000000        0x0 /home/j/Dokumente/GitHub/FreetimeOS/lfs/build-glibc/elf/rtld-libc.a(rtld-uname.os)
 .note.GNU-stack
                0x0000000000000000        0x0 /home/j/Dokumente/GitHub/FreetimeOS/lfs/build-glibc/elf/rtld-libc.a(rtld-environ.os)
 .note.GNU-stack
                0x0000000000000000        0x0 /home/j/Dokumente/GitHub/FreetimeOS/lfs/build-glibc/elf/rtld-libc.a(rtld-setjmp.os)
 .note.GNU-stack
                0x0000000000000000        0x0 /home/j/Dokumente/GitHub/FreetimeOS/lfs/build-glibc/elf/rtld-libc.a(rtld-__longjmp.os)
 .note.GNU-stack
                0x0000000000000000        0x0 /home/j/Dokumente/GitHub/FreetimeOS/lfs/build-glibc/elf/rtld-libc.a(rtld-sigaction.os)
 .note.GNU-stack
                0x0000000000000000        0x0 /home/j/Dokumente/GitHub/FreetimeOS/lfs/build-glibc/elf/rtld-libc.a(rtld-libc_sigaction.os)
 .note.GNU-stack
                0x0000000000000000        0x0 /home/j/Dokumente/GitHub/FreetimeOS/lfs/build-glibc/elf/rtld-libc.a(rtld-memchr.os)
 .note.GNU-stack
                0x0000000000000000        0x0 /home/j/Dokumente/GitHub/FreetimeOS/lfs/build-glibc/elf/rtld-libc.a(rtld-memcmp.os)
 .note.GNU-stack
                0x0000000000000000        0x0 /home/j/Dokumente/GitHub/FreetimeOS/lfs/build-glibc/elf/rtld-libc.a(rtld-memmove.os)
 .note.GNU-stack
                0x0000000000000000        0x0 /home/j/Dokumente/GitHub/FreetimeOS/lfs/build-glibc/elf/rtld-libc.a(rtld-memset.os)
 .note.GNU-stack
                0x0000000000000000        0x0 /home/j/Dokumente/GitHub/FreetimeOS/lfs/build-glibc/elf/rtld-libc.a(rtld-stpcpy.os)
 .note.GNU-stack
                0x0000000000000000        0x0 /home/j/Dokumente/GitHub/FreetimeOS/lfs/build-glibc/elf/rtld-libc.a(rtld-strchr.os)
 .note.GNU-stack
                0x0000000000000000        0x0 /home/j/Dokumente/GitHub/FreetimeOS/lfs/build-glibc/elf/rtld-libc.a(rtld-strcmp.os)
 .note.GNU-stack
                0x0000000000000000        0x0 /home/j/Dokumente/GitHub/FreetimeOS/lfs/build-glibc/elf/rtld-libc.a(rtld-strcspn.os)
 .note.GNU-stack
                0x0000000000000000        0x0 /home/j/Dokumente/GitHub/FreetimeOS/lfs/build-glibc/elf/rtld-libc.a(rtld-strdup.os)
 .note.GNU-stack
                0x0000000000000000        0x0 /home/j/Dokumente/GitHub/FreetimeOS/lfs/build-glibc/elf/rtld-libc.a(rtld-strerrorname_np.os)
 .note.GNU-stack
                0x0000000000000000        0x0 /home/j/Dokumente/GitHub/FreetimeOS/lfs/build-glibc/elf/rtld-libc.a(rtld-strlen.os)
 .note.GNU-stack
                0x0000000000000000        0x0 /home/j/Dokumente/GitHub/FreetimeOS/lfs/build-glibc/elf/rtld-libc.a(rtld-strncmp.os)
 .note.GNU-stack
                0x0000000000000000        0x0 /home/j/Dokumente/GitHub/FreetimeOS/lfs/build-glibc/elf/rtld-libc.a(rtld-strnlen.os)
 .note.GNU-stack
                0x0000000000000000        0x0 /home/j/Dokumente/GitHub/FreetimeOS/lfs/build-glibc/elf/rtld-libc.a(rtld-strchrnul.os)
 .note.GNU-stack
                0x0000000000000000        0x0 /home/j/Dokumente/GitHub/FreetimeOS/lfs/build-glibc/elf/rtld-libc.a(rtld-setitimer.os)
 .note.GNU-stack
                0x0000000000000000        0x0 /home/j/Dokumente/GitHub/FreetimeOS/lfs/build-glibc/elf/rtld-libc.a(rtld-errname.os)

.gnu.build.attributes
 *(.gnu.build.attributes)

.debug
 *(.debug)

.line
 *(.line)

.debug_srcinfo
 *(.debug_srcinfo)

.debug_sfnames
 *(.debug_sfnames)

.debug_aranges
 *(.debug_aranges)

.debug_pubnames
 *(.debug_pubnames)

.debug_info
 *(.debug_info)

.debug_abbrev
 *(.debug_abbrev)

.debug_line
 *(.debug_line)

.debug_frame
 *(.debug_frame)

.debug_str
 *(.debug_str)

.debug_loc
 *(.debug_loc)

.debug_macinfo
 *(.debug_macinfo)

.debug_weaknames
 *(.debug_weaknames)

.debug_funcnames
 *(.debug_funcnames)

.debug_typenames
 *(.debug_typenames)

.debug_varnames
 *(.debug_varnames)

.debug_pubtypes
 *(.debug_pubtypes)

.debug_ranges
 *(.debug_ranges)

.debug_addr
 *(.debug_addr)

.debug_line_str
 *(.debug_line_str)

.debug_loclists
 *(.debug_loclists)

.debug_macro
 *(.debug_macro)

.debug_names
 *(.debug_names)

.debug_rnglists
 *(.debug_rnglists)

.debug_str_offsets
 *(.debug_str_offsets)

.debug_sup
 *(.debug_sup)

.gnu.attributes
 *(.gnu.attributes)
OUTPUT(/home/j/Dokumente/GitHub/FreetimeOS/lfs/build-glibc/elf/librtld.os elf64-x86-64)
