Archive member included to satisfy reference by file (symbol)

/home/j/Dokumente/GitHub/FreetimeOS/lfs/build-glibc/libc_pic.a(check_fds.os)
                              /home/j/Dokumente/GitHub/FreetimeOS/lfs/build-glibc/elf/dl-allobjs.os (__libc_check_standard_fds)
/home/j/Dokumente/GitHub/FreetimeOS/lfs/build-glibc/libc_pic.a(errno.os)
                              /home/j/Dokumente/GitHub/FreetimeOS/lfs/build-glibc/libc_pic.a(check_fds.os) (__libc_errno)
/home/j/Dokumente/GitHub/FreetimeOS/lfs/build-glibc/libc_pic.a(setjmp.os)
                              /home/j/Dokumente/GitHub/FreetimeOS/lfs/build-glibc/elf/dl-allobjs.os (__sigsetjmp)
/home/j/Dokumente/GitHub/FreetimeOS/lfs/build-glibc/libc_pic.a(__longjmp.os)
                              /home/j/Dokumente/GitHub/FreetimeOS/lfs/build-glibc/elf/dl-allobjs.os (__longjmp)
/home/j/Dokumente/GitHub/FreetimeOS/lfs/build-glibc/libc_pic.a(lowlevellock.os)
                              /home/j/Dokumente/GitHub/FreetimeOS/lfs/build-glibc/elf/dl-allobjs.os (__lll_lock_wait_private)
/home/j/Dokumente/GitHub/FreetimeOS/lfs/build-glibc/libc_pic.a(scratch_buffer_set_array_size.os)
                              /home/j/Dokumente/GitHub/FreetimeOS/lfs/build-glibc/elf/dl-allobjs.os (__libc_scratch_buffer_set_array_size)
/home/j/Dokumente/GitHub/FreetimeOS/lfs/build-glibc/libc_pic.a(memchr.os)
                              /home/j/Dokumente/GitHub/FreetimeOS/lfs/build-glibc/elf/dl-allobjs.os (memchr)
/home/j/Dokumente/GitHub/FreetimeOS/lfs/build-glibc/libc_pic.a(memcmp.os)
                              /home/j/Dokumente/GitHub/FreetimeOS/lfs/build-glibc/elf/dl-allobjs.os (memcmp)
/home/j/Dokumente/GitHub/FreetimeOS/lfs/build-glibc/libc_pic.a(memcpy.os)
                              /home/j/Dokumente/GitHub/FreetimeOS/lfs/build-glibc/libc_pic.a(check_fds.os) (__GI_memcpy)
/home/j/Dokumente/GitHub/FreetimeOS/lfs/build-glibc/libc_pic.a(memmove.os)
                              /home/j/Dokumente/GitHub/FreetimeOS/lfs/build-glibc/elf/dl-allobjs.os (memmove)
/home/j/Dokumente/GitHub/FreetimeOS/lfs/build-glibc/libc_pic.a(mempcpy.os)
                              /home/j/Dokumente/GitHub/FreetimeOS/lfs/build-glibc/elf/dl-allobjs.os (__mempcpy)
/home/j/Dokumente/GitHub/FreetimeOS/lfs/build-glibc/libc_pic.a(memset.os)
                              /home/j/Dokumente/GitHub/FreetimeOS/lfs/build-glibc/elf/dl-allobjs.os (memset)
/home/j/Dokumente/GitHub/FreetimeOS/lfs/build-glibc/libc_pic.a(stpcpy.os)
                              /home/j/Dokumente/GitHub/FreetimeOS/lfs/build-glibc/elf/dl-allobjs.os (__stpcpy)
/home/j/Dokumente/GitHub/FreetimeOS/lfs/build-glibc/libc_pic.a(strchr.os)
                              /home/j/Dokumente/GitHub/FreetimeOS/lfs/build-glibc/elf/dl-allobjs.os (strchr)
/home/j/Dokumente/GitHub/FreetimeOS/lfs/build-glibc/libc_pic.a(strcmp.os)
                              /home/j/Dokumente/GitHub/FreetimeOS/lfs/build-glibc/elf/dl-allobjs.os (strcmp)
/home/j/Dokumente/GitHub/FreetimeOS/lfs/build-glibc/libc_pic.a(strcspn.os)
                              /home/j/Dokumente/GitHub/FreetimeOS/lfs/build-glibc/elf/dl-allobjs.os (strcspn)
/home/j/Dokumente/GitHub/FreetimeOS/lfs/build-glibc/libc_pic.a(strdup.os)
                              /home/j/Dokumente/GitHub/FreetimeOS/lfs/build-glibc/elf/dl-allobjs.os (__strdup)
/home/j/Dokumente/GitHub/FreetimeOS/lfs/build-glibc/libc_pic.a(strerrorname_np.os)
                              /home/j/Dokumente/GitHub/FreetimeOS/lfs/build-glibc/elf/dl-allobjs.os (strerrorname_np)
/home/j/Dokumente/GitHub/FreetimeOS/lfs/build-glibc/libc_pic.a(strlen.os)
                              /home/j/Dokumente/GitHub/FreetimeOS/lfs/build-glibc/elf/dl-allobjs.os (strlen)
/home/j/Dokumente/GitHub/FreetimeOS/lfs/build-glibc/libc_pic.a(strncmp.os)
                              /home/j/Dokumente/GitHub/FreetimeOS/lfs/build-glibc/elf/dl-allobjs.os (strncmp)
/home/j/Dokumente/GitHub/FreetimeOS/lfs/build-glibc/libc_pic.a(strnlen.os)
                              /home/j/Dokumente/GitHub/FreetimeOS/lfs/build-glibc/elf/dl-allobjs.os (strnlen)
/home/j/Dokumente/GitHub/FreetimeOS/lfs/build-glibc/libc_pic.a(memchr-avx2.os)
                              /home/j/Dokumente/GitHub/FreetimeOS/lfs/build-glibc/libc_pic.a(memchr.os) (__memchr_avx2)
/home/j/Dokumente/GitHub/FreetimeOS/lfs/build-glibc/libc_pic.a(memchr-avx2-rtm.os)
                              /home/j/Dokumente/GitHub/FreetimeOS/lfs/build-glibc/libc_pic.a(memchr.os) (__memchr_avx2_rtm)
/home/j/Dokumente/GitHub/FreetimeOS/lfs/build-glibc/libc_pic.a(memchr-evex.os)
                              /home/j/Dokumente/GitHub/FreetimeOS/lfs/build-glibc/libc_pic.a(memchr.os) (__memchr_evex)
/home/j/Dokumente/GitHub/FreetimeOS/lfs/build-glibc/libc_pic.a(memchr-evex-rtm.os)
                              /home/j/Dokumente/GitHub/FreetimeOS/lfs/build-glibc/libc_pic.a(memchr.os) (__memchr_evex_rtm)
/home/j/Dokumente/GitHub/FreetimeOS/lfs/build-glibc/libc_pic.a(memchr-sse2.os)
                              /home/j/Dokumente/GitHub/FreetimeOS/lfs/build-glibc/libc_pic.a(memchr.os) (__memchr_sse2)
/home/j/Dokumente/GitHub/FreetimeOS/lfs/build-glibc/libc_pic.a(memcmp-avx2-movbe.os)
                              /home/j/Dokumente/GitHub/FreetimeOS/lfs/build-glibc/libc_pic.a(memcmp.os) (__memcmp_avx2_movbe)
/home/j/Dokumente/GitHub/FreetimeOS/lfs/build-glibc/libc_pic.a(memcmp-avx2-movbe-rtm.os)
                              /home/j/Dokumente/GitHub/FreetimeOS/lfs/build-glibc/libc_pic.a(memcmp.os) (__memcmp_avx2_movbe_rtm)
/home/j/Dokumente/GitHub/FreetimeOS/lfs/build-glibc/libc_pic.a(memcmp-evex-movbe.os)
                              /home/j/Dokumente/GitHub/FreetimeOS/lfs/build-glibc/libc_pic.a(memcmp.os) (__memcmp_evex_movbe)
/home/j/Dokumente/GitHub/FreetimeOS/lfs/build-glibc/libc_pic.a(memcmp-sse2.os)
                              /home/j/Dokumente/GitHub/FreetimeOS/lfs/build-glibc/libc_pic.a(memcmp.os) (__memcmp_sse2)
/home/j/Dokumente/GitHub/FreetimeOS/lfs/build-glibc/libc_pic.a(memmove-avx-unaligned-erms.os)
                              /home/j/Dokumente/GitHub/FreetimeOS/lfs/build-glibc/libc_pic.a(mempcpy.os) (__mempcpy_avx_unaligned)
/home/j/Dokumente/GitHub/FreetimeOS/lfs/build-glibc/libc_pic.a(memmove-avx-unaligned-erms-rtm.os)
                              /home/j/Dokumente/GitHub/FreetimeOS/lfs/build-glibc/libc_pic.a(mempcpy.os) (__mempcpy_avx_unaligned_rtm)
/home/j/Dokumente/GitHub/FreetimeOS/lfs/build-glibc/libc_pic.a(memmove-avx512-no-vzeroupper.os)
                              /home/j/Dokumente/GitHub/FreetimeOS/lfs/build-glibc/libc_pic.a(mempcpy.os) (__mempcpy_avx512_no_vzeroupper)
/home/j/Dokumente/GitHub/FreetimeOS/lfs/build-glibc/libc_pic.a(memmove-avx512-unaligned-erms.os)
                              /home/j/Dokumente/GitHub/FreetimeOS/lfs/build-glibc/libc_pic.a(mempcpy.os) (__mempcpy_avx512_unaligned)
/home/j/Dokumente/GitHub/FreetimeOS/lfs/build-glibc/libc_pic.a(memmove-erms.os)
                              /home/j/Dokumente/GitHub/FreetimeOS/lfs/build-glibc/libc_pic.a(mempcpy.os) (__mempcpy_erms)
/home/j/Dokumente/GitHub/FreetimeOS/lfs/build-glibc/libc_pic.a(memmove-evex-unaligned-erms.os)
                              /home/j/Dokumente/GitHub/FreetimeOS/lfs/build-glibc/libc_pic.a(mempcpy.os) (__mempcpy_evex_unaligned)
/home/j/Dokumente/GitHub/FreetimeOS/lfs/build-glibc/libc_pic.a(memmove-sse2-unaligned-erms.os)
                              /home/j/Dokumente/GitHub/FreetimeOS/lfs/build-glibc/libc_pic.a(mempcpy.os) (__mempcpy_sse2_unaligned)
/home/j/Dokumente/GitHub/FreetimeOS/lfs/build-glibc/libc_pic.a(memmove-ssse3.os)
                              /home/j/Dokumente/GitHub/FreetimeOS/lfs/build-glibc/libc_pic.a(mempcpy.os) (__mempcpy_ssse3)
/home/j/Dokumente/GitHub/FreetimeOS/lfs/build-glibc/libc_pic.a(memset-avx2-unaligned-erms.os)
                              /home/j/Dokumente/GitHub/FreetimeOS/lfs/build-glibc/libc_pic.a(memset.os) (__memset_avx2_unaligned)
/home/j/Dokumente/GitHub/FreetimeOS/lfs/build-glibc/libc_pic.a(memset-avx2-unaligned-erms-rtm.os)
                              /home/j/Dokumente/GitHub/FreetimeOS/lfs/build-glibc/libc_pic.a(memset.os) (__memset_avx2_unaligned_rtm)
/home/j/Dokumente/GitHub/FreetimeOS/lfs/build-glibc/libc_pic.a(memset-avx512-no-vzeroupper.os)
                              /home/j/Dokumente/GitHub/FreetimeOS/lfs/build-glibc/libc_pic.a(memset.os) (__memset_avx512_no_vzeroupper)
/home/j/Dokumente/GitHub/FreetimeOS/lfs/build-glibc/libc_pic.a(memset-avx512-unaligned-erms.os)
                              /home/j/Dokumente/GitHub/FreetimeOS/lfs/build-glibc/libc_pic.a(memset.os) (__memset_avx512_unaligned)
/home/j/Dokumente/GitHub/FreetimeOS/lfs/build-glibc/libc_pic.a(memset-erms.os)
                              /home/j/Dokumente/GitHub/FreetimeOS/lfs/build-glibc/libc_pic.a(memset.os) (__memset_erms)
/home/j/Dokumente/GitHub/FreetimeOS/lfs/build-glibc/libc_pic.a(memset-evex-unaligned-erms.os)
                              /home/j/Dokumente/GitHub/FreetimeOS/lfs/build-glibc/libc_pic.a(memset.os) (__memset_evex_unaligned)
/home/j/Dokumente/GitHub/FreetimeOS/lfs/build-glibc/libc_pic.a(memset-sse2-unaligned-erms.os)
                              /home/j/Dokumente/GitHub/FreetimeOS/lfs/build-glibc/libc_pic.a(memset.os) (__memset_sse2_unaligned)
/home/j/Dokumente/GitHub/FreetimeOS/lfs/build-glibc/libc_pic.a(stpcpy-avx2.os)
                              /home/j/Dokumente/GitHub/FreetimeOS/lfs/build-glibc/libc_pic.a(stpcpy.os) (__stpcpy_avx2)
/home/j/Dokumente/GitHub/FreetimeOS/lfs/build-glibc/libc_pic.a(stpcpy-avx2-rtm.os)
                              /home/j/Dokumente/GitHub/FreetimeOS/lfs/build-glibc/libc_pic.a(stpcpy.os) (__stpcpy_avx2_rtm)
/home/j/Dokumente/GitHub/FreetimeOS/lfs/build-glibc/libc_pic.a(stpcpy-evex.os)
                              /home/j/Dokumente/GitHub/FreetimeOS/lfs/build-glibc/libc_pic.a(stpcpy.os) (__stpcpy_evex)
/home/j/Dokumente/GitHub/FreetimeOS/lfs/build-glibc/libc_pic.a(stpcpy-sse2.os)
                              /home/j/Dokumente/GitHub/FreetimeOS/lfs/build-glibc/libc_pic.a(stpcpy.os) (__stpcpy_sse2)
/home/j/Dokumente/GitHub/FreetimeOS/lfs/build-glibc/libc_pic.a(stpcpy-sse2-unaligned.os)
                              /home/j/Dokumente/GitHub/FreetimeOS/lfs/build-glibc/libc_pic.a(stpcpy.os) (__stpcpy_sse2_unaligned)
/home/j/Dokumente/GitHub/FreetimeOS/lfs/build-glibc/libc_pic.a(strchr-avx2.os)
                              /home/j/Dokumente/GitHub/FreetimeOS/lfs/build-glibc/libc_pic.a(strchr.os) (__strchr_avx2)
/home/j/Dokumente/GitHub/FreetimeOS/lfs/build-glibc/libc_pic.a(strchr-avx2-rtm.os)
                              /home/j/Dokumente/GitHub/FreetimeOS/lfs/build-glibc/libc_pic.a(strchr.os) (__strchr_avx2_rtm)
/home/j/Dokumente/GitHub/FreetimeOS/lfs/build-glibc/libc_pic.a(strchr-evex.os)
                              /home/j/Dokumente/GitHub/FreetimeOS/lfs/build-glibc/libc_pic.a(strchr.os) (__strchr_evex)
/home/j/Dokumente/GitHub/FreetimeOS/lfs/build-glibc/libc_pic.a(strchr-sse2.os)
                              /home/j/Dokumente/GitHub/FreetimeOS/lfs/build-glibc/libc_pic.a(strchr.os) (__strchr_sse2)
/home/j/Dokumente/GitHub/FreetimeOS/lfs/build-glibc/libc_pic.a(strchr-sse2-no-bsf.os)
                              /home/j/Dokumente/GitHub/FreetimeOS/lfs/build-glibc/libc_pic.a(strchr.os) (__strchr_sse2_no_bsf)
/home/j/Dokumente/GitHub/FreetimeOS/lfs/build-glibc/libc_pic.a(strcmp-avx2.os)
                              /home/j/Dokumente/GitHub/FreetimeOS/lfs/build-glibc/libc_pic.a(strcmp.os) (__strcmp_avx2)
/home/j/Dokumente/GitHub/FreetimeOS/lfs/build-glibc/libc_pic.a(strcmp-avx2-rtm.os)
                              /home/j/Dokumente/GitHub/FreetimeOS/lfs/build-glibc/libc_pic.a(strcmp.os) (__strcmp_avx2_rtm)
/home/j/Dokumente/GitHub/FreetimeOS/lfs/build-glibc/libc_pic.a(strcmp-evex.os)
                              /home/j/Dokumente/GitHub/FreetimeOS/lfs/build-glibc/libc_pic.a(strcmp.os) (__strcmp_evex)
/home/j/Dokumente/GitHub/FreetimeOS/lfs/build-glibc/libc_pic.a(strcmp-sse2.os)
                              /home/j/Dokumente/GitHub/FreetimeOS/lfs/build-glibc/libc_pic.a(strcmp.os) (__strcmp_sse2)
/home/j/Dokumente/GitHub/FreetimeOS/lfs/build-glibc/libc_pic.a(strcmp-sse2-unaligned.os)
                              /home/j/Dokumente/GitHub/FreetimeOS/lfs/build-glibc/libc_pic.a(strcmp.os) (__strcmp_sse2_unaligned)
/home/j/Dokumente/GitHub/FreetimeOS/lfs/build-glibc/libc_pic.a(strcmp-sse4_2.os)
                              /home/j/Dokumente/GitHub/FreetimeOS/lfs/build-glibc/libc_pic.a(strcmp.os) (__strcmp_sse42)
/home/j/Dokumente/GitHub/FreetimeOS/lfs/build-glibc/libc_pic.a(strcspn-sse4.os)
                              /home/j/Dokumente/GitHub/FreetimeOS/lfs/build-glibc/libc_pic.a(strcspn.os) (__strcspn_sse42)
/home/j/Dokumente/GitHub/FreetimeOS/lfs/build-glibc/libc_pic.a(strlen-avx2.os)
                              /home/j/Dokumente/GitHub/FreetimeOS/lfs/build-glibc/libc_pic.a(strlen.os) (__strlen_avx2)
/home/j/Dokumente/GitHub/FreetimeOS/lfs/build-glibc/libc_pic.a(strlen-avx2-rtm.os)
                              /home/j/Dokumente/GitHub/FreetimeOS/lfs/build-glibc/libc_pic.a(strlen.os) (__strlen_avx2_rtm)
/home/j/Dokumente/GitHub/FreetimeOS/lfs/build-glibc/libc_pic.a(strlen-evex.os)
                              /home/j/Dokumente/GitHub/FreetimeOS/lfs/build-glibc/libc_pic.a(strlen.os) (__strlen_evex)
/home/j/Dokumente/GitHub/FreetimeOS/lfs/build-glibc/libc_pic.a(strlen-sse2.os)
                              /home/j/Dokumente/GitHub/FreetimeOS/lfs/build-glibc/libc_pic.a(strlen.os) (__strlen_sse2)
/home/j/Dokumente/GitHub/FreetimeOS/lfs/build-glibc/libc_pic.a(strncmp-avx2.os)
                              /home/j/Dokumente/GitHub/FreetimeOS/lfs/build-glibc/libc_pic.a(strncmp.os) (__strncmp_avx2)
/home/j/Dokumente/GitHub/FreetimeOS/lfs/build-glibc/libc_pic.a(strncmp-avx2-rtm.os)
                              /home/j/Dokumente/GitHub/FreetimeOS/lfs/build-glibc/libc_pic.a(strncmp.os) (__strncmp_avx2_rtm)
/home/j/Dokumente/GitHub/FreetimeOS/lfs/build-glibc/libc_pic.a(strncmp-evex.os)
                              /home/j/Dokumente/GitHub/FreetimeOS/lfs/build-glibc/libc_pic.a(strncmp.os) (__strncmp_evex)
/home/j/Dokumente/GitHub/FreetimeOS/lfs/build-glibc/libc_pic.a(strncmp-sse2.os)
                              /home/j/Dokumente/GitHub/FreetimeOS/lfs/build-glibc/libc_pic.a(strncmp.os) (__strncmp_sse2)
/home/j/Dokumente/GitHub/FreetimeOS/lfs/build-glibc/libc_pic.a(strncmp-sse4_2.os)
                              /home/j/Dokumente/GitHub/FreetimeOS/lfs/build-glibc/libc_pic.a(strncmp.os) (__strncmp_sse42)
/home/j/Dokumente/GitHub/FreetimeOS/lfs/build-glibc/libc_pic.a(strnlen-avx2.os)
                              /home/j/Dokumente/GitHub/FreetimeOS/lfs/build-glibc/libc_pic.a(strnlen.os) (__strnlen_avx2)
/home/j/Dokumente/GitHub/FreetimeOS/lfs/build-glibc/libc_pic.a(strnlen-avx2-rtm.os)
                              /home/j/Dokumente/GitHub/FreetimeOS/lfs/build-glibc/libc_pic.a(strnlen.os) (__strnlen_avx2_rtm)
/home/j/Dokumente/GitHub/FreetimeOS/lfs/build-glibc/libc_pic.a(strnlen-evex.os)
                              /home/j/Dokumente/GitHub/FreetimeOS/lfs/build-glibc/libc_pic.a(strnlen.os) (__strnlen_evex)
/home/j/Dokumente/GitHub/FreetimeOS/lfs/build-glibc/libc_pic.a(strnlen-sse2.os)
                              /home/j/Dokumente/GitHub/FreetimeOS/lfs/build-glibc/libc_pic.a(strnlen.os) (__strnlen_sse2)
/home/j/Dokumente/GitHub/FreetimeOS/lfs/build-glibc/libc_pic.a(varshift.os)
                              /home/j/Dokumente/GitHub/FreetimeOS/lfs/build-glibc/libc_pic.a(strcspn-sse4.os) (___m128i_shift_right)
/home/j/Dokumente/GitHub/FreetimeOS/lfs/build-glibc/libc_pic.a(strcspn-generic.os)
                              /home/j/Dokumente/GitHub/FreetimeOS/lfs/build-glibc/libc_pic.a(strcspn.os) (__strcspn_generic)
/home/j/Dokumente/GitHub/FreetimeOS/lfs/build-glibc/libc_pic.a(cacheinfo.os)
                              /home/j/Dokumente/GitHub/FreetimeOS/lfs/build-glibc/libc_pic.a(memmove-avx512-no-vzeroupper.os) (__x86_shared_cache_size_half)
/home/j/Dokumente/GitHub/FreetimeOS/lfs/build-glibc/libc_pic.a(closedir.os)
                              /home/j/Dokumente/GitHub/FreetimeOS/lfs/build-glibc/elf/dl-allobjs.os (__closedir)
/home/j/Dokumente/GitHub/FreetimeOS/lfs/build-glibc/libc_pic.a(rewinddir.os)
                              /home/j/Dokumente/GitHub/FreetimeOS/lfs/build-glibc/elf/dl-allobjs.os (__rewinddir)
/home/j/Dokumente/GitHub/FreetimeOS/lfs/build-glibc/libc_pic.a(readdir64.os)
                              /home/j/Dokumente/GitHub/FreetimeOS/lfs/build-glibc/elf/dl-allobjs.os (__readdir64)
/home/j/Dokumente/GitHub/FreetimeOS/lfs/build-glibc/libc_pic.a(fdopendir.os)
                              /home/j/Dokumente/GitHub/FreetimeOS/lfs/build-glibc/elf/dl-allobjs.os (__fdopendir)
/home/j/Dokumente/GitHub/FreetimeOS/lfs/build-glibc/libc_pic.a(_exit.os)
                              /home/j/Dokumente/GitHub/FreetimeOS/lfs/build-glibc/elf/dl-allobjs.os (__GI__exit)
/home/j/Dokumente/GitHub/FreetimeOS/lfs/build-glibc/libc_pic.a(getpid.os)
                              /home/j/Dokumente/GitHub/FreetimeOS/lfs/build-glibc/elf/dl-allobjs.os (__getpid)
/home/j/Dokumente/GitHub/FreetimeOS/lfs/build-glibc/libc_pic.a(uname.os)
                              /home/j/Dokumente/GitHub/FreetimeOS/lfs/build-glibc/elf/dl-allobjs.os (__uname)
/home/j/Dokumente/GitHub/FreetimeOS/lfs/build-glibc/libc_pic.a(environ.os)
                              /home/j/Dokumente/GitHub/FreetimeOS/lfs/build-glibc/elf/dl-allobjs.os (__environ)
/home/j/Dokumente/GitHub/FreetimeOS/lfs/build-glibc/libc_pic.a(access.os)
                              /home/j/Dokumente/GitHub/FreetimeOS/lfs/build-glibc/elf/dl-allobjs.os (__access)
/home/j/Dokumente/GitHub/FreetimeOS/lfs/build-glibc/libc_pic.a(fstat64.os)
                              /home/j/Dokumente/GitHub/FreetimeOS/lfs/build-glibc/elf/dl-allobjs.os (__GI___fstat64)
/home/j/Dokumente/GitHub/FreetimeOS/lfs/build-glibc/libc_pic.a(fstatat64.os)
                              /home/j/Dokumente/GitHub/FreetimeOS/lfs/build-glibc/elf/dl-allobjs.os (__GI___fstatat64)
/home/j/Dokumente/GitHub/FreetimeOS/lfs/build-glibc/libc_pic.a(lseek64.os)
                              /home/j/Dokumente/GitHub/FreetimeOS/lfs/build-glibc/libc_pic.a(rewinddir.os) (__GI___lseek)
/home/j/Dokumente/GitHub/FreetimeOS/lfs/build-glibc/libc_pic.a(lstat64.os)
                              /home/j/Dokumente/GitHub/FreetimeOS/lfs/build-glibc/elf/dl-allobjs.os (__GI___lstat64)
/home/j/Dokumente/GitHub/FreetimeOS/lfs/build-glibc/libc_pic.a(openat64.os)
                              /home/j/Dokumente/GitHub/FreetimeOS/lfs/build-glibc/elf/dl-allobjs.os (__openat64)
/home/j/Dokumente/GitHub/FreetimeOS/lfs/build-glibc/libc_pic.a(stat64.os)
                              /home/j/Dokumente/GitHub/FreetimeOS/lfs/build-glibc/elf/dl-allobjs.os (__GI___stat64)
/home/j/Dokumente/GitHub/FreetimeOS/lfs/build-glibc/libc_pic.a(close_nocancel.os)
                              /home/j/Dokumente/GitHub/FreetimeOS/lfs/build-glibc/elf/dl-allobjs.os (__GI___close_nocancel)
/home/j/Dokumente/GitHub/FreetimeOS/lfs/build-glibc/libc_pic.a(fcntl_nocancel.os)
                              /home/j/Dokumente/GitHub/FreetimeOS/lfs/build-glibc/elf/dl-allobjs.os (__GI___fcntl64_nocancel)
/home/j/Dokumente/GitHub/FreetimeOS/lfs/build-glibc/libc_pic.a(open64_nocancel.os)
                              /home/j/Dokumente/GitHub/FreetimeOS/lfs/build-glibc/elf/dl-allobjs.os (__GI___open64_nocancel)
/home/j/Dokumente/GitHub/FreetimeOS/lfs/build-glibc/libc_pic.a(pread64_nocancel.os)
                              /home/j/Dokumente/GitHub/FreetimeOS/lfs/build-glibc/elf/dl-allobjs.os (__GI___pread64_nocancel)
/home/j/Dokumente/GitHub/FreetimeOS/lfs/build-glibc/libc_pic.a(read_nocancel.os)
                              /home/j/Dokumente/GitHub/FreetimeOS/lfs/build-glibc/elf/dl-allobjs.os (__GI___read_nocancel)
/home/j/Dokumente/GitHub/FreetimeOS/lfs/build-glibc/libc_pic.a(write_nocancel.os)
                              /home/j/Dokumente/GitHub/FreetimeOS/lfs/build-glibc/elf/dl-allobjs.os (__GI___write_nocancel)
/home/j/Dokumente/GitHub/FreetimeOS/lfs/build-glibc/libc_pic.a(mmap64.os)
                              /home/j/Dokumente/GitHub/FreetimeOS/lfs/build-glibc/elf/dl-allobjs.os (__mmap)
/home/j/Dokumente/GitHub/FreetimeOS/lfs/build-glibc/libc_pic.a(mprotect.os)
                              /home/j/Dokumente/GitHub/FreetimeOS/lfs/build-glibc/elf/dl-allobjs.os (__mprotect)
/home/j/Dokumente/GitHub/FreetimeOS/lfs/build-glibc/libc_pic.a(munmap.os)
                              /home/j/Dokumente/GitHub/FreetimeOS/lfs/build-glibc/elf/dl-allobjs.os (__munmap)
/home/j/Dokumente/GitHub/FreetimeOS/lfs/build-glibc/libc_pic.a(single_threaded.os)
                              /home/j/Dokumente/GitHub/FreetimeOS/lfs/build-glibc/libc_pic.a(openat64.os) (__libc_single_threaded_internal)
/home/j/Dokumente/GitHub/FreetimeOS/lfs/build-glibc/libc_pic.a(setvmaname.os)
                              /home/j/Dokumente/GitHub/FreetimeOS/lfs/build-glibc/elf/dl-allobjs.os (__set_vma_name)
/home/j/Dokumente/GitHub/FreetimeOS/lfs/build-glibc/libc_pic.a(profil.os)
                              /home/j/Dokumente/GitHub/FreetimeOS/lfs/build-glibc/elf/dl-allobjs.os (__profil)
/home/j/Dokumente/GitHub/FreetimeOS/lfs/build-glibc/libc_pic.a(prof-freq.os)
                              /home/j/Dokumente/GitHub/FreetimeOS/lfs/build-glibc/libc_pic.a(profil.os) (__GI___profile_frequency)
/home/j/Dokumente/GitHub/FreetimeOS/lfs/build-glibc/libc_pic.a(dl-addr-obj.os)
                              /home/j/Dokumente/GitHub/FreetimeOS/lfs/build-glibc/elf/dl-allobjs.os (_dl_addr_inside_object)
/home/j/Dokumente/GitHub/FreetimeOS/lfs/build-glibc/libc_pic.a(sigaction.os)
                              /home/j/Dokumente/GitHub/FreetimeOS/lfs/build-glibc/libc_pic.a(profil.os) (__GI___sigaction)
/home/j/Dokumente/GitHub/FreetimeOS/lfs/build-glibc/libc_pic.a(libc_sigaction.os)
                              /home/j/Dokumente/GitHub/FreetimeOS/lfs/build-glibc/libc_pic.a(sigaction.os) (__GI___libc_sigaction)
/home/j/Dokumente/GitHub/FreetimeOS/lfs/build-glibc/libc_pic.a(errname.os)
                              /home/j/Dokumente/GitHub/FreetimeOS/lfs/build-glibc/libc_pic.a(strerrorname_np.os) (__get_errname)
/home/j/Dokumente/GitHub/FreetimeOS/lfs/build-glibc/libc_pic.a(strchrnul.os)
                              /home/j/Dokumente/GitHub/FreetimeOS/lfs/build-glibc/libc_pic.a(strcspn-generic.os) (__GI___strchrnul)
/home/j/Dokumente/GitHub/FreetimeOS/lfs/build-glibc/libc_pic.a(strchrnul-avx2.os)
                              /home/j/Dokumente/GitHub/FreetimeOS/lfs/build-glibc/libc_pic.a(strchrnul.os) (__strchrnul_avx2)
/home/j/Dokumente/GitHub/FreetimeOS/lfs/build-glibc/libc_pic.a(strchrnul-avx2-rtm.os)
                              /home/j/Dokumente/GitHub/FreetimeOS/lfs/build-glibc/libc_pic.a(strchrnul.os) (__strchrnul_avx2_rtm)
/home/j/Dokumente/GitHub/FreetimeOS/lfs/build-glibc/libc_pic.a(strchrnul-evex.os)
                              /home/j/Dokumente/GitHub/FreetimeOS/lfs/build-glibc/libc_pic.a(strchrnul.os) (__strchrnul_evex)
/home/j/Dokumente/GitHub/FreetimeOS/lfs/build-glibc/libc_pic.a(strchrnul-sse2.os)
                              /home/j/Dokumente/GitHub/FreetimeOS/lfs/build-glibc/libc_pic.a(strchrnul.os) (__strchrnul_sse2)
/home/j/Dokumente/GitHub/FreetimeOS/lfs/build-glibc/libc_pic.a(setitimer.os)
                              /home/j/Dokumente/GitHub/FreetimeOS/lfs/build-glibc/libc_pic.a(profil.os) (__setitimer)
/home/j/Dokumente/GitHub/FreetimeOS/lfs/build-glibc/libc_pic.a(getdents64.os)
                              /home/j/Dokumente/GitHub/FreetimeOS/lfs/build-glibc/libc_pic.a(readdir64.os) (__GI___getdents64)

Merging program properties

Removed property 0xc0000002 to merge /home/j/Dokumente/GitHub/FreetimeOS/lfs/build-glibc/elf/dl-allobjs.os (0x3) and /home/j/Dokumente/GitHub/FreetimeOS/lfs/build-glibc/elf/librtld.mapT.o (not found)
Removed property 0xc0000002 to merge /home/j/Dokumente/GitHub/FreetimeOS/lfs/build-glibc/elf/dl-allobjs.os (not found) and /home/j/Dokumente/GitHub/FreetimeOS/lfs/build-glibc/libc_pic.a(check_fds.os) (0x3)
Removed property 0xc0000002 to merge /home/j/Dokumente/GitHub/FreetimeOS/lfs/build-glibc/elf/dl-allobjs.os (not found) and /home/j/Dokumente/GitHub/FreetimeOS/lfs/build-glibc/libc_pic.a(errno.os) (0x3)
Removed property 0xc0000002 to merge /home/j/Dokumente/GitHub/FreetimeOS/lfs/build-glibc/elf/dl-allobjs.os (not found) and /home/j/Dokumente/GitHub/FreetimeOS/lfs/build-glibc/libc_pic.a(setjmp.os) (0x3)
Removed property 0xc0000002 to merge /home/j/Dokumente/GitHub/FreetimeOS/lfs/build-glibc/elf/dl-allobjs.os (not found) and /home/j/Dokumente/GitHub/FreetimeOS/lfs/build-glibc/libc_pic.a(__longjmp.os) (0x3)
Removed property 0xc0000002 to merge /home/j/Dokumente/GitHub/FreetimeOS/lfs/build-glibc/elf/dl-allobjs.os (not found) and /home/j/Dokumente/GitHub/FreetimeOS/lfs/build-glibc/libc_pic.a(lowlevellock.os) (0x3)
Removed property 0xc0000002 to merge /home/j/Dokumente/GitHub/FreetimeOS/lfs/build-glibc/elf/dl-allobjs.os (not found) and /home/j/Dokumente/GitHub/FreetimeOS/lfs/build-glibc/libc_pic.a(scratch_buffer_set_array_size.os) (0x3)
Removed property 0xc0000002 to merge /home/j/Dokumente/GitHub/FreetimeOS/lfs/build-glibc/elf/dl-allobjs.os (not found) and /home/j/Dokumente/GitHub/FreetimeOS/lfs/build-glibc/libc_pic.a(memchr.os) (0x3)
Removed property 0xc0000002 to merge /home/j/Dokumente/GitHub/FreetimeOS/lfs/build-glibc/elf/dl-allobjs.os (not found) and /home/j/Dokumente/GitHub/FreetimeOS/lfs/build-glibc/libc_pic.a(memcmp.os) (0x3)
Removed property 0xc0000002 to merge /home/j/Dokumente/GitHub/FreetimeOS/lfs/build-glibc/elf/dl-allobjs.os (not found) and /home/j/Dokumente/GitHub/FreetimeOS/lfs/build-glibc/libc_pic.a(memcpy.os) (0x3)
Removed property 0xc0000002 to merge /home/j/Dokumente/GitHub/FreetimeOS/lfs/build-glibc/elf/dl-allobjs.os (not found) and /home/j/Dokumente/GitHub/FreetimeOS/lfs/build-glibc/libc_pic.a(memmove.os) (0x3)
Removed property 0xc0000002 to merge /home/j/Dokumente/GitHub/FreetimeOS/lfs/build-glibc/elf/dl-allobjs.os (not found) and /home/j/Dokumente/GitHub/FreetimeOS/lfs/build-glibc/libc_pic.a(mempcpy.os) (0x3)
Removed property 0xc0000002 to merge /home/j/Dokumente/GitHub/FreetimeOS/lfs/build-glibc/elf/dl-allobjs.os (not found) and /home/j/Dokumente/GitHub/FreetimeOS/lfs/build-glibc/libc_pic.a(memset.os) (0x3)
Removed property 0xc0000002 to merge /home/j/Dokumente/GitHub/FreetimeOS/lfs/build-glibc/elf/dl-allobjs.os (not found) and /home/j/Dokumente/GitHub/FreetimeOS/lfs/build-glibc/libc_pic.a(stpcpy.os) (0x3)
Removed property 0xc0000002 to merge /home/j/Dokumente/GitHub/FreetimeOS/lfs/build-glibc/elf/dl-allobjs.os (not found) and /home/j/Dokumente/GitHub/FreetimeOS/lfs/build-glibc/libc_pic.a(strchr.os) (0x3)
Removed property 0xc0000002 to merge /home/j/Dokumente/GitHub/FreetimeOS/lfs/build-glibc/elf/dl-allobjs.os (not found) and /home/j/Dokumente/GitHub/FreetimeOS/lfs/build-glibc/libc_pic.a(strcmp.os) (0x3)
Removed property 0xc0000002 to merge /home/j/Dokumente/GitHub/FreetimeOS/lfs/build-glibc/elf/dl-allobjs.os (not found) and /home/j/Dokumente/GitHub/FreetimeOS/lfs/build-glibc/libc_pic.a(strcspn.os) (0x3)
Removed property 0xc0000002 to merge /home/j/Dokumente/GitHub/FreetimeOS/lfs/build-glibc/elf/dl-allobjs.os (not found) and /home/j/Dokumente/GitHub/FreetimeOS/lfs/build-glibc/libc_pic.a(strdup.os) (0x3)
Removed property 0xc0000002 to merge /home/j/Dokumente/GitHub/FreetimeOS/lfs/build-glibc/elf/dl-allobjs.os (not found) and /home/j/Dokumente/GitHub/FreetimeOS/lfs/build-glibc/libc_pic.a(strerrorname_np.os) (0x3)
Removed property 0xc0000002 to merge /home/j/Dokumente/GitHub/FreetimeOS/lfs/build-glibc/elf/dl-allobjs.os (not found) and /home/j/Dokumente/GitHub/FreetimeOS/lfs/build-glibc/libc_pic.a(strlen.os) (0x3)
Removed property 0xc0000002 to merge /home/j/Dokumente/GitHub/FreetimeOS/lfs/build-glibc/elf/dl-allobjs.os (not found) and /home/j/Dokumente/GitHub/FreetimeOS/lfs/build-glibc/libc_pic.a(strncmp.os) (0x3)
Removed property 0xc0000002 to merge /home/j/Dokumente/GitHub/FreetimeOS/lfs/build-glibc/elf/dl-allobjs.os (not found) and /home/j/Dokumente/GitHub/FreetimeOS/lfs/build-glibc/libc_pic.a(strnlen.os) (0x3)
Removed property 0xc0000002 to merge /home/j/Dokumente/GitHub/FreetimeOS/lfs/build-glibc/elf/dl-allobjs.os (not found) and /home/j/Dokumente/GitHub/FreetimeOS/lfs/build-glibc/libc_pic.a(memchr-avx2.os) (0x3)
Removed property 0xc0000002 to merge /home/j/Dokumente/GitHub/FreetimeOS/lfs/build-glibc/elf/dl-allobjs.os (not found) and /home/j/Dokumente/GitHub/FreetimeOS/lfs/build-glibc/libc_pic.a(memchr-avx2-rtm.os) (0x3)
Removed property 0xc0000002 to merge /home/j/Dokumente/GitHub/FreetimeOS/lfs/build-glibc/elf/dl-allobjs.os (not found) and /home/j/Dokumente/GitHub/FreetimeOS/lfs/build-glibc/libc_pic.a(memchr-evex.os) (0x3)
Removed property 0xc0000002 to merge /home/j/Dokumente/GitHub/FreetimeOS/lfs/build-glibc/elf/dl-allobjs.os (not found) and /home/j/Dokumente/GitHub/FreetimeOS/lfs/build-glibc/libc_pic.a(memchr-evex-rtm.os) (0x3)
Removed property 0xc0000002 to merge /home/j/Dokumente/GitHub/FreetimeOS/lfs/build-glibc/elf/dl-allobjs.os (not found) and /home/j/Dokumente/GitHub/FreetimeOS/lfs/build-glibc/libc_pic.a(memchr-sse2.os) (0x3)
Removed property 0xc0000002 to merge /home/j/Dokumente/GitHub/FreetimeOS/lfs/build-glibc/elf/dl-allobjs.os (not found) and /home/j/Dokumente/GitHub/FreetimeOS/lfs/build-glibc/libc_pic.a(memcmp-avx2-movbe.os) (0x3)
Removed property 0xc0000002 to merge /home/j/Dokumente/GitHub/FreetimeOS/lfs/build-glibc/elf/dl-allobjs.os (not found) and /home/j/Dokumente/GitHub/FreetimeOS/lfs/build-glibc/libc_pic.a(memcmp-avx2-movbe-rtm.os) (0x3)
Removed property 0xc0000002 to merge /home/j/Dokumente/GitHub/FreetimeOS/lfs/build-glibc/elf/dl-allobjs.os (not found) and /home/j/Dokumente/GitHub/FreetimeOS/lfs/build-glibc/libc_pic.a(memcmp-evex-movbe.os) (0x3)
Removed property 0xc0000002 to merge /home/j/Dokumente/GitHub/FreetimeOS/lfs/build-glibc/elf/dl-allobjs.os (not found) and /home/j/Dokumente/GitHub/FreetimeOS/lfs/build-glibc/libc_pic.a(memcmp-sse2.os) (0x3)
Removed property 0xc0000002 to merge /home/j/Dokumente/GitHub/FreetimeOS/lfs/build-glibc/elf/dl-allobjs.os (not found) and /home/j/Dokumente/GitHub/FreetimeOS/lfs/build-glibc/libc_pic.a(memmove-avx-unaligned-erms.os) (0x3)
Removed property 0xc0000002 to merge /home/j/Dokumente/GitHub/FreetimeOS/lfs/build-glibc/elf/dl-allobjs.os (not found) and /home/j/Dokumente/GitHub/FreetimeOS/lfs/build-glibc/libc_pic.a(memmove-avx-unaligned-erms-rtm.os) (0x3)
Removed property 0xc0000002 to merge /home/j/Dokumente/GitHub/FreetimeOS/lfs/build-glibc/elf/dl-allobjs.os (not found) and /home/j/Dokumente/GitHub/FreetimeOS/lfs/build-glibc/libc_pic.a(memmove-avx512-no-vzeroupper.os) (0x3)
Removed property 0xc0000002 to merge /home/j/Dokumente/GitHub/FreetimeOS/lfs/build-glibc/elf/dl-allobjs.os (not found) and /home/j/Dokumente/GitHub/FreetimeOS/lfs/build-glibc/libc_pic.a(memmove-avx512-unaligned-erms.os) (0x3)
Removed property 0xc0000002 to merge /home/j/Dokumente/GitHub/FreetimeOS/lfs/build-glibc/elf/dl-allobjs.os (not found) and /home/j/Dokumente/GitHub/FreetimeOS/lfs/build-glibc/libc_pic.a(memmove-erms.os) (0x3)
Removed property 0xc0000002 to merge /home/j/Dokumente/GitHub/FreetimeOS/lfs/build-glibc/elf/dl-allobjs.os (not found) and /home/j/Dokumente/GitHub/FreetimeOS/lfs/build-glibc/libc_pic.a(memmove-evex-unaligned-erms.os) (0x3)
Removed property 0xc0000002 to merge /home/j/Dokumente/GitHub/FreetimeOS/lfs/build-glibc/elf/dl-allobjs.os (not found) and /home/j/Dokumente/GitHub/FreetimeOS/lfs/build-glibc/libc_pic.a(memmove-sse2-unaligned-erms.os) (0x3)
Removed property 0xc0000002 to merge /home/j/Dokumente/GitHub/FreetimeOS/lfs/build-glibc/elf/dl-allobjs.os (not found) and /home/j/Dokumente/GitHub/FreetimeOS/lfs/build-glibc/libc_pic.a(memmove-ssse3.os) (0x3)
Removed property 0xc0000002 to merge /home/j/Dokumente/GitHub/FreetimeOS/lfs/build-glibc/elf/dl-allobjs.os (not found) and /home/j/Dokumente/GitHub/FreetimeOS/lfs/build-glibc/libc_pic.a(memset-avx2-unaligned-erms.os) (0x3)
Removed property 0xc0000002 to merge /home/j/Dokumente/GitHub/FreetimeOS/lfs/build-glibc/elf/dl-allobjs.os (not found) and /home/j/Dokumente/GitHub/FreetimeOS/lfs/build-glibc/libc_pic.a(memset-avx2-unaligned-erms-rtm.os) (0x3)
Removed property 0xc0000002 to merge /home/j/Dokumente/GitHub/FreetimeOS/lfs/build-glibc/elf/dl-allobjs.os (not found) and /home/j/Dokumente/GitHub/FreetimeOS/lfs/build-glibc/libc_pic.a(memset-avx512-no-vzeroupper.os) (0x3)
Removed property 0xc0000002 to merge /home/j/Dokumente/GitHub/FreetimeOS/lfs/build-glibc/elf/dl-allobjs.os (not found) and /home/j/Dokumente/GitHub/FreetimeOS/lfs/build-glibc/libc_pic.a(memset-avx512-unaligned-erms.os) (0x3)
Removed property 0xc0000002 to merge /home/j/Dokumente/GitHub/FreetimeOS/lfs/build-glibc/elf/dl-allobjs.os (not found) and /home/j/Dokumente/GitHub/FreetimeOS/lfs/build-glibc/libc_pic.a(memset-erms.os) (0x3)
Removed property 0xc0000002 to merge /home/j/Dokumente/GitHub/FreetimeOS/lfs/build-glibc/elf/dl-allobjs.os (not found) and /home/j/Dokumente/GitHub/FreetimeOS/lfs/build-glibc/libc_pic.a(memset-evex-unaligned-erms.os) (0x3)
Removed property 0xc0000002 to merge /home/j/Dokumente/GitHub/FreetimeOS/lfs/build-glibc/elf/dl-allobjs.os (not found) and /home/j/Dokumente/GitHub/FreetimeOS/lfs/build-glibc/libc_pic.a(memset-sse2-unaligned-erms.os) (0x3)
Removed property 0xc0000002 to merge /home/j/Dokumente/GitHub/FreetimeOS/lfs/build-glibc/elf/dl-allobjs.os (not found) and /home/j/Dokumente/GitHub/FreetimeOS/lfs/build-glibc/libc_pic.a(stpcpy-avx2.os) (0x3)
Removed property 0xc0000002 to merge /home/j/Dokumente/GitHub/FreetimeOS/lfs/build-glibc/elf/dl-allobjs.os (not found) and /home/j/Dokumente/GitHub/FreetimeOS/lfs/build-glibc/libc_pic.a(stpcpy-avx2-rtm.os) (0x3)
Removed property 0xc0000002 to merge /home/j/Dokumente/GitHub/FreetimeOS/lfs/build-glibc/elf/dl-allobjs.os (not found) and /home/j/Dokumente/GitHub/FreetimeOS/lfs/build-glibc/libc_pic.a(stpcpy-evex.os) (0x3)
Removed property 0xc0000002 to merge /home/j/Dokumente/GitHub/FreetimeOS/lfs/build-glibc/elf/dl-allobjs.os (not found) and /home/j/Dokumente/GitHub/FreetimeOS/lfs/build-glibc/libc_pic.a(stpcpy-sse2.os) (0x3)
Removed property 0xc0000002 to merge /home/j/Dokumente/GitHub/FreetimeOS/lfs/build-glibc/elf/dl-allobjs.os (not found) and /home/j/Dokumente/GitHub/FreetimeOS/lfs/build-glibc/libc_pic.a(stpcpy-sse2-unaligned.os) (0x3)
Removed property 0xc0000002 to merge /home/j/Dokumente/GitHub/FreetimeOS/lfs/build-glibc/elf/dl-allobjs.os (not found) and /home/j/Dokumente/GitHub/FreetimeOS/lfs/build-glibc/libc_pic.a(strchr-avx2.os) (0x3)
Removed property 0xc0000002 to merge /home/j/Dokumente/GitHub/FreetimeOS/lfs/build-glibc/elf/dl-allobjs.os (not found) and /home/j/Dokumente/GitHub/FreetimeOS/lfs/build-glibc/libc_pic.a(strchr-avx2-rtm.os) (0x3)
Removed property 0xc0000002 to merge /home/j/Dokumente/GitHub/FreetimeOS/lfs/build-glibc/elf/dl-allobjs.os (not found) and /home/j/Dokumente/GitHub/FreetimeOS/lfs/build-glibc/libc_pic.a(strchr-evex.os) (0x3)
Removed property 0xc0000002 to merge /home/j/Dokumente/GitHub/FreetimeOS/lfs/build-glibc/elf/dl-allobjs.os (not found) and /home/j/Dokumente/GitHub/FreetimeOS/lfs/build-glibc/libc_pic.a(strchr-sse2.os) (0x3)
Removed property 0xc0000002 to merge /home/j/Dokumente/GitHub/FreetimeOS/lfs/build-glibc/elf/dl-allobjs.os (not found) and /home/j/Dokumente/GitHub/FreetimeOS/lfs/build-glibc/libc_pic.a(strchr-sse2-no-bsf.os) (0x3)
Removed property 0xc0000002 to merge /home/j/Dokumente/GitHub/FreetimeOS/lfs/build-glibc/elf/dl-allobjs.os (not found) and /home/j/Dokumente/GitHub/FreetimeOS/lfs/build-glibc/libc_pic.a(strcmp-avx2.os) (0x3)
Removed property 0xc0000002 to merge /home/j/Dokumente/GitHub/FreetimeOS/lfs/build-glibc/elf/dl-allobjs.os (not found) and /home/j/Dokumente/GitHub/FreetimeOS/lfs/build-glibc/libc_pic.a(strcmp-avx2-rtm.os) (0x3)
Removed property 0xc0000002 to merge /home/j/Dokumente/GitHub/FreetimeOS/lfs/build-glibc/elf/dl-allobjs.os (not found) and /home/j/Dokumente/GitHub/FreetimeOS/lfs/build-glibc/libc_pic.a(strcmp-evex.os) (0x3)
Removed property 0xc0000002 to merge /home/j/Dokumente/GitHub/FreetimeOS/lfs/build-glibc/elf/dl-allobjs.os (not found) and /home/j/Dokumente/GitHub/FreetimeOS/lfs/build-glibc/libc_pic.a(strcmp-sse2.os) (0x3)
Removed property 0xc0000002 to merge /home/j/Dokumente/GitHub/FreetimeOS/lfs/build-glibc/elf/dl-allobjs.os (not found) and /home/j/Dokumente/GitHub/FreetimeOS/lfs/build-glibc/libc_pic.a(strcmp-sse2-unaligned.os) (0x3)
Removed property 0xc0000002 to merge /home/j/Dokumente/GitHub/FreetimeOS/lfs/build-glibc/elf/dl-allobjs.os (not found) and /home/j/Dokumente/GitHub/FreetimeOS/lfs/build-glibc/libc_pic.a(strcmp-sse4_2.os) (0x3)
Removed property 0xc0000002 to merge /home/j/Dokumente/GitHub/FreetimeOS/lfs/build-glibc/elf/dl-allobjs.os (not found) and /home/j/Dokumente/GitHub/FreetimeOS/lfs/build-glibc/libc_pic.a(strcspn-sse4.os) (0x3)
Removed property 0xc0000002 to merge /home/j/Dokumente/GitHub/FreetimeOS/lfs/build-glibc/elf/dl-allobjs.os (not found) and /home/j/Dokumente/GitHub/FreetimeOS/lfs/build-glibc/libc_pic.a(strlen-avx2.os) (0x3)
Removed property 0xc0000002 to merge /home/j/Dokumente/GitHub/FreetimeOS/lfs/build-glibc/elf/dl-allobjs.os (not found) and /home/j/Dokumente/GitHub/FreetimeOS/lfs/build-glibc/libc_pic.a(strlen-avx2-rtm.os) (0x3)
Removed property 0xc0000002 to merge /home/j/Dokumente/GitHub/FreetimeOS/lfs/build-glibc/elf/dl-allobjs.os (not found) and /home/j/Dokumente/GitHub/FreetimeOS/lfs/build-glibc/libc_pic.a(strlen-evex.os) (0x3)
Removed property 0xc0000002 to merge /home/j/Dokumente/GitHub/FreetimeOS/lfs/build-glibc/elf/dl-allobjs.os (not found) and /home/j/Dokumente/GitHub/FreetimeOS/lfs/build-glibc/libc_pic.a(strlen-sse2.os) (0x3)
Removed property 0xc0000002 to merge /home/j/Dokumente/GitHub/FreetimeOS/lfs/build-glibc/elf/dl-allobjs.os (not found) and /home/j/Dokumente/GitHub/FreetimeOS/lfs/build-glibc/libc_pic.a(strncmp-avx2.os) (0x3)
Removed property 0xc0000002 to merge /home/j/Dokumente/GitHub/FreetimeOS/lfs/build-glibc/elf/dl-allobjs.os (not found) and /home/j/Dokumente/GitHub/FreetimeOS/lfs/build-glibc/libc_pic.a(strncmp-avx2-rtm.os) (0x3)
Removed property 0xc0000002 to merge /home/j/Dokumente/GitHub/FreetimeOS/lfs/build-glibc/elf/dl-allobjs.os (not found) and /home/j/Dokumente/GitHub/FreetimeOS/lfs/build-glibc/libc_pic.a(strncmp-evex.os) (0x3)
Removed property 0xc0000002 to merge /home/j/Dokumente/GitHub/FreetimeOS/lfs/build-glibc/elf/dl-allobjs.os (not found) and /home/j/Dokumente/GitHub/FreetimeOS/lfs/build-glibc/libc_pic.a(strncmp-sse2.os) (0x3)
Removed property 0xc0000002 to merge /home/j/Dokumente/GitHub/FreetimeOS/lfs/build-glibc/elf/dl-allobjs.os (not found) and /home/j/Dokumente/GitHub/FreetimeOS/lfs/build-glibc/libc_pic.a(strncmp-sse4_2.os) (0x3)
Removed property 0xc0000002 to merge /home/j/Dokumente/GitHub/FreetimeOS/lfs/build-glibc/elf/dl-allobjs.os (not found) and /home/j/Dokumente/GitHub/FreetimeOS/lfs/build-glibc/libc_pic.a(strnlen-avx2.os) (0x3)
Removed property 0xc0000002 to merge /home/j/Dokumente/GitHub/FreetimeOS/lfs/build-glibc/elf/dl-allobjs.os (not found) and /home/j/Dokumente/GitHub/FreetimeOS/lfs/build-glibc/libc_pic.a(strnlen-avx2-rtm.os) (0x3)
Removed property 0xc0000002 to merge /home/j/Dokumente/GitHub/FreetimeOS/lfs/build-glibc/elf/dl-allobjs.os (not found) and /home/j/Dokumente/GitHub/FreetimeOS/lfs/build-glibc/libc_pic.a(strnlen-evex.os) (0x3)
Removed property 0xc0000002 to merge /home/j/Dokumente/GitHub/FreetimeOS/lfs/build-glibc/elf/dl-allobjs.os (not found) and /home/j/Dokumente/GitHub/FreetimeOS/lfs/build-glibc/libc_pic.a(strnlen-sse2.os) (0x3)
Removed property 0xc0000002 to merge /home/j/Dokumente/GitHub/FreetimeOS/lfs/build-glibc/elf/dl-allobjs.os (not found) and /home/j/Dokumente/GitHub/FreetimeOS/lfs/build-glibc/libc_pic.a(varshift.os) (0x3)
Removed property 0xc0000002 to merge /home/j/Dokumente/GitHub/FreetimeOS/lfs/build-glibc/elf/dl-allobjs.os (not found) and /home/j/Dokumente/GitHub/FreetimeOS/lfs/build-glibc/libc_pic.a(strcspn-generic.os) (0x3)
Removed property 0xc0000002 to merge /home/j/Dokumente/GitHub/FreetimeOS/lfs/build-glibc/elf/dl-allobjs.os (not found) and /home/j/Dokumente/GitHub/FreetimeOS/lfs/build-glibc/libc_pic.a(cacheinfo.os) (0x3)
Removed property 0xc0000002 to merge /home/j/Dokumente/GitHub/FreetimeOS/lfs/build-glibc/elf/dl-allobjs.os (not found) and /home/j/Dokumente/GitHub/FreetimeOS/lfs/build-glibc/libc_pic.a(closedir.os) (0x3)
Removed property 0xc0000002 to merge /home/j/Dokumente/GitHub/FreetimeOS/lfs/build-glibc/elf/dl-allobjs.os (not found) and /home/j/Dokumente/GitHub/FreetimeOS/lfs/build-glibc/libc_pic.a(rewinddir.os) (0x3)
Removed property 0xc0000002 to merge /home/j/Dokumente/GitHub/FreetimeOS/lfs/build-glibc/elf/dl-allobjs.os (not found) and /home/j/Dokumente/GitHub/FreetimeOS/lfs/build-glibc/libc_pic.a(readdir64.os) (0x3)
Removed property 0xc0000002 to merge /home/j/Dokumente/GitHub/FreetimeOS/lfs/build-glibc/elf/dl-allobjs.os (not found) and /home/j/Dokumente/GitHub/FreetimeOS/lfs/build-glibc/libc_pic.a(fdopendir.os) (0x3)
Removed property 0xc0000002 to merge /home/j/Dokumente/GitHub/FreetimeOS/lfs/build-glibc/elf/dl-allobjs.os (not found) and /home/j/Dokumente/GitHub/FreetimeOS/lfs/build-glibc/libc_pic.a(_exit.os) (0x3)
Removed property 0xc0000002 to merge /home/j/Dokumente/GitHub/FreetimeOS/lfs/build-glibc/elf/dl-allobjs.os (not found) and /home/j/Dokumente/GitHub/FreetimeOS/lfs/build-glibc/libc_pic.a(getpid.os) (0x3)
Removed property 0xc0000002 to merge /home/j/Dokumente/GitHub/FreetimeOS/lfs/build-glibc/elf/dl-allobjs.os (not found) and /home/j/Dokumente/GitHub/FreetimeOS/lfs/build-glibc/libc_pic.a(uname.os) (0x3)
Removed property 0xc0000002 to merge /home/j/Dokumente/GitHub/FreetimeOS/lfs/build-glibc/elf/dl-allobjs.os (not found) and /home/j/Dokumente/GitHub/FreetimeOS/lfs/build-glibc/libc_pic.a(environ.os) (0x3)
Removed property 0xc0000002 to merge /home/j/Dokumente/GitHub/FreetimeOS/lfs/build-glibc/elf/dl-allobjs.os (not found) and /home/j/Dokumente/GitHub/FreetimeOS/lfs/build-glibc/libc_pic.a(access.os) (0x3)
Removed property 0xc0000002 to merge /home/j/Dokumente/GitHub/FreetimeOS/lfs/build-glibc/elf/dl-allobjs.os (not found) and /home/j/Dokumente/GitHub/FreetimeOS/lfs/build-glibc/libc_pic.a(fstat64.os) (0x3)
Removed property 0xc0000002 to merge /home/j/Dokumente/GitHub/FreetimeOS/lfs/build-glibc/elf/dl-allobjs.os (not found) and /home/j/Dokumente/GitHub/FreetimeOS/lfs/build-glibc/libc_pic.a(fstatat64.os) (0x3)
Removed property 0xc0000002 to merge /home/j/Dokumente/GitHub/FreetimeOS/lfs/build-glibc/elf/dl-allobjs.os (not found) and /home/j/Dokumente/GitHub/FreetimeOS/lfs/build-glibc/libc_pic.a(lseek64.os) (0x3)
Removed property 0xc0000002 to merge /home/j/Dokumente/GitHub/FreetimeOS/lfs/build-glibc/elf/dl-allobjs.os (not found) and /home/j/Dokumente/GitHub/FreetimeOS/lfs/build-glibc/libc_pic.a(lstat64.os) (0x3)
Removed property 0xc0000002 to merge /home/j/Dokumente/GitHub/FreetimeOS/lfs/build-glibc/elf/dl-allobjs.os (not found) and /home/j/Dokumente/GitHub/FreetimeOS/lfs/build-glibc/libc_pic.a(openat64.os) (0x3)
Removed property 0xc0000002 to merge /home/j/Dokumente/GitHub/FreetimeOS/lfs/build-glibc/elf/dl-allobjs.os (not found) and /home/j/Dokumente/GitHub/FreetimeOS/lfs/build-glibc/libc_pic.a(stat64.os) (0x3)
Removed property 0xc0000002 to merge /home/j/Dokumente/GitHub/FreetimeOS/lfs/build-glibc/elf/dl-allobjs.os (not found) and /home/j/Dokumente/GitHub/FreetimeOS/lfs/build-glibc/libc_pic.a(close_nocancel.os) (0x3)
Removed property 0xc0000002 to merge /home/j/Dokumente/GitHub/FreetimeOS/lfs/build-glibc/elf/dl-allobjs.os (not found) and /home/j/Dokumente/GitHub/FreetimeOS/lfs/build-glibc/libc_pic.a(fcntl_nocancel.os) (0x3)
Removed property 0xc0000002 to merge /home/j/Dokumente/GitHub/FreetimeOS/lfs/build-glibc/elf/dl-allobjs.os (not found) and /home/j/Dokumente/GitHub/FreetimeOS/lfs/build-glibc/libc_pic.a(open64_nocancel.os) (0x3)
Removed property 0xc0000002 to merge /home/j/Dokumente/GitHub/FreetimeOS/lfs/build-glibc/elf/dl-allobjs.os (not found) and /home/j/Dokumente/GitHub/FreetimeOS/lfs/build-glibc/libc_pic.a(pread64_nocancel.os) (0x3)
Removed property 0xc0000002 to merge /home/j/Dokumente/GitHub/FreetimeOS/lfs/build-glibc/elf/dl-allobjs.os (not found) and /home/j/Dokumente/GitHub/FreetimeOS/lfs/build-glibc/libc_pic.a(read_nocancel.os) (0x3)
Removed property 0xc0000002 to merge /home/j/Dokumente/GitHub/FreetimeOS/lfs/build-glibc/elf/dl-allobjs.os (not found) and /home/j/Dokumente/GitHub/FreetimeOS/lfs/build-glibc/libc_pic.a(write_nocancel.os) (0x3)
Removed property 0xc0000002 to merge /home/j/Dokumente/GitHub/FreetimeOS/lfs/build-glibc/elf/dl-allobjs.os (not found) and /home/j/Dokumente/GitHub/FreetimeOS/lfs/build-glibc/libc_pic.a(mmap64.os) (0x3)
Removed property 0xc0000002 to merge /home/j/Dokumente/GitHub/FreetimeOS/lfs/build-glibc/elf/dl-allobjs.os (not found) and /home/j/Dokumente/GitHub/FreetimeOS/lfs/build-glibc/libc_pic.a(mprotect.os) (0x3)
Removed property 0xc0000002 to merge /home/j/Dokumente/GitHub/FreetimeOS/lfs/build-glibc/elf/dl-allobjs.os (not found) and /home/j/Dokumente/GitHub/FreetimeOS/lfs/build-glibc/libc_pic.a(munmap.os) (0x3)
Removed property 0xc0000002 to merge /home/j/Dokumente/GitHub/FreetimeOS/lfs/build-glibc/elf/dl-allobjs.os (not found) and /home/j/Dokumente/GitHub/FreetimeOS/lfs/build-glibc/libc_pic.a(single_threaded.os) (0x3)
Removed property 0xc0000002 to merge /home/j/Dokumente/GitHub/FreetimeOS/lfs/build-glibc/elf/dl-allobjs.os (not found) and /home/j/Dokumente/GitHub/FreetimeOS/lfs/build-glibc/libc_pic.a(setvmaname.os) (0x3)
Removed property 0xc0000002 to merge /home/j/Dokumente/GitHub/FreetimeOS/lfs/build-glibc/elf/dl-allobjs.os (not found) and /home/j/Dokumente/GitHub/FreetimeOS/lfs/build-glibc/libc_pic.a(profil.os) (0x3)
Removed property 0xc0000002 to merge /home/j/Dokumente/GitHub/FreetimeOS/lfs/build-glibc/elf/dl-allobjs.os (not found) and /home/j/Dokumente/GitHub/FreetimeOS/lfs/build-glibc/libc_pic.a(prof-freq.os) (0x3)
Removed property 0xc0000002 to merge /home/j/Dokumente/GitHub/FreetimeOS/lfs/build-glibc/elf/dl-allobjs.os (not found) and /home/j/Dokumente/GitHub/FreetimeOS/lfs/build-glibc/libc_pic.a(dl-addr-obj.os) (0x3)
Removed property 0xc0000002 to merge /home/j/Dokumente/GitHub/FreetimeOS/lfs/build-glibc/elf/dl-allobjs.os (not found) and /home/j/Dokumente/GitHub/FreetimeOS/lfs/build-glibc/libc_pic.a(sigaction.os) (0x3)
Removed property 0xc0000002 to merge /home/j/Dokumente/GitHub/FreetimeOS/lfs/build-glibc/elf/dl-allobjs.os (not found) and /home/j/Dokumente/GitHub/FreetimeOS/lfs/build-glibc/libc_pic.a(libc_sigaction.os) (0x3)
Removed property 0xc0000002 to merge /home/j/Dokumente/GitHub/FreetimeOS/lfs/build-glibc/elf/dl-allobjs.os (not found) and /home/j/Dokumente/GitHub/FreetimeOS/lfs/build-glibc/libc_pic.a(errname.os) (0x3)
Removed property 0xc0000002 to merge /home/j/Dokumente/GitHub/FreetimeOS/lfs/build-glibc/elf/dl-allobjs.os (not found) and /home/j/Dokumente/GitHub/FreetimeOS/lfs/build-glibc/libc_pic.a(strchrnul.os) (0x3)
Removed property 0xc0000002 to merge /home/j/Dokumente/GitHub/FreetimeOS/lfs/build-glibc/elf/dl-allobjs.os (not found) and /home/j/Dokumente/GitHub/FreetimeOS/lfs/build-glibc/libc_pic.a(strchrnul-avx2.os) (0x3)
Removed property 0xc0000002 to merge /home/j/Dokumente/GitHub/FreetimeOS/lfs/build-glibc/elf/dl-allobjs.os (not found) and /home/j/Dokumente/GitHub/FreetimeOS/lfs/build-glibc/libc_pic.a(strchrnul-avx2-rtm.os) (0x3)
Removed property 0xc0000002 to merge /home/j/Dokumente/GitHub/FreetimeOS/lfs/build-glibc/elf/dl-allobjs.os (not found) and /home/j/Dokumente/GitHub/FreetimeOS/lfs/build-glibc/libc_pic.a(strchrnul-evex.os) (0x3)
Removed property 0xc0000002 to merge /home/j/Dokumente/GitHub/FreetimeOS/lfs/build-glibc/elf/dl-allobjs.os (not found) and /home/j/Dokumente/GitHub/FreetimeOS/lfs/build-glibc/libc_pic.a(strchrnul-sse2.os) (0x3)
Removed property 0xc0000002 to merge /home/j/Dokumente/GitHub/FreetimeOS/lfs/build-glibc/elf/dl-allobjs.os (not found) and /home/j/Dokumente/GitHub/FreetimeOS/lfs/build-glibc/libc_pic.a(setitimer.os) (0x3)
Removed property 0xc0000002 to merge /home/j/Dokumente/GitHub/FreetimeOS/lfs/build-glibc/elf/dl-allobjs.os (not found) and /home/j/Dokumente/GitHub/FreetimeOS/lfs/build-glibc/libc_pic.a(getdents64.os) (0x3)

Discarded input sections

 .note.gnu.property
                0x0000000000000000       0x20 /home/j/Dokumente/GitHub/FreetimeOS/lfs/build-glibc/elf/dl-allobjs.os
 .note.gnu.property
                0x0000000000000000       0x20 /home/j/Dokumente/GitHub/FreetimeOS/lfs/build-glibc/libc_pic.a(check_fds.os)
 .note.gnu.property
                0x0000000000000000       0x20 /home/j/Dokumente/GitHub/FreetimeOS/lfs/build-glibc/libc_pic.a(errno.os)
 .note.gnu.property
                0x0000000000000000       0x20 /home/j/Dokumente/GitHub/FreetimeOS/lfs/build-glibc/libc_pic.a(setjmp.os)
 .note.gnu.property
                0x0000000000000000       0x20 /home/j/Dokumente/GitHub/FreetimeOS/lfs/build-glibc/libc_pic.a(__longjmp.os)
 .note.gnu.property
                0x0000000000000000       0x20 /home/j/Dokumente/GitHub/FreetimeOS/lfs/build-glibc/libc_pic.a(lowlevellock.os)
 .note.gnu.property
                0x0000000000000000       0x20 /home/j/Dokumente/GitHub/FreetimeOS/lfs/build-glibc/libc_pic.a(scratch_buffer_set_array_size.os)
 .note.gnu.property
                0x0000000000000000       0x20 /home/j/Dokumente/GitHub/FreetimeOS/lfs/build-glibc/libc_pic.a(memchr.os)
 .note.gnu.property
                0x0000000000000000       0x20 /home/j/Dokumente/GitHub/FreetimeOS/lfs/build-glibc/libc_pic.a(memcmp.os)
 .note.gnu.property
                0x0000000000000000       0x20 /home/j/Dokumente/GitHub/FreetimeOS/lfs/build-glibc/libc_pic.a(memcpy.os)
 .note.gnu.property
                0x0000000000000000       0x20 /home/j/Dokumente/GitHub/FreetimeOS/lfs/build-glibc/libc_pic.a(memmove.os)
 .note.gnu.property
                0x0000000000000000       0x20 /home/j/Dokumente/GitHub/FreetimeOS/lfs/build-glibc/libc_pic.a(mempcpy.os)
 .note.gnu.property
                0x0000000000000000       0x20 /home/j/Dokumente/GitHub/FreetimeOS/lfs/build-glibc/libc_pic.a(memset.os)
 .note.gnu.property
                0x0000000000000000       0x20 /home/j/Dokumente/GitHub/FreetimeOS/lfs/build-glibc/libc_pic.a(stpcpy.os)
 .note.gnu.property
                0x0000000000000000       0x20 /home/j/Dokumente/GitHub/FreetimeOS/lfs/build-glibc/libc_pic.a(strchr.os)
 .note.gnu.property
                0x0000000000000000       0x20 /home/j/Dokumente/GitHub/FreetimeOS/lfs/build-glibc/libc_pic.a(strcmp.os)
 .note.gnu.property
                0x0000000000000000       0x20 /home/j/Dokumente/GitHub/FreetimeOS/lfs/build-glibc/libc_pic.a(strcspn.os)
 .note.gnu.property
                0x0000000000000000       0x20 /home/j/Dokumente/GitHub/FreetimeOS/lfs/build-glibc/libc_pic.a(strdup.os)
 .note.gnu.property
                0x0000000000000000       0x20 /home/j/Dokumente/GitHub/FreetimeOS/lfs/build-glibc/libc_pic.a(strerrorname_np.os)
 .note.gnu.property
                0x0000000000000000       0x20 /home/j/Dokumente/GitHub/FreetimeOS/lfs/build-glibc/libc_pic.a(strlen.os)
 .note.gnu.property
                0x0000000000000000       0x20 /home/j/Dokumente/GitHub/FreetimeOS/lfs/build-glibc/libc_pic.a(strncmp.os)
 .note.gnu.property
                0x0000000000000000       0x20 /home/j/Dokumente/GitHub/FreetimeOS/lfs/build-glibc/libc_pic.a(strnlen.os)
 .note.gnu.property
                0x0000000000000000       0x20 /home/j/Dokumente/GitHub/FreetimeOS/lfs/build-glibc/libc_pic.a(memchr-avx2.os)
 .note.gnu.property
                0x0000000000000000       0x20 /home/j/Dokumente/GitHub/FreetimeOS/lfs/build-glibc/libc_pic.a(memchr-avx2-rtm.os)
 .note.gnu.property
                0x0000000000000000       0x20 /home/j/Dokumente/GitHub/FreetimeOS/lfs/build-glibc/libc_pic.a(memchr-evex.os)
 .note.gnu.property
                0x0000000000000000       0x20 /home/j/Dokumente/GitHub/FreetimeOS/lfs/build-glibc/libc_pic.a(memchr-evex-rtm.os)
 .note.gnu.property
                0x0000000000000000       0x20 /home/j/Dokumente/GitHub/FreetimeOS/lfs/build-glibc/libc_pic.a(memchr-sse2.os)
 .note.gnu.property
                0x0000000000000000       0x20 /home/j/Dokumente/GitHub/FreetimeOS/lfs/build-glibc/libc_pic.a(memcmp-avx2-movbe.os)
 .note.gnu.property
                0x0000000000000000       0x20 /home/j/Dokumente/GitHub/FreetimeOS/lfs/build-glibc/libc_pic.a(memcmp-avx2-movbe-rtm.os)
 .note.gnu.property
                0x0000000000000000       0x20 /home/j/Dokumente/GitHub/FreetimeOS/lfs/build-glibc/libc_pic.a(memcmp-evex-movbe.os)
 .note.gnu.property
                0x0000000000000000       0x20 /home/j/Dokumente/GitHub/FreetimeOS/lfs/build-glibc/libc_pic.a(memcmp-sse2.os)
 .note.gnu.property
                0x0000000000000000       0x20 /home/j/Dokumente/GitHub/FreetimeOS/lfs/build-glibc/libc_pic.a(memmove-avx-unaligned-erms.os)
 .note.gnu.property
                0x0000000000000000       0x20 /home/j/Dokumente/GitHub/FreetimeOS/lfs/build-glibc/libc_pic.a(memmove-avx-unaligned-erms-rtm.os)
 .note.gnu.property
                0x0000000000000000       0x20 /home/j/Dokumente/GitHub/FreetimeOS/lfs/build-glibc/libc_pic.a(memmove-avx512-no-vzeroupper.os)
 .note.gnu.property
                0x0000000000000000       0x20 /home/j/Dokumente/GitHub/FreetimeOS/lfs/build-glibc/libc_pic.a(memmove-avx512-unaligned-erms.os)
 .note.gnu.property
                0x0000000000000000       0x20 /home/j/Dokumente/GitHub/FreetimeOS/lfs/build-glibc/libc_pic.a(memmove-erms.os)
 .note.gnu.property
                0x0000000000000000       0x20 /home/j/Dokumente/GitHub/FreetimeOS/lfs/build-glibc/libc_pic.a(memmove-evex-unaligned-erms.os)
 .note.gnu.property
                0x0000000000000000       0x20 /home/j/Dokumente/GitHub/FreetimeOS/lfs/build-glibc/libc_pic.a(memmove-sse2-unaligned-erms.os)
 .note.gnu.property
                0x0000000000000000       0x20 /home/j/Dokumente/GitHub/FreetimeOS/lfs/build-glibc/libc_pic.a(memmove-ssse3.os)
 .note.gnu.property
                0x0000000000000000       0x20 /home/j/Dokumente/GitHub/FreetimeOS/lfs/build-glibc/libc_pic.a(memset-avx2-unaligned-erms.os)
 .note.gnu.property
                0x0000000000000000       0x20 /home/j/Dokumente/GitHub/FreetimeOS/lfs/build-glibc/libc_pic.a(memset-avx2-unaligned-erms-rtm.os)
 .note.gnu.property
                0x0000000000000000       0x20 /home/j/Dokumente/GitHub/FreetimeOS/lfs/build-glibc/libc_pic.a(memset-avx512-no-vzeroupper.os)
 .note.gnu.property
                0x0000000000000000       0x20 /home/j/Dokumente/GitHub/FreetimeOS/lfs/build-glibc/libc_pic.a(memset-avx512-unaligned-erms.os)
 .note.gnu.property
                0x0000000000000000       0x20 /home/j/Dokumente/GitHub/FreetimeOS/lfs/build-glibc/libc_pic.a(memset-erms.os)
 .note.gnu.property
                0x0000000000000000       0x20 /home/j/Dokumente/GitHub/FreetimeOS/lfs/build-glibc/libc_pic.a(memset-evex-unaligned-erms.os)
 .note.gnu.property
                0x0000000000000000       0x20 /home/j/Dokumente/GitHub/FreetimeOS/lfs/build-glibc/libc_pic.a(memset-sse2-unaligned-erms.os)
 .note.gnu.property
                0x0000000000000000       0x20 /home/j/Dokumente/GitHub/FreetimeOS/lfs/build-glibc/libc_pic.a(stpcpy-avx2.os)
 .note.gnu.property
                0x0000000000000000       0x20 /home/j/Dokumente/GitHub/FreetimeOS/lfs/build-glibc/libc_pic.a(stpcpy-avx2-rtm.os)
 .note.gnu.property
                0x0000000000000000       0x20 /home/j/Dokumente/GitHub/FreetimeOS/lfs/build-glibc/libc_pic.a(stpcpy-evex.os)
 .note.gnu.property
                0x0000000000000000       0x20 /home/j/Dokumente/GitHub/FreetimeOS/lfs/build-glibc/libc_pic.a(stpcpy-sse2.os)
 .note.gnu.property
                0x0000000000000000       0x20 /home/j/Dokumente/GitHub/FreetimeOS/lfs/build-glibc/libc_pic.a(stpcpy-sse2-unaligned.os)
 .note.gnu.property
                0x0000000000000000       0x20 /home/j/Dokumente/GitHub/FreetimeOS/lfs/build-glibc/libc_pic.a(strchr-avx2.os)
 .note.gnu.property
                0x0000000000000000       0x20 /home/j/Dokumente/GitHub/FreetimeOS/lfs/build-glibc/libc_pic.a(strchr-avx2-rtm.os)
 .note.gnu.property
                0x0000000000000000       0x20 /home/j/Dokumente/GitHub/FreetimeOS/lfs/build-glibc/libc_pic.a(strchr-evex.os)
 .note.gnu.property
                0x0000000000000000       0x20 /home/j/Dokumente/GitHub/FreetimeOS/lfs/build-glibc/libc_pic.a(strchr-sse2.os)
 .note.gnu.property
                0x0000000000000000       0x20 /home/j/Dokumente/GitHub/FreetimeOS/lfs/build-glibc/libc_pic.a(strchr-sse2-no-bsf.os)
 .note.gnu.property
                0x0000000000000000       0x20 /home/j/Dokumente/GitHub/FreetimeOS/lfs/build-glibc/libc_pic.a(strcmp-avx2.os)
 .note.gnu.property
                0x0000000000000000       0x20 /home/j/Dokumente/GitHub/FreetimeOS/lfs/build-glibc/libc_pic.a(strcmp-avx2-rtm.os)
 .note.gnu.property
                0x0000000000000000       0x20 /home/j/Dokumente/GitHub/FreetimeOS/lfs/build-glibc/libc_pic.a(strcmp-evex.os)
 .note.gnu.property
                0x0000000000000000       0x20 /home/j/Dokumente/GitHub/FreetimeOS/lfs/build-glibc/libc_pic.a(strcmp-sse2.os)
 .note.gnu.property
                0x0000000000000000       0x20 /home/j/Dokumente/GitHub/FreetimeOS/lfs/build-glibc/libc_pic.a(strcmp-sse2-unaligned.os)
 .note.gnu.property
                0x0000000000000000       0x20 /home/j/Dokumente/GitHub/FreetimeOS/lfs/build-glibc/libc_pic.a(strcmp-sse4_2.os)
 .note.gnu.property
                0x0000000000000000       0x20 /home/j/Dokumente/GitHub/FreetimeOS/lfs/build-glibc/libc_pic.a(strcspn-sse4.os)
 .note.gnu.property
                0x0000000000000000       0x20 /home/j/Dokumente/GitHub/FreetimeOS/lfs/build-glibc/libc_pic.a(strlen-avx2.os)
 .note.gnu.property
                0x0000000000000000       0x20 /home/j/Dokumente/GitHub/FreetimeOS/lfs/build-glibc/libc_pic.a(strlen-avx2-rtm.os)
 .note.gnu.property
                0x0000000000000000       0x20 /home/j/Dokumente/GitHub/FreetimeOS/lfs/build-glibc/libc_pic.a(strlen-evex.os)
 .note.gnu.property
                0x0000000000000000       0x20 /home/j/Dokumente/GitHub/FreetimeOS/lfs/build-glibc/libc_pic.a(strlen-sse2.os)
 .note.gnu.property
                0x0000000000000000       0x20 /home/j/Dokumente/GitHub/FreetimeOS/lfs/build-glibc/libc_pic.a(strncmp-avx2.os)
 .note.gnu.property
                0x0000000000000000       0x20 /home/j/Dokumente/GitHub/FreetimeOS/lfs/build-glibc/libc_pic.a(strncmp-avx2-rtm.os)
 .note.gnu.property
                0x0000000000000000       0x20 /home/j/Dokumente/GitHub/FreetimeOS/lfs/build-glibc/libc_pic.a(strncmp-evex.os)
 .note.gnu.property
                0x0000000000000000       0x20 /home/j/Dokumente/GitHub/FreetimeOS/lfs/build-glibc/libc_pic.a(strncmp-sse2.os)
 .note.gnu.property
                0x0000000000000000       0x20 /home/j/Dokumente/GitHub/FreetimeOS/lfs/build-glibc/libc_pic.a(strncmp-sse4_2.os)
 .note.gnu.property
                0x0000000000000000       0x20 /home/j/Dokumente/GitHub/FreetimeOS/lfs/build-glibc/libc_pic.a(strnlen-avx2.os)
 .note.gnu.property
                0x0000000000000000       0x20 /home/j/Dokumente/GitHub/FreetimeOS/lfs/build-glibc/libc_pic.a(strnlen-avx2-rtm.os)
 .note.gnu.property
                0x0000000000000000       0x20 /home/j/Dokumente/GitHub/FreetimeOS/lfs/build-glibc/libc_pic.a(strnlen-evex.os)
 .note.gnu.property
                0x0000000000000000       0x20 /home/j/Dokumente/GitHub/FreetimeOS/lfs/build-glibc/libc_pic.a(strnlen-sse2.os)
 .note.gnu.property
                0x0000000000000000       0x20 /home/j/Dokumente/GitHub/FreetimeOS/lfs/build-glibc/libc_pic.a(varshift.os)
 .note.gnu.property
                0x0000000000000000       0x20 /home/j/Dokumente/GitHub/FreetimeOS/lfs/build-glibc/libc_pic.a(strcspn-generic.os)
 .note.gnu.property
                0x0000000000000000       0x20 /home/j/Dokumente/GitHub/FreetimeOS/lfs/build-glibc/libc_pic.a(cacheinfo.os)
 .note.gnu.property
                0x0000000000000000       0x20 /home/j/Dokumente/GitHub/FreetimeOS/lfs/build-glibc/libc_pic.a(closedir.os)
 .note.gnu.property
                0x0000000000000000       0x20 /home/j/Dokumente/GitHub/FreetimeOS/lfs/build-glibc/libc_pic.a(rewinddir.os)
 .note.gnu.property
                0x0000000000000000       0x20 /home/j/Dokumente/GitHub/FreetimeOS/lfs/build-glibc/libc_pic.a(readdir64.os)
 .note.gnu.property
                0x0000000000000000       0x20 /home/j/Dokumente/GitHub/FreetimeOS/lfs/build-glibc/libc_pic.a(fdopendir.os)
 .note.gnu.property
                0x0000000000000000       0x20 /home/j/Dokumente/GitHub/FreetimeOS/lfs/build-glibc/libc_pic.a(_exit.os)
 .note.gnu.property
                0x0000000000000000       0x20 /home/j/Dokumente/GitHub/FreetimeOS/lfs/build-glibc/libc_pic.a(getpid.os)
 .note.gnu.property
                0x0000000000000000       0x20 /home/j/Dokumente/GitHub/FreetimeOS/lfs/build-glibc/libc_pic.a(uname.os)
 .note.gnu.property
                0x0000000000000000       0x20 /home/j/Dokumente/GitHub/FreetimeOS/lfs/build-glibc/libc_pic.a(environ.os)
 .note.gnu.property
                0x0000000000000000       0x20 /home/j/Dokumente/GitHub/FreetimeOS/lfs/build-glibc/libc_pic.a(access.os)
 .note.gnu.property
                0x0000000000000000       0x20 /home/j/Dokumente/GitHub/FreetimeOS/lfs/build-glibc/libc_pic.a(fstat64.os)
 .note.gnu.property
                0x0000000000000000       0x20 /home/j/Dokumente/GitHub/FreetimeOS/lfs/build-glibc/libc_pic.a(fstatat64.os)
 .note.gnu.property
                0x0000000000000000       0x20 /home/j/Dokumente/GitHub/FreetimeOS/lfs/build-glibc/libc_pic.a(lseek64.os)
 .note.gnu.property
                0x0000000000000000       0x20 /home/j/Dokumente/GitHub/FreetimeOS/lfs/build-glibc/libc_pic.a(lstat64.os)
 .note.gnu.property
                0x0000000000000000       0x20 /home/j/Dokumente/GitHub/FreetimeOS/lfs/build-glibc/libc_pic.a(openat64.os)
 .note.gnu.property
                0x0000000000000000       0x20 /home/j/Dokumente/GitHub/FreetimeOS/lfs/build-glibc/libc_pic.a(stat64.os)
 .note.gnu.property
                0x0000000000000000       0x20 /home/j/Dokumente/GitHub/FreetimeOS/lfs/build-glibc/libc_pic.a(close_nocancel.os)
 .note.gnu.property
                0x0000000000000000       0x20 /home/j/Dokumente/GitHub/FreetimeOS/lfs/build-glibc/libc_pic.a(fcntl_nocancel.os)
 .note.gnu.property
                0x0000000000000000       0x20 /home/j/Dokumente/GitHub/FreetimeOS/lfs/build-glibc/libc_pic.a(open64_nocancel.os)
 .note.gnu.property
                0x0000000000000000       0x20 /home/j/Dokumente/GitHub/FreetimeOS/lfs/build-glibc/libc_pic.a(pread64_nocancel.os)
 .note.gnu.property
                0x0000000000000000       0x20 /home/j/Dokumente/GitHub/FreetimeOS/lfs/build-glibc/libc_pic.a(read_nocancel.os)
 .note.gnu.property
                0x0000000000000000       0x20 /home/j/Dokumente/GitHub/FreetimeOS/lfs/build-glibc/libc_pic.a(write_nocancel.os)
 .note.gnu.property
                0x0000000000000000       0x20 /home/j/Dokumente/GitHub/FreetimeOS/lfs/build-glibc/libc_pic.a(mmap64.os)
 .note.gnu.property
                0x0000000000000000       0x20 /home/j/Dokumente/GitHub/FreetimeOS/lfs/build-glibc/libc_pic.a(mprotect.os)
 .note.gnu.property
                0x0000000000000000       0x20 /home/j/Dokumente/GitHub/FreetimeOS/lfs/build-glibc/libc_pic.a(munmap.os)
 .note.gnu.property
                0x0000000000000000       0x20 /home/j/Dokumente/GitHub/FreetimeOS/lfs/build-glibc/libc_pic.a(single_threaded.os)
 .note.gnu.property
                0x0000000000000000       0x20 /home/j/Dokumente/GitHub/FreetimeOS/lfs/build-glibc/libc_pic.a(setvmaname.os)
 .note.gnu.property
                0x0000000000000000       0x20 /home/j/Dokumente/GitHub/FreetimeOS/lfs/build-glibc/libc_pic.a(profil.os)
 .note.gnu.property
                0x0000000000000000       0x20 /home/j/Dokumente/GitHub/FreetimeOS/lfs/build-glibc/libc_pic.a(prof-freq.os)
 .note.gnu.property
                0x0000000000000000       0x20 /home/j/Dokumente/GitHub/FreetimeOS/lfs/build-glibc/libc_pic.a(dl-addr-obj.os)
 .note.gnu.property
                0x0000000000000000       0x20 /home/j/Dokumente/GitHub/FreetimeOS/lfs/build-glibc/libc_pic.a(sigaction.os)
 .note.gnu.property
                0x0000000000000000       0x20 /home/j/Dokumente/GitHub/FreetimeOS/lfs/build-glibc/libc_pic.a(libc_sigaction.os)
 .note.gnu.property
                0x0000000000000000       0x20 /home/j/Dokumente/GitHub/FreetimeOS/lfs/build-glibc/libc_pic.a(errname.os)
 .note.gnu.property
                0x0000000000000000       0x20 /home/j/Dokumente/GitHub/FreetimeOS/lfs/build-glibc/libc_pic.a(strchrnul.os)
 .note.gnu.property
                0x0000000000000000       0x20 /home/j/Dokumente/GitHub/FreetimeOS/lfs/build-glibc/libc_pic.a(strchrnul-avx2.os)
 .note.gnu.property
                0x0000000000000000       0x20 /home/j/Dokumente/GitHub/FreetimeOS/lfs/build-glibc/libc_pic.a(strchrnul-avx2-rtm.os)
 .note.gnu.property
                0x0000000000000000       0x20 /home/j/Dokumente/GitHub/FreetimeOS/lfs/build-glibc/libc_pic.a(strchrnul-evex.os)
 .note.gnu.property
                0x0000000000000000       0x20 /home/j/Dokumente/GitHub/FreetimeOS/lfs/build-glibc/libc_pic.a(strchrnul-sse2.os)
 .note.gnu.property
                0x0000000000000000       0x20 /home/j/Dokumente/GitHub/FreetimeOS/lfs/build-glibc/libc_pic.a(setitimer.os)
 .note.gnu.property
                0x0000000000000000       0x20 /home/j/Dokumente/GitHub/FreetimeOS/lfs/build-glibc/libc_pic.a(getdents64.os)

Speicherkonfiguration

Name             Ursprung           Länge             Attribute
*default*        0x0000000000000000 0xffffffffffffffff

Linker script and memory map

LOAD /home/j/Dokumente/GitHub/FreetimeOS/lfs/build-glibc/elf/librtld.mapT.o
START GROUP
LOAD /home/j/Dokumente/GitHub/FreetimeOS/lfs/build-glibc/elf/dl-allobjs.os
LOAD /home/j/Dokumente/GitHub/FreetimeOS/lfs/build-glibc/libc_pic.a
LOAD /usr/lib/gcc/x86_64-linux-gnu/13/libgcc.a
END GROUP

.interp
 *(.interp)

.note.gnu.build-id
 *(.note.gnu.build-id)

.hash
 *(.hash)

.gnu.hash
 *(.gnu.hash)

.dynsym
 *(.dynsym)

.dynstr
 *(.dynstr)

.gnu.version
 *(.gnu.version)

.gnu.version_d
 *(.gnu.version_d)

.gnu.version_r
 *(.gnu.version_r)

.rela.init
 *(.rela.init)

.rela.text
 *(.rela.text)

.rela.fini
 *(.rela.fini)

.rela.rodata
 *(.rela.rodata)

.rela.data.rel.ro
 *(.rela.data.rel.ro)

.rela.data
 *(.rela.data)

.rela.tdata
 *(.rela.tdata)

.rela.tbss
 *(.rela.tbss)

.rela.ctors
 *(.rela.ctors)

.rela.dtors
 *(.rela.dtors)

.rela.got
 *(.rela.got)

.rela.bss
 *(.rela.bss)

.rela.ldata
 *(.rela.ldata)

.rela.lbss
 *(.rela.lbss)

.rela.lrodata
 *(.rela.lrodata)

.rela.ifunc
 *(.rela.ifunc)

.rela.plt
 *(.rela.plt)

.relr.dyn
 *(.relr.dyn)

.init
 *(SORT_NONE(.init))

.plt
 *(.plt)

.plt.got
 *(.plt.got)

.plt.sec
 *(.plt.sec)

.text           0x0000000000000000    0x271b4
 *(.text .stub)
 .text          0x0000000000000000        0x0 /home/j/Dokumente/GitHub/FreetimeOS/lfs/build-glibc/elf/librtld.mapT.o
                0x0000000000000000                __stack_chk_fail_local
                0x0000000000000000                malloc
                0x0000000000000000                __libc_assert_fail
                0x0000000000000000                __stack_chk_fail
                0x0000000000000000                calloc
                0x0000000000000000                __GI___pthread_enable_asynccancel
                0x0000000000000000                realloc
                0x0000000000000000                __GI___pthread_disable_asynccancel
                0x0000000000000000                __pthread_enable_asynccancel
                0x0000000000000000                __pthread_disable_asynccancel
                0x0000000000000000                free
 .text          0x0000000000000000    0x20554 /home/j/Dokumente/GitHub/FreetimeOS/lfs/build-glibc/elf/dl-allobjs.os
                0x0000000000000000                _dl_call_libc_early_init
                0x0000000000000090                _dl_call_fini
                0x00000000000001e0                _dl_signal_exception
                0x00000000000001e0                __GI__dl_signal_exception
                0x0000000000000240                __GI__dl_signal_error
                0x0000000000000240                _dl_signal_error
                0x00000000000002b0                _dl_signal_cexception
                0x0000000000000340                _dl_signal_cerror
                0x00000000000003c0                _dl_receive_error
                0x0000000000000460                _dl_catch_exception
                0x0000000000000460                __GI__dl_catch_exception
                0x00000000000005e0                _dl_catch_error
                0x0000000000000740                _dl_close_worker
                0x00000000000015f0                _dl_close
                0x0000000000001660                _dl_debug_state
                0x0000000000001660                __GI__dl_debug_state
                0x0000000000001670                _dl_debug_update
                0x00000000000016c0                _dl_debug_initialize
                0x0000000000001870                _dl_map_object_deps
                0x0000000000002890                _dl_error_free
                0x00000000000028c0                _dl_exception_create
                0x00000000000028c0                __GI__dl_exception_create
                0x0000000000002990                __GI__dl_exception_create_format
                0x0000000000002990                _dl_exception_create_format
                0x0000000000002e00                _dl_exception_free
                0x0000000000002e00                __GI__dl_exception_free
                0x0000000000002e30                _dl_make_stacks_executable
                0x0000000000002fa0                __GI___nptl_change_stack_perm
                0x0000000000002fa0                __nptl_change_stack_perm
                0x00000000000031e0                __GI__dl_find_object
                0x00000000000031e0                _dl_find_object
                0x0000000000003520                _dlfo_sort_mappings
                0x00000000000035d0                _dl_find_object_init
                0x0000000000003780                _dl_find_object_update
                0x0000000000003c80                _dl_find_object_dlclose
                0x0000000000003d50                _dl_find_object_freeres
                0x0000000000003dc0                _dl_fini
                0x00000000000041d0                _dl_init
                0x0000000000005250                _dl_dst_count
                0x0000000000005300                _dl_dst_substitute
                0x0000000000005a80                _dl_init_paths
                0x0000000000005e90                _dl_process_pt_gnu_property
                0x0000000000007930                _dl_map_object
                0x0000000000008420                _dl_rtld_di_serinfo
                0x0000000000009410                _dl_lookup_symbol_x
                0x0000000000009fb0                _dl_lookup_direct
                0x000000000000a150                __minimal_malloc
                0x000000000000a280                __minimal_calloc
                0x000000000000a2c0                __minimal_free
                0x000000000000a300                __minimal_realloc
                0x000000000000a390                _dl_sysdep_read_whole_file
                0x000000000000a420                _dl_name_match_p
                0x000000000000a490                _dl_higher_prime_number
                0x000000000000a4e0                _dl_strtoul
                0x000000000000a690                _dl_add_to_namespace_list
                0x000000000000a730                _dl_new_object
                0x000000000000af50                __GI__dl_find_dso_for_object
                0x000000000000af50                _dl_find_dso_for_object
                0x000000000000b020                _dl_open
                0x000000000000b320                _dl_show_scope
                0x000000000000bf20                _dl_get_origin
                0x000000000000c740                _dl_debug_printf
                0x000000000000c7f0                _dl_debug_printf_c
                0x000000000000c8a0                _dl_dprintf
                0x000000000000c940                _dl_printf
                0x000000000000c9f0                _dl_error_printf
                0x000000000000caa0                _dl_fatal_printf
                0x000000000000caa0                __GI__dl_fatal_printf
                0x000000000000cb50                _dl_try_allocate_static_tls
                0x000000000000cc70                _dl_allocate_static_tls
                0x000000000000ccb0                _dl_protect_relro
                0x000000000000cd20                _dl_reloc_bad_type
                0x000000000000ce00                _dl_relocate_object
                0x000000000000f720                _dl_fixup
                0x000000000000f9e0                _dl_profile_fixup
                0x000000000000fd30                _dl_scope_free
                0x000000000000fe00                _dl_setup_hash
                0x000000000000ffa0                _dl_sort_maps_init
                0x000000000000ffd0                _dl_sort_maps
                0x00000000000104f0                __thread_gscope_wait
                0x0000000000010980                _dl_tls_static_surplus_init
                0x0000000000010a20                _dl_assign_tls_modid
                0x0000000000010b40                _dl_count_modids
                0x0000000000010bb0                _dl_determine_tlsoffset
                0x0000000000010d70                _dl_get_tls_static_info
                0x0000000000010d90                _dl_allocate_tls_storage
                0x0000000000010e60                __GI__dl_allocate_tls_init
                0x0000000000010e60                _dl_allocate_tls_init
                0x0000000000011100                __GI__dl_allocate_tls
                0x0000000000011100                _dl_allocate_tls
                0x0000000000011140                _dl_deallocate_tls
                0x0000000000011140                __GI__dl_deallocate_tls
                0x00000000000111d0                _dl_update_slotinfo
                0x00000000000113f0                __GI___tls_get_addr
                0x00000000000113f0                ___tls_get_addr
                0x0000000000011440                _dl_tls_get_addr_soft
                0x00000000000114c0                _dl_add_to_slotinfo
                0x00000000000115d0                _dl_init_static_tls
                0x0000000000011700                __tls_get_addr_slow
                0x0000000000011740                __tls_pre_init_tp
                0x00000000000117a0                __tls_init_tp
                0x00000000000118e0                _dl_runtime_profile_sse
                0x0000000000011a70                _dl_runtime_resolve_fxsave
                0x0000000000011af0                _dl_runtime_resolve_xsave
                0x0000000000011bc0                _dl_runtime_resolve_xsavec
                0x0000000000012040                __tunable_is_initialized
                0x0000000000012040                __GI___tunable_is_initialized
                0x0000000000012060                __GI___tunable_set_val
                0x0000000000012080                __GI___tunables_init
                0x0000000000012200                __GI___tunables_print
                0x0000000000012320                __tunable_get_default
                0x0000000000012320                __GI___tunable_get_default
                0x0000000000012370                __tunable_get_val
                0x0000000000012370                __GI___tunable_get_val
                0x00000000000123f0                _dl_check_map_versions
                0x0000000000012cb0                _dl_check_all_versions
                0x0000000000012d20                _dl_write
                0x0000000000012d30                _dl_cache_libcmp
                0x0000000000013520                _dl_load_cache_lookup
                0x00000000000138b0                _dl_unload_cache
                0x0000000000013900                _dl_make_tlsdesc_dynamic
                0x0000000000013ba0                _dl_unmap
                0x0000000000013c20                _dl_tlsdesc_return
                0x0000000000013c30                _dl_tlsdesc_undefweak
                0x0000000000013c50                _dl_tlsdesc_dynamic
                0x0000000000013cf0                __tls_get_addr
                0x0000000000013f70                _dl_cet_open_check
                0x0000000000014010                _dl_cet_setup_features
                0x0000000000014080                _dl_cet_check
                0x00000000000167e0                __x86_cpu_features
                0x0000000000016810                _dl_x86_init_cpu_features
                0x0000000000016830                _dl_x86_get_cpu_features
                0x0000000000016840                _dl_audit_activity_map
                0x00000000000168d0                _dl_audit_activity_nsid
                0x0000000000016910                _dl_audit_objsearch
                0x00000000000169c0                _dl_audit_objopen
                0x0000000000016a80                _dl_audit_objclose
                0x0000000000016b20                _dl_audit_preinit
                0x0000000000016ba0                _dl_audit_symbind_alt
                0x0000000000016ba0                __GI__dl_audit_symbind_alt
                0x0000000000016d50                _dl_audit_symbind
                0x0000000000017000                _dl_audit_pltenter
                0x0000000000017210                _dl_audit_pltexit
                0x00000000000173f0                _dl_diagnostics_print_string
                0x0000000000017470                _dl_diagnostics_print_labeled_string
                0x00000000000174c0                _dl_diagnostics_print_labeled_value
                0x00000000000174e0                _dl_print_diagnostics
                0x0000000000017920                _dl_diagnostics_cpu
                0x0000000000018060                _dl_diagnostics_kernel
                0x0000000000018120                _dl_next_ld_env_entry
                0x0000000000018170                unsetenv
                0x00000000000182a0                _dl_important_hwcaps
                0x0000000000018630                _dl_hwcaps_subdirs_active
                0x00000000000186f0                _dl_hwcaps_split
                0x0000000000018790                _dl_hwcaps_contains
                0x0000000000018850                _dl_hwcaps_split_masked
                0x0000000000018890                __rtld_libc_freeres
                0x00000000000188a0                __rtld_malloc_init_stubs
                0x00000000000188e0                __sigjmp_save
                0x00000000000188f0                __strerror_r
                0x00000000000189e0                __GI___libc_fatal
                0x00000000000189e0                __libc_fatal
                0x0000000000018a00                __GI___chk_fail
                0x0000000000018a00                __chk_fail
                0x0000000000018a20                __GI___assert_fail
                0x0000000000018a20                __assert_fail
                0x0000000000018a60                __rtld_malloc_is_complete
                0x0000000000018b70                __rtld_malloc_init_real
[...]
                0x0000000000000000        0x0 /home/j/Dokumente/GitHub/FreetimeOS/lfs/build-glibc/libc_pic.a(memchr-evex-rtm.os)
 .note.GNU-stack
                0x0000000000000000        0x0 /home/j/Dokumente/GitHub/FreetimeOS/lfs/build-glibc/libc_pic.a(memchr-sse2.os)
 .note.GNU-stack
                0x0000000000000000        0x0 /home/j/Dokumente/GitHub/FreetimeOS/lfs/build-glibc/libc_pic.a(memcmp-avx2-movbe.os)
 .note.GNU-stack
                0x0000000000000000        0x0 /home/j/Dokumente/GitHub/FreetimeOS/lfs/build-glibc/libc_pic.a(memcmp-avx2-movbe-rtm.os)
 .note.GNU-stack
                0x0000000000000000        0x0 /home/j/Dokumente/GitHub/FreetimeOS/lfs/build-glibc/libc_pic.a(memcmp-evex-movbe.os)
 .note.GNU-stack
                0x0000000000000000        0x0 /home/j/Dokumente/GitHub/FreetimeOS/lfs/build-glibc/libc_pic.a(memcmp-sse2.os)
 .note.GNU-stack
                0x0000000000000000        0x0 /home/j/Dokumente/GitHub/FreetimeOS/lfs/build-glibc/libc_pic.a(memmove-avx-unaligned-erms.os)
 .note.GNU-stack
                0x0000000000000000        0x0 /home/j/Dokumente/GitHub/FreetimeOS/lfs/build-glibc/libc_pic.a(memmove-avx-unaligned-erms-rtm.os)
 .note.GNU-stack
                0x0000000000000000        0x0 /home/j/Dokumente/GitHub/FreetimeOS/lfs/build-glibc/libc_pic.a(memmove-avx512-no-vzeroupper.os)
 .note.GNU-stack
                0x0000000000000000        0x0 /home/j/Dokumente/GitHub/FreetimeOS/lfs/build-glibc/libc_pic.a(memmove-avx512-unaligned-erms.os)
 .note.GNU-stack
                0x0000000000000000        0x0 /home/j/Dokumente/GitHub/FreetimeOS/lfs/build-glibc/libc_pic.a(memmove-erms.os)
 .note.GNU-stack
                0x0000000000000000        0x0 /home/j/Dokumente/GitHub/FreetimeOS/lfs/build-glibc/libc_pic.a(memmove-evex-unaligned-erms.os)
 .note.GNU-stack
                0x0000000000000000        0x0 /home/j/Dokumente/GitHub/FreetimeOS/lfs/build-glibc/libc_pic.a(memmove-sse2-unaligned-erms.os)
 .note.GNU-stack
                0x0000000000000000        0x0 /home/j/Dokumente/GitHub/FreetimeOS/lfs/build-glibc/libc_pic.a(memmove-ssse3.os)
 .note.GNU-stack
                0x0000000000000000        0x0 /home/j/Dokumente/GitHub/FreetimeOS/lfs/build-glibc/libc_pic.a(memset-avx2-unaligned-erms.os)
 .note.GNU-stack
                0x0000000000000000        0x0 /home/j/Dokumente/GitHub/FreetimeOS/lfs/build-glibc/libc_pic.a(memset-avx2-unaligned-erms-rtm.os)
 .note.GNU-stack
                0x0000000000000000        0x0 /home/j/Dokumente/GitHub/FreetimeOS/lfs/build-glibc/libc_pic.a(memset-avx512-no-vzeroupper.os)
 .note.GNU-stack
                0x0000000000000000        0x0 /home/j/Dokumente/GitHub/FreetimeOS/lfs/build-glibc/libc_pic.a(memset-avx512-unaligned-erms.os)
 .note.GNU-stack
                0x0000000000000000        0x0 /home/j/Dokumente/GitHub/FreetimeOS/lfs/build-glibc/libc_pic.a(memset-erms.os)
 .note.GNU-stack
                0x0000000000000000        0x0 /home/j/Dokumente/GitHub/FreetimeOS/lfs/build-glibc/libc_pic.a(memset-evex-unaligned-erms.os)
 .note.GNU-stack
                0x0000000000000000        0x0 /home/j/Dokumente/GitHub/FreetimeOS/lfs/build-glibc/libc_pic.a(memset-sse2-unaligned-erms.os)
 .note.GNU-stack
                0x0000000000000000        0x0 /home/j/Dokumente/GitHub/FreetimeOS/lfs/build-glibc/libc_pic.a(stpcpy-avx2.os)
 .note.GNU-stack
                0x0000000000000000        0x0 /home/j/Dokumente/GitHub/FreetimeOS/lfs/build-glibc/libc_pic.a(stpcpy-avx2-rtm.os)
 .note.GNU-stack
                0x0000000000000000        0x0 /home/j/Dokumente/GitHub/FreetimeOS/lfs/build-glibc/libc_pic.a(stpcpy-evex.os)
 .note.GNU-stack
                0x0000000000000000        0x0 /home/j/Dokumente/GitHub/FreetimeOS/lfs/build-glibc/libc_pic.a(stpcpy-sse2.os)
 .note.GNU-stack
                0x0000000000000000        0x0 /home/j/Dokumente/GitHub/FreetimeOS/lfs/build-glibc/libc_pic.a(stpcpy-sse2-unaligned.os)
 .note.GNU-stack
                0x0000000000000000        0x0 /home/j/Dokumente/GitHub/FreetimeOS/lfs/build-glibc/libc_pic.a(strchr-avx2.os)
 .note.GNU-stack
                0x0000000000000000        0x0 /home/j/Dokumente/GitHub/FreetimeOS/lfs/build-glibc/libc_pic.a(strchr-avx2-rtm.os)
 .note.GNU-stack
                0x0000000000000000        0x0 /home/j/Dokumente/GitHub/FreetimeOS/lfs/build-glibc/libc_pic.a(strchr-evex.os)
 .note.GNU-stack
                0x0000000000000000        0x0 /home/j/Dokumente/GitHub/FreetimeOS/lfs/build-glibc/libc_pic.a(strchr-sse2.os)
 .note.GNU-stack
                0x0000000000000000        0x0 /home/j/Dokumente/GitHub/FreetimeOS/lfs/build-glibc/libc_pic.a(strchr-sse2-no-bsf.os)
 .note.GNU-stack
                0x0000000000000000        0x0 /home/j/Dokumente/GitHub/FreetimeOS/lfs/build-glibc/libc_pic.a(strcmp-avx2.os)
 .note.GNU-stack
                0x0000000000000000        0x0 /home/j/Dokumente/GitHub/FreetimeOS/lfs/build-glibc/libc_pic.a(strcmp-avx2-rtm.os)
 .note.GNU-stack
                0x0000000000000000        0x0 /home/j/Dokumente/GitHub/FreetimeOS/lfs/build-glibc/libc_pic.a(strcmp-evex.os)
 .note.GNU-stack
                0x0000000000000000        0x0 /home/j/Dokumente/GitHub/FreetimeOS/lfs/build-glibc/libc_pic.a(strcmp-sse2.os)
 .note.GNU-stack
                0x0000000000000000        0x0 /home/j/Dokumente/GitHub/FreetimeOS/lfs/build-glibc/libc_pic.a(strcmp-sse2-unaligned.os)
 .note.GNU-stack
                0x0000000000000000        0x0 /home/j/Dokumente/GitHub/FreetimeOS/lfs/build-glibc/libc_pic.a(strcmp-sse4_2.os)
 .note.GNU-stack
                0x0000000000000000        0x0 /home/j/Dokumente/GitHub/FreetimeOS/lfs/build-glibc/libc_pic.a(strcspn-sse4.os)
 .note.GNU-stack
                0x0000000000000000        0x0 /home/j/Dokumente/GitHub/FreetimeOS/lfs/build-glibc/libc_pic.a(strlen-avx2.os)
 .note.GNU-stack
                0x0000000000000000        0x0 /home/j/Dokumente/GitHub/FreetimeOS/lfs/build-glibc/libc_pic.a(strlen-avx2-rtm.os)
 .note.GNU-stack
                0x0000000000000000        0x0 /home/j/Dokumente/GitHub/FreetimeOS/lfs/build-glibc/libc_pic.a(strlen-evex.os)
 .note.GNU-stack
                0x0000000000000000        0x0 /home/j/Dokumente/GitHub/FreetimeOS/lfs/build-glibc/libc_pic.a(strlen-sse2.os)
 .note.GNU-stack
                0x0000000000000000        0x0 /home/j/Dokumente/GitHub/FreetimeOS/lfs/build-glibc/libc_pic.a(strncmp-avx2.os)
 .note.GNU-stack
                0x0000000000000000        0x0 /home/j/Dokumente/GitHub/FreetimeOS/lfs/build-glibc/libc_pic.a(strncmp-avx2-rtm.os)
 .note.GNU-stack
                0x0000000000000000        0x0 /home/j/Dokumente/GitHub/FreetimeOS/lfs/build-glibc/libc_pic.a(strncmp-evex.os)
 .note.GNU-stack
                0x0000000000000000        0x0 /home/j/Dokumente/GitHub/FreetimeOS/lfs/build-glibc/libc_pic.a(strncmp-sse2.os)
 .note.GNU-stack
                0x0000000000000000        0x0 /home/j/Dokumente/GitHub/FreetimeOS/lfs/build-glibc/libc_pic.a(strncmp-sse4_2.os)
 .note.GNU-stack
                0x0000000000000000        0x0 /home/j/Dokumente/GitHub/FreetimeOS/lfs/build-glibc/libc_pic.a(strnlen-avx2.os)
 .note.GNU-stack
                0x0000000000000000        0x0 /home/j/Dokumente/GitHub/FreetimeOS/lfs/build-glibc/libc_pic.a(strnlen-avx2-rtm.os)
 .note.GNU-stack
                0x0000000000000000        0x0 /home/j/Dokumente/GitHub/FreetimeOS/lfs/build-glibc/libc_pic.a(strnlen-evex.os)
 .note.GNU-stack
                0x0000000000000000        0x0 /home/j/Dokumente/GitHub/FreetimeOS/lfs/build-glibc/libc_pic.a(strnlen-sse2.os)
 .note.GNU-stack
                0x0000000000000000        0x0 /home/j/Dokumente/GitHub/FreetimeOS/lfs/build-glibc/libc_pic.a(varshift.os)
 .note.GNU-stack
                0x0000000000000000        0x0 /home/j/Dokumente/GitHub/FreetimeOS/lfs/build-glibc/libc_pic.a(strcspn-generic.os)
 .note.GNU-stack
                0x0000000000000000        0x0 /home/j/Dokumente/GitHub/FreetimeOS/lfs/build-glibc/libc_pic.a(cacheinfo.os)
 .note.GNU-stack
                0x0000000000000000        0x0 /home/j/Dokumente/GitHub/FreetimeOS/lfs/build-glibc/libc_pic.a(closedir.os)
 .note.GNU-stack
                0x0000000000000000        0x0 /home/j/Dokumente/GitHub/FreetimeOS/lfs/build-glibc/libc_pic.a(rewinddir.os)
 .note.GNU-stack
                0x0000000000000000        0x0 /home/j/Dokumente/GitHub/FreetimeOS/lfs/build-glibc/libc_pic.a(readdir64.os)
 .note.GNU-stack
                0x0000000000000000        0x0 /home/j/Dokumente/GitHub/FreetimeOS/lfs/build-glibc/libc_pic.a(fdopendir.os)
 .note.GNU-stack
                0x0000000000000000        0x0 /home/j/Dokumente/GitHub/FreetimeOS/lfs/build-glibc/libc_pic.a(_exit.os)
 .note.GNU-stack
                0x0000000000000000        0x0 /home/j/Dokumente/GitHub/FreetimeOS/lfs/build-glibc/libc_pic.a(getpid.os)
 .note.GNU-stack
                0x0000000000000000        0x0 /home/j/Dokumente/GitHub/FreetimeOS/lfs/build-glibc/libc_pic.a(uname.os)
 .note.GNU-stack
                0x0000000000000000        0x0 /home/j/Dokumente/GitHub/FreetimeOS/lfs/build-glibc/libc_pic.a(environ.os)
 .note.GNU-stack
                0x0000000000000000        0x0 /home/j/Dokumente/GitHub/FreetimeOS/lfs/build-glibc/libc_pic.a(access.os)
 .note.GNU-stack
                0x0000000000000000        0x0 /home/j/Dokumente/GitHub/FreetimeOS/lfs/build-glibc/libc_pic.a(fstat64.os)
 .note.GNU-stack
                0x0000000000000000        0x0 /home/j/Dokumente/GitHub/FreetimeOS/lfs/build-glibc/libc_pic.a(fstatat64.os)
 .note.GNU-stack
                0x0000000000000000        0x0 /home/j/Dokumente/GitHub/FreetimeOS/lfs/build-glibc/libc_pic.a(lseek64.os)
 .note.GNU-stack
                0x0000000000000000        0x0 /home/j/Dokumente/GitHub/FreetimeOS/lfs/build-glibc/libc_pic.a(lstat64.os)
 .note.GNU-stack
                0x0000000000000000        0x0 /home/j/Dokumente/GitHub/FreetimeOS/lfs/build-glibc/libc_pic.a(openat64.os)
 .note.GNU-stack
                0x0000000000000000        0x0 /home/j/Dokumente/GitHub/FreetimeOS/lfs/build-glibc/libc_pic.a(stat64.os)
 .note.GNU-stack
                0x0000000000000000        0x0 /home/j/Dokumente/GitHub/FreetimeOS/lfs/build-glibc/libc_pic.a(close_nocancel.os)
 .note.GNU-stack
                0x0000000000000000        0x0 /home/j/Dokumente/GitHub/FreetimeOS/lfs/build-glibc/libc_pic.a(fcntl_nocancel.os)
 .note.GNU-stack
                0x0000000000000000        0x0 /home/j/Dokumente/GitHub/FreetimeOS/lfs/build-glibc/libc_pic.a(open64_nocancel.os)
 .note.GNU-stack
                0x0000000000000000        0x0 /home/j/Dokumente/GitHub/FreetimeOS/lfs/build-glibc/libc_pic.a(pread64_nocancel.os)
 .note.GNU-stack
                0x0000000000000000        0x0 /home/j/Dokumente/GitHub/FreetimeOS/lfs/build-glibc/libc_pic.a(read_nocancel.os)
 .note.GNU-stack
                0x0000000000000000        0x0 /home/j/Dokumente/GitHub/FreetimeOS/lfs/build-glibc/libc_pic.a(write_nocancel.os)
 .note.GNU-stack
                0x0000000000000000        0x0 /home/j/Dokumente/GitHub/FreetimeOS/lfs/build-glibc/libc_pic.a(mmap64.os)
 .note.GNU-stack
                0x0000000000000000        0x0 /home/j/Dokumente/GitHub/FreetimeOS/lfs/build-glibc/libc_pic.a(mprotect.os)
 .note.GNU-stack
                0x0000000000000000        0x0 /home/j/Dokumente/GitHub/FreetimeOS/lfs/build-glibc/libc_pic.a(munmap.os)
 .note.GNU-stack
                0x0000000000000000        0x0 /home/j/Dokumente/GitHub/FreetimeOS/lfs/build-glibc/libc_pic.a(single_threaded.os)
 .note.GNU-stack
                0x0000000000000000        0x0 /home/j/Dokumente/GitHub/FreetimeOS/lfs/build-glibc/libc_pic.a(setvmaname.os)
 .note.GNU-stack
                0x0000000000000000        0x0 /home/j/Dokumente/GitHub/FreetimeOS/lfs/build-glibc/libc_pic.a(profil.os)
 .note.GNU-stack
                0x0000000000000000        0x0 /home/j/Dokumente/GitHub/FreetimeOS/lfs/build-glibc/libc_pic.a(prof-freq.os)
 .note.GNU-stack
                0x0000000000000000        0x0 /home/j/Dokumente/GitHub/FreetimeOS/lfs/build-glibc/libc_pic.a(dl-addr-obj.os)
 .note.GNU-stack
                0x0000000000000000        0x0 /home/j/Dokumente/GitHub/FreetimeOS/lfs/build-glibc/libc_pic.a(sigaction.os)
 .note.GNU-stack
                0x0000000000000000        0x0 /home/j/Dokumente/GitHub/FreetimeOS/lfs/build-glibc/libc_pic.a(libc_sigaction.os)
 .note.GNU-stack
                0x0000000000000000        0x0 /home/j/Dokumente/GitHub/FreetimeOS/lfs/build-glibc/libc_pic.a(errname.os)
 .note.GNU-stack
                0x0000000000000000        0x0 /home/j/Dokumente/GitHub/FreetimeOS/lfs/build-glibc/libc_pic.a(strchrnul.os)
 .note.GNU-stack
                0x0000000000000000        0x0 /home/j/Dokumente/GitHub/FreetimeOS/lfs/build-glibc/libc_pic.a(strchrnul-avx2.os)
 .note.GNU-stack
                0x0000000000000000        0x0 /home/j/Dokumente/GitHub/FreetimeOS/lfs/build-glibc/libc_pic.a(strchrnul-avx2-rtm.os)
 .note.GNU-stack
                0x0000000000000000        0x0 /home/j/Dokumente/GitHub/FreetimeOS/lfs/build-glibc/libc_pic.a(strchrnul-evex.os)
 .note.GNU-stack
                0x0000000000000000        0x0 /home/j/Dokumente/GitHub/FreetimeOS/lfs/build-glibc/libc_pic.a(strchrnul-sse2.os)
 .note.GNU-stack
                0x0000000000000000        0x0 /home/j/Dokumente/GitHub/FreetimeOS/lfs/build-glibc/libc_pic.a(setitimer.os)
 .note.GNU-stack
                0x0000000000000000        0x0 /home/j/Dokumente/GitHub/FreetimeOS/lfs/build-glibc/libc_pic.a(getdents64.os)

.gnu.build.attributes
 *(.gnu.build.attributes)

.debug
 *(.debug)

.line
 *(.line)

.debug_srcinfo
 *(.debug_srcinfo)

.debug_sfnames
 *(.debug_sfnames)

.debug_aranges  0x0000000000000000      0x110
 *(.debug_aranges)
 .debug_aranges
                0x0000000000000000       0x30 /home/j/Dokumente/GitHub/FreetimeOS/lfs/build-glibc/libc_pic.a(check_fds.os)
 .debug_aranges
                0x0000000000000030       0x20 /home/j/Dokumente/GitHub/FreetimeOS/lfs/build-glibc/libc_pic.a(errno.os)
 .debug_aranges
                0x0000000000000050       0x30 /home/j/Dokumente/GitHub/FreetimeOS/lfs/build-glibc/libc_pic.a(setjmp.os)
 .debug_aranges
                0x0000000000000080       0x30 /home/j/Dokumente/GitHub/FreetimeOS/lfs/build-glibc/libc_pic.a(__longjmp.os)
 .debug_aranges
                0x00000000000000b0       0x30 /home/j/Dokumente/GitHub/FreetimeOS/lfs/build-glibc/libc_pic.a(sigaction.os)
 .debug_aranges
                0x00000000000000e0       0x30 /home/j/Dokumente/GitHub/FreetimeOS/lfs/build-glibc/libc_pic.a(libc_sigaction.os)

.debug_pubnames
 *(.debug_pubnames)

.debug_info     0x0000000000000000     0x12ba
 *(.debug_info)
 .debug_info    0x0000000000000000      0x4c7 /home/j/Dokumente/GitHub/FreetimeOS/lfs/build-glibc/libc_pic.a(check_fds.os)
 .debug_info    0x00000000000004c7       0xa4 /home/j/Dokumente/GitHub/FreetimeOS/lfs/build-glibc/libc_pic.a(errno.os)
 .debug_info    0x000000000000056b       0x48 /home/j/Dokumente/GitHub/FreetimeOS/lfs/build-glibc/libc_pic.a(setjmp.os)
 .debug_info    0x00000000000005b3       0x3b /home/j/Dokumente/GitHub/FreetimeOS/lfs/build-glibc/libc_pic.a(__longjmp.os)
 .debug_info    0x00000000000005ee      0x62b /home/j/Dokumente/GitHub/FreetimeOS/lfs/build-glibc/libc_pic.a(sigaction.os)
 .debug_info    0x0000000000000c19      0x6a1 /home/j/Dokumente/GitHub/FreetimeOS/lfs/build-glibc/libc_pic.a(libc_sigaction.os)

.debug_abbrev   0x0000000000000000      0x65f
 *(.debug_abbrev)
 .debug_abbrev  0x0000000000000000      0x1bb /home/j/Dokumente/GitHub/FreetimeOS/lfs/build-glibc/libc_pic.a(check_fds.os)
 .debug_abbrev  0x00000000000001bb       0x57 /home/j/Dokumente/GitHub/FreetimeOS/lfs/build-glibc/libc_pic.a(errno.os)
 .debug_abbrev  0x0000000000000212       0x28 /home/j/Dokumente/GitHub/FreetimeOS/lfs/build-glibc/libc_pic.a(setjmp.os)
 .debug_abbrev  0x000000000000023a       0x28 /home/j/Dokumente/GitHub/FreetimeOS/lfs/build-glibc/libc_pic.a(__longjmp.os)
 .debug_abbrev  0x0000000000000262      0x1cb /home/j/Dokumente/GitHub/FreetimeOS/lfs/build-glibc/libc_pic.a(sigaction.os)
 .debug_abbrev  0x000000000000042d      0x232 /home/j/Dokumente/GitHub/FreetimeOS/lfs/build-glibc/libc_pic.a(libc_sigaction.os)

.debug_line     0x0000000000000000      0x5c1
 *(.debug_line)
 .debug_line    0x0000000000000000      0x134 /home/j/Dokumente/GitHub/FreetimeOS/lfs/build-glibc/libc_pic.a(check_fds.os)
 .debug_line    0x0000000000000134       0x3f /home/j/Dokumente/GitHub/FreetimeOS/lfs/build-glibc/libc_pic.a(errno.os)
 .debug_line    0x0000000000000173       0x64 /home/j/Dokumente/GitHub/FreetimeOS/lfs/build-glibc/libc_pic.a(setjmp.os)
 .debug_line    0x00000000000001d7       0x7d /home/j/Dokumente/GitHub/FreetimeOS/lfs/build-glibc/libc_pic.a(__longjmp.os)
 .debug_line    0x0000000000000254       0xd6 /home/j/Dokumente/GitHub/FreetimeOS/lfs/build-glibc/libc_pic.a(sigaction.os)
 .debug_line    0x000000000000032a      0x297 /home/j/Dokumente/GitHub/FreetimeOS/lfs/build-glibc/libc_pic.a(libc_sigaction.os)

.debug_frame
 *(.debug_frame)

.debug_str      0x0000000000000000      0xea7
 *(.debug_str)
 .debug_str     0x0000000000000000      0x394 /home/j/Dokumente/GitHub/FreetimeOS/lfs/build-glibc/libc_pic.a(check_fds.os)
 .debug_str     0x0000000000000394      0x1b9 /home/j/Dokumente/GitHub/FreetimeOS/lfs/build-glibc/libc_pic.a(errno.os)
 .debug_str     0x000000000000054d       0x7e /home/j/Dokumente/GitHub/FreetimeOS/lfs/build-glibc/libc_pic.a(setjmp.os)
 .debug_str     0x00000000000005cb       0x6e /home/j/Dokumente/GitHub/FreetimeOS/lfs/build-glibc/libc_pic.a(__longjmp.os)
 .debug_str     0x0000000000000639      0x413 /home/j/Dokumente/GitHub/FreetimeOS/lfs/build-glibc/libc_pic.a(sigaction.os)
 .debug_str     0x0000000000000a4c      0x45b /home/j/Dokumente/GitHub/FreetimeOS/lfs/build-glibc/libc_pic.a(libc_sigaction.os)

.debug_loc
 *(.debug_loc)

.debug_macinfo
 *(.debug_macinfo)

.debug_weaknames
 *(.debug_weaknames)

.debug_funcnames
 *(.debug_funcnames)

.debug_typenames
 *(.debug_typenames)

.debug_varnames
 *(.debug_varnames)

.debug_pubtypes
 *(.debug_pubtypes)

.debug_ranges
 *(.debug_ranges)

.debug_addr
 *(.debug_addr)

.debug_line_str
                0x0000000000000000      0x6ba
 *(.debug_line_str)
 .debug_line_str
                0x0000000000000000      0x16d /home/j/Dokumente/GitHub/FreetimeOS/lfs/build-glibc/libc_pic.a(check_fds.os)
 .debug_line_str
                0x000000000000016d       0x99 /home/j/Dokumente/GitHub/FreetimeOS/lfs/build-glibc/libc_pic.a(errno.os)
 .debug_line_str
                0x0000000000000206       0x55 /home/j/Dokumente/GitHub/FreetimeOS/lfs/build-glibc/libc_pic.a(setjmp.os)
 .debug_line_str
                0x000000000000025b       0x58 /home/j/Dokumente/GitHub/FreetimeOS/lfs/build-glibc/libc_pic.a(__longjmp.os)
 .debug_line_str
                0x00000000000002b3      0x1b5 /home/j/Dokumente/GitHub/FreetimeOS/lfs/build-glibc/libc_pic.a(sigaction.os)
 .debug_line_str
                0x0000000000000468      0x252 /home/j/Dokumente/GitHub/FreetimeOS/lfs/build-glibc/libc_pic.a(libc_sigaction.os)

.debug_loclists
                0x0000000000000000      0x21c
 *(.debug_loclists)
 .debug_loclists
                0x0000000000000000       0xa2 /home/j/Dokumente/GitHub/FreetimeOS/lfs/build-glibc/libc_pic.a(check_fds.os)
 .debug_loclists
                0x00000000000000a2       0x5f /home/j/Dokumente/GitHub/FreetimeOS/lfs/build-glibc/libc_pic.a(sigaction.os)
 .debug_loclists
                0x0000000000000101      0x11b /home/j/Dokumente/GitHub/FreetimeOS/lfs/build-glibc/libc_pic.a(libc_sigaction.os)

.debug_macro
 *(.debug_macro)

.debug_names
 *(.debug_names)

.debug_rnglists
                0x0000000000000000       0x73
 *(.debug_rnglists)
 .debug_rnglists
                0x0000000000000000       0x73 /home/j/Dokumente/GitHub/FreetimeOS/lfs/build-glibc/libc_pic.a(libc_sigaction.os)

.debug_str_offsets
 *(.debug_str_offsets)

.debug_sup
 *(.debug_sup)

.gnu.attributes
 *(.gnu.attributes)
OUTPUT(/home/j/Dokumente/GitHub/FreetimeOS/lfs/build-glibc/elf/librtld.map.o elf64-x86-64)
